Archive member included because of file (symbol)

C:\Program Files (x86)\VEX Robotics\VEXcode Pro V5\sdk/vexv5\libv5rt.a(v5_startup.c.obj)
                              (vexStartup)
C:\Program Files (x86)\VEX Robotics\VEXcode Pro V5\sdk/vexv5\libv5rt.a(v5_util.c.obj)
                              C:\Program Files (x86)\VEX Robotics\VEXcode Pro V5\sdk/vexv5\libv5rt.a(v5_startup.c.obj) (vexStdlibVersionLinked)
C:\Program Files (x86)\VEX Robotics\VEXcode Pro V5\sdk/vexv5\libv5rt.a(v5_apijump.c.obj)
                              C:\Program Files (x86)\VEX Robotics\VEXcode Pro V5\sdk/vexv5\libv5rt.a(v5_startup.c.obj) (vexPrivateApiEnable)
C:\Program Files (x86)\VEX Robotics\VEXcode Pro V5\sdk/vexv5\libv5rt.a(v5_apiversions.c.obj)
                              C:\Program Files (x86)\VEX Robotics\VEXcode Pro V5\sdk/vexv5\libv5rt.a(v5_apijump.c.obj) (vexSystemVersion)
C:\Program Files (x86)\VEX Robotics\VEXcode Pro V5\sdk/vexv5\libv5rt.a(vex_global.cpp.obj)
                              build/src/main.o (vex::wait(double, vex::timeUnits))
C:\Program Files (x86)\VEX Robotics\VEXcode Pro V5\sdk/vexv5\libv5rt.a(vex_motor.cpp.obj)
                              build/src/robot-config.o (vex::motor::~motor())
C:\Program Files (x86)\VEX Robotics\VEXcode Pro V5\sdk/vexv5\libv5rt.a(vex_imu.cpp.obj)
                              build/src/main.o (vex::inertial::setRotation(double, vex::rotationUnits))
C:\Program Files (x86)\VEX Robotics\VEXcode Pro V5\sdk/vexv5\libv5rt.a(vex_rotation.cpp.obj)
                              build/src/robot-config.o (vex::rotation::~rotation())
C:\Program Files (x86)\VEX Robotics\VEXcode Pro V5\sdk/vexv5\libv5rt.a(vex_distance.cpp.obj)
                              build/src/robot-config.o (vex::distance::~distance())
C:\Program Files (x86)\VEX Robotics\VEXcode Pro V5\sdk/vexv5\libv5rt.a(vex_controller.cpp.obj)
                              build/src/robot-config.o (vex::controller::~controller())
C:\Program Files (x86)\VEX Robotics\VEXcode Pro V5\sdk/vexv5\libv5rt.a(vex_task.cpp.obj)
                              build/src/main.o (vex::task::sleep(unsigned long))
C:\Program Files (x86)\VEX Robotics\VEXcode Pro V5\sdk/vexv5\libv5rt.a(vex_thread.cpp.obj)
                              C:\Program Files (x86)\VEX Robotics\VEXcode Pro V5\sdk/vexv5\libv5rt.a(vex_global.cpp.obj) (vex::this_thread::sleep_for(unsigned long))
C:\Program Files (x86)\VEX Robotics\VEXcode Pro V5\sdk/vexv5\libv5rt.a(vex_event.cpp.obj)
                              C:\Program Files (x86)\VEX Robotics\VEXcode Pro V5\sdk/vexv5\libv5rt.a(vex_imu.cpp.obj) (vex::event::init(unsigned long, unsigned long, void (*)()))
C:\Program Files (x86)\VEX Robotics\VEXcode Pro V5\sdk/vexv5\libv5rt.a(vex_mevent.cpp.obj)
                              C:\Program Files (x86)\VEX Robotics\VEXcode Pro V5\sdk/vexv5\libv5rt.a(vex_controller.cpp.obj) (vex::mevent::mevent(unsigned long, unsigned long))
C:\Program Files (x86)\VEX Robotics\VEXcode Pro V5\sdk/vexv5\libv5rt.a(vex_brain.cpp.obj)
                              build/src/robot-config.o (vex::brain::brain())
C:\Program Files (x86)\VEX Robotics\VEXcode Pro V5\sdk/vexv5\libv5rt.a(vex_competition.cpp.obj)
                              build/src/main.o (vex::competition::competition())
C:\Program Files (x86)\VEX Robotics\VEXcode Pro V5\sdk/vexv5\libv5rt.a(vex_triport.cpp.obj)
                              C:\Program Files (x86)\VEX Robotics\VEXcode Pro V5\sdk/vexv5\libv5rt.a(vex_brain.cpp.obj) (vex::triport::~triport())
C:\Program Files (x86)\VEX Robotics\VEXcode Pro V5\sdk/vexv5\libv5rt.a(vex_color.cpp.obj)
                              C:\Program Files (x86)\VEX Robotics\VEXcode Pro V5\sdk/vexv5\libv5rt.a(vex_brain.cpp.obj) (vex::color::operator unsigned long() const)
C:\Program Files (x86)\VEX Robotics\VEXcode Pro V5\sdk/vexv5\libv5rt.a(vex_timer.cpp.obj)
                              build/src/main.o (vex::timer::~timer())
C:\Program Files (x86)\VEX Robotics\VEXcode Pro V5\sdk/vexv5\libv5rt.a(vex_motorgroup.cpp.obj)
                              build/src/robot-config.o (vex::motor_group::motor_group())
C:\Program Files (x86)\VEX Robotics\VEXcode Pro V5\sdk/vexv5\libv5rt.a(v5_apiuser.c.obj)
                              C:\Program Files (x86)\VEX Robotics\VEXcode Pro V5\sdk/vexv5\libv5rt.a(vex_triport.cpp.obj) (vexAdiPortConfigSet)
C:\Program Files (x86)\VEX Robotics\VEXcode Pro V5\sdk/vexv5\libv5rt.a(vex_device.cpp.obj)
                              C:\Program Files (x86)\VEX Robotics\VEXcode Pro V5\sdk/vexv5\libv5rt.a(vex_motor.cpp.obj) (vex::device::~device())
C:\Program Files (x86)\VEX Robotics\VEXcode Pro V5\sdk/vexv5/gcc/libs\libstdc++.a(sstream-inst.o)
                              build/src/paths.o (VTT for std::basic_istringstream<char, std::char_traits<char>, std::allocator<char> >)
C:\Program Files (x86)\VEX Robotics\VEXcode Pro V5\sdk/vexv5/gcc/libs\libstdc++.a(streambuf-inst.o)
[...]
Memory Configuration

Name             Origin             Length             Attributes
ps7_ddr_0_S_AXI_BASEADDR 0x03800000         0x04800000
*default*        0x00000000         0xffffffff

Linker script and memory map

                0x00002000                _STACK_SIZE = DEFINED (_STACK_SIZE)?_STACK_SIZE:0x2000
                0x00100000                _HEAP_SIZE = DEFINED (_HEAP_SIZE)?_HEAP_SIZE:0x100000
                0x00000400                _ABORT_STACK_SIZE = DEFINED (_ABORT_STACK_SIZE)?_ABORT_STACK_SIZE:0x400
                0x00000800                _SUPERVISOR_STACK_SIZE = DEFINED (_SUPERVISOR_STACK_SIZE)?_SUPERVISOR_STACK_SIZE:0x800
                0x00000400                _IRQ_STACK_SIZE = DEFINED (_IRQ_STACK_SIZE)?_IRQ_STACK_SIZE:0x400
                0x00000400                _FIQ_STACK_SIZE = DEFINED (_FIQ_STACK_SIZE)?_FIQ_STACK_SIZE:0x400
                0x00000400                _UNDEF_STACK_SIZE = DEFINED (_UNDEF_STACK_SIZE)?_UNDEF_STACK_SIZE:0x400

.text           0x03800000     0x5a40
 *(.vectors)
 *(.boot_data)
 .boot_data     0x03800000       0x20 C:\Program Files (x86)\VEX Robotics\VEXcode Pro V5\sdk/vexv5\libv5rt.a(v5_startup.c.obj)
                0x03800000                vexCodeSig
                0x00000020                . = 0x20
 *(.boot)
 .boot          0x03800020       0xbc C:\Program Files (x86)\VEX Robotics\VEXcode Pro V5\sdk/vexv5\libv5rt.a(v5_startup.c.obj)
                0x03800020                vexStartup
                0x03800100                . = ALIGN (0x40)
 *fill*         0x038000dc       0x24 
 *(.freertos_vectors)
 *(.text)
 *(.text.*)
 .text._Z10driveBrakeN3vex9brakeTypeE
                0x03800100       0x90 build/src/main.o
                0x03800100                driveBrake(vex::brakeType)
 .text._Z9pre_autonv
                0x03800190      0x1b0 build/src/main.o
                0x03800190                pre_auton()
 .text._Z10autonomousv
                0x03800340      0x2b0 build/src/main.o
                0x03800340                autonomous()
 .text._Z11usercontrolv
                0x038005f0      0x318 build/src/main.o
                0x038005f0                usercontrol()
 .text.main     0x03800908       0x68 build/src/main.o
                0x03800908                main
 .text._GLOBAL__sub_I_main.cpp
                0x03800970       0x80 build/src/main.o
 .text._Z7turnPIDv
                0x038009f0      0x3f0 build/src/pid.o
                0x038009f0                turnPID()
 .text._Z4distdN3vex9brakeTypeE
                0x03800de0      0x2d8 build/src/pid.o
                0x03800de0                dist(double, vex::brakeType)
 .text._Z7PIDTurndb
                0x038010b8       0x2c build/src/pid.o
                0x038010b8                PIDTurn(double, bool)
 .text._Z7PIDMoveddN3vex9brakeTypeE
                0x038010e4       0x30 build/src/pid.o
                0x038010e4                PIDMove(double, double, vex::brakeType)
 .text._GLOBAL__sub_I_pid.cpp
                0x03801114       0x5c build/src/pid.o
 .text._ZN3vex11motor_groupC2IJNS_5motorES2_S2_EEERS2_DpRT_
                0x03801170       0x50 build/src/robot-config.o
                0x03801170                vex::motor_group::motor_group<vex::motor, vex::motor, vex::motor>(vex::motor&, vex::motor&, vex::motor&, vex::motor&)
 .text._Z11vexcodeInitv
                0x038011c0        0x4 build/src/robot-config.o
                0x038011c0                vexcodeInit()
 .text._GLOBAL__sub_I_robot_config.cpp
                0x038011c4      0x44c build/src/robot-config.o
 .text._Z5pointdd
                0x03801610       0x38 build/src/pure-pursuit.o
                0x03801610                point(double, double)
 .text._Z5clampfff
                0x03801648       0x2c build/src/pure-pursuit.o
                0x03801648                clamp(float, float, float)
 *fill*         0x03801674        0x4 
 .text._Z9curv_funcRSt6vectorI9pathPointSaIS0_EE
                0x03801678      0x1a0 build/src/pure-pursuit.o
                0x03801678                curv_func(std::vector<pathPoint, std::allocator<pathPoint> >&)
 .text._Z10speed_funcRSt6vectorI9pathPointSaIS0_EEdd
                0x03801818      0x2a0 build/src/pure-pursuit.o
                0x03801818                speed_func(std::vector<pathPoint, std::allocator<pathPoint> >&, double, double)
 .text._ZNSt6vectorI9pathPointSaIS0_EE19_M_emplace_back_auxIJS0_EEEvDpOT_
                0x03801ab8       0xcc build/src/pure-pursuit.o
                0x03801ab8                void std::vector<pathPoint, std::allocator<pathPoint> >::_M_emplace_back_aux<pathPoint>(pathPoint&&)
 .text._ZNKSt6vectorI9pathPointSaIS0_EE12_M_check_lenEjPKc
                0x03801b84       0x64 build/src/pure-pursuit.o
                0x03801b84                std::vector<pathPoint, std::allocator<pathPoint> >::_M_check_len(unsigned int, char const*) const
 .text._ZNSt12_Vector_baseI9pathPointSaIS0_EE11_M_allocateEj
                0x03801be8       0x3c build/src/pure-pursuit.o
                0x03801be8                std::_Vector_base<pathPoint, std::allocator<pathPoint> >::_M_allocate(unsigned int)
 .text._GLOBAL__sub_I_pure_pursuit.cpp
                0x03801c24       0x54 build/src/pure-pursuit.o
 .text._Z15convert_to_pathSs
                0x03801c78      0x2ac build/src/paths.o
                0x03801c78                convert_to_path(std::string)
 .text._ZNSt6vectorIS_I9pathPointSaIS0_EESaIS2_EED2Ev
                0x03801f24       0x50 build/src/paths.o
                0x03801f24                std::vector<std::vector<pathPoint, std::allocator<pathPoint> >, std::allocator<std::vector<pathPoint, std::allocator<pathPoint> > > >::~vector()
 .text._ZNSt6vectorIdSaIdEED2Ev
                0x03801f74       0x24 build/src/paths.o
                0x03801f74                std::vector<double, std::allocator<double> >::~vector()
 .text._ZNSt6vectorIS_I9pathPointSaIS0_EESaIS2_EE12emplace_backIJS2_EEEvDpOT_
                0x03801f98       0x64 build/src/paths.o
                0x03801f98                void std::vector<std::vector<pathPoint, std::allocator<pathPoint> >, std::allocator<std::vector<pathPoint, std::allocator<pathPoint> > > >::emplace_back<std::vector<pathPoint, std::allocator<pathPoint> > >(std::vector<pathPoint, std::allocator<pathPoint> >&&)
 .text._ZNSt6vectorIS_I9pathPointSaIS0_EESaIS2_EE19_M_emplace_back_auxIJS2_EEEvDpOT_
                0x03801ffc       0xe8 build/src/paths.o
                0x03801ffc                void std::vector<std::vector<pathPoint, std::allocator<pathPoint> >, std::allocator<std::vector<pathPoint, std::allocator<pathPoint> > > >::_M_emplace_back_aux<std::vector<pathPoint, std::allocator<pathPoint> > >(std::vector<pathPoint, std::allocator<pathPoint> >&&)
 .text._ZNKSt6vectorIS_I9pathPointSaIS0_EESaIS2_EE12_M_check_lenEjPKc
                0x038020e4       0x64 build/src/paths.o
                0x038020e4                std::vector<std::vector<pathPoint, std::allocator<pathPoint> >, std::allocator<std::vector<pathPoint, std::allocator<pathPoint> > > >::_M_check_len(unsigned int, char const*) const
 .text._ZNSt12_Vector_baseISt6vectorI9pathPointSaIS1_EESaIS3_EE11_M_allocateEj
                0x03802148       0x3c build/src/paths.o
                0x03802148                std::_Vector_base<std::vector<pathPoint, std::allocator<pathPoint> >, std::allocator<std::vector<pathPoint, std::allocator<pathPoint> > > >::_M_allocate(unsigned int)
 .text._ZNSt20__uninitialized_copyILb0EE13__uninit_copyISt13move_iteratorIPSt6vectorI9pathPointSaIS4_EEES7_EET0_T_SA_S9_
                0x03802184       0x84 build/src/paths.o
                0x03802184                std::vector<pathPoint, std::allocator<pathPoint> >* std::__uninitialized_copy<false>::__uninit_copy<std::move_iterator<std::vector<pathPoint, std::allocator<pathPoint> >*>, std::vector<pathPoint, std::allocator<pathPoint> >*>(std::move_iterator<std::vector<pathPoint, std::allocator<pathPoint> >*>, std::move_iterator<std::vector<pathPoint, std::allocator<pathPoint> >*>, std::vector<pathPoint, std::allocator<pathPoint> >*)
 .text._GLOBAL__sub_I_paths.cpp
                0x03802208      0x10c build/src/paths.o
 *fill*         0x03802314        0x4 
 .text._Z20curvatureSingleDrivedd
                0x03802318      0x248 build/src/drive-controller.o
                0x03802318                curvatureSingleDrive(double, double)
 .text._GLOBAL__sub_I_drive_controller.cpp
                0x03802560       0x34 build/src/drive-controller.o
 .text._GLOBAL__sub_I_auton_selector.cpp
                0x03802594       0x34 build/src/auton-selector.o
 .text.vexMain  0x038025c8       0xb0 C:\Program Files (x86)\VEX Robotics\VEXcode Pro V5\sdk/vexv5\libv5rt.a(v5_startup.c.obj)
                0x038025c8                vexMain
 .text.__vex_function_prolog
                0x03802678       0x18 C:\Program Files (x86)\VEX Robotics\VEXcode Pro V5\sdk/vexv5\libv5rt.a(v5_startup.c.obj)
                0x03802678                __vex_function_prolog
 .text._init    0x03802690        0x4 C:\Program Files (x86)\VEX Robotics\VEXcode Pro V5\sdk/vexv5\libv5rt.a(v5_startup.c.obj)
                0x03802690                _init
 .text._fini    0x03802694        0x4 C:\Program Files (x86)\VEX Robotics\VEXcode Pro V5\sdk/vexv5\libv5rt.a(v5_startup.c.obj)
                0x03802694                _fini
 .text.vexStdlibVersionLinked
                0x03802698        0xc C:\Program Files (x86)\VEX Robotics\VEXcode Pro V5\sdk/vexv5\libv5rt.a(v5_util.c.obj)
                0x03802698                vexStdlibVersionLinked
 .text.vexStdlibVersionVerify
                0x038026a4       0x30 C:\Program Files (x86)\VEX Robotics\VEXcode Pro V5\sdk/vexv5\libv5rt.a(v5_util.c.obj)
                0x038026a4                vexStdlibVersionVerify
 .text.vexPrivateApiEnable
                0x038026d4       0x10 C:\Program Files (x86)\VEX Robotics\VEXcode Pro V5\sdk/vexv5\libv5rt.a(v5_apijump.c.obj)
                0x038026d4                vexPrivateApiEnable
 .text.vexStdlibMismatchError
                0x038026e4       0x3c C:\Program Files (x86)\VEX Robotics\VEXcode Pro V5\sdk/vexv5\libv5rt.a(v5_apijump.c.obj)
                0x038026e4                vexStdlibMismatchError
 .text.vexTaskAdd
                0x03802720       0x10 C:\Program Files (x86)\VEX Robotics\VEXcode Pro V5\sdk/vexv5\libv5rt.a(v5_apijump.c.obj)
                0x03802720                vexTaskAdd
 .text.vexTasksRun
                0x03802730       0x10 C:\Program Files (x86)\VEX Robotics\VEXcode Pro V5\sdk/vexv5\libv5rt.a(v5_apijump.c.obj)
                0x03802730                vexTasksRun
 .text.vexTaskYield
                0x03802740       0x10 C:\Program Files (x86)\VEX Robotics\VEXcode Pro V5\sdk/vexv5\libv5rt.a(v5_apijump.c.obj)
                0x03802740                vexTaskYield
 .text.vexTaskCheckTimeslice
                0x03802750       0x10 C:\Program Files (x86)\VEX Robotics\VEXcode Pro V5\sdk/vexv5\libv5rt.a(v5_apijump.c.obj)
                0x03802750                vexTaskCheckTimeslice
 .text.vexTaskSleep
                0x03802760       0x10 C:\Program Files (x86)\VEX Robotics\VEXcode Pro V5\sdk/vexv5\libv5rt.a(v5_apijump.c.obj)
                0x03802760                vexTaskSleep
 .text.vexTasksDump
                0x03802770       0x1c C:\Program Files (x86)\VEX Robotics\VEXcode Pro V5\sdk/vexv5\libv5rt.a(v5_apijump.c.obj)
                0x03802770                vexTasksDump
 .text.vexTaskGetTaskIndex
                0x0380278c       0x10 C:\Program Files (x86)\VEX Robotics\VEXcode Pro V5\sdk/vexv5\libv5rt.a(v5_apijump.c.obj)
                0x0380278c                vexTaskGetTaskIndex
 .text.vexTaskStopAll
                0x0380279c       0x10 C:\Program Files (x86)\VEX Robotics\VEXcode Pro V5\sdk/vexv5\libv5rt.a(v5_apijump.c.obj)
                0x0380279c                vexTaskStopAll
 .text.vexTaskRemoveAllUser
                0x038027ac       0x34 C:\Program Files (x86)\VEX Robotics\VEXcode Pro V5\sdk/vexv5\libv5rt.a(v5_apijump.c.obj)
                0x038027ac                vexTaskRemoveAllUser
 .text.vexTaskCompletionIdSet
                0x038027e0       0x10 C:\Program Files (x86)\VEX Robotics\VEXcode Pro V5\sdk/vexv5\libv5rt.a(v5_apijump.c.obj)
                0x038027e0                vexTaskCompletionIdSet
 .text.vexTaskStopWithId
                0x038027f0       0x10 C:\Program Files (x86)\VEX Robotics\VEXcode Pro V5\sdk/vexv5\libv5rt.a(v5_apijump.c.obj)
                0x038027f0                vexTaskStopWithId
 .text.vexCriticalSection
                0x03802800       0x2c C:\Program Files (x86)\VEX Robotics\VEXcode Pro V5\sdk/vexv5\libv5rt.a(v5_apijump.c.obj)
                0x03802800                vexCriticalSection
 .text.vexEventAdd
                0x0380282c       0x34 C:\Program Files (x86)\VEX Robotics\VEXcode Pro V5\sdk/vexv5\libv5rt.a(v5_apijump.c.obj)
                0x0380282c                vexEventAdd
 .text.vexEventUserIndexGet
                0x03802860       0x1c C:\Program Files (x86)\VEX Robotics\VEXcode Pro V5\sdk/vexv5\libv5rt.a(v5_apijump.c.obj)
                0x03802860                vexEventUserIndexGet
 .text.vexEventAddWithArg
                0x0380287c       0x3c C:\Program Files (x86)\VEX Robotics\VEXcode Pro V5\sdk/vexv5\libv5rt.a(v5_apijump.c.obj)
                0x0380287c                vexEventAddWithArg
 .text.vexEventsCleanup
                0x038028b8       0x2c C:\Program Files (x86)\VEX Robotics\VEXcode Pro V5\sdk/vexv5\libv5rt.a(v5_apijump.c.obj)
                0x038028b8                vexEventsCleanup
 .text.vexDebug
                0x038028e4       0x38 C:\Program Files (x86)\VEX Robotics\VEXcode Pro V5\sdk/vexv5\libv5rt.a(v5_apijump.c.obj)
                0x038028e4                vexDebug
 .text.vex_sprintf
                0x0380291c       0x40 C:\Program Files (x86)\VEX Robotics\VEXcode Pro V5\sdk/vexv5\libv5rt.a(v5_apijump.c.obj)
                0x0380291c                vex_sprintf
 .text.vex_vsnprintf
                0x0380295c       0x3c C:\Program Files (x86)\VEX Robotics\VEXcode Pro V5\sdk/vexv5\libv5rt.a(v5_apijump.c.obj)
                0x0380295c                vex_vsnprintf
 .text.vexSystemTimeGet
                0x03802998       0x1c C:\Program Files (x86)\VEX Robotics\VEXcode Pro V5\sdk/vexv5\libv5rt.a(v5_apijump.c.obj)
                0x03802998                vexSystemTimeGet
 .text.vexSystemExitRequest
                0x038029b4       0x1c C:\Program Files (x86)\VEX Robotics\VEXcode Pro V5\sdk/vexv5\libv5rt.a(v5_apijump.c.obj)
                0x038029b4                vexSystemExitRequest
 .text.vexDeviceGetByIndex
                0x038029d0       0x24 C:\Program Files (x86)\VEX Robotics\VEXcode Pro V5\sdk/vexv5\libv5rt.a(v5_apijump.c.obj)
                0x038029d0                vexDeviceGetByIndex
 .text.vexControllerGet
                0x038029f4       0x2c C:\Program Files (x86)\VEX Robotics\VEXcode Pro V5\sdk/vexv5\libv5rt.a(v5_apijump.c.obj)
                0x038029f4                vexControllerGet
 .text.vexControllerTextSet
                0x03802a20       0x74 C:\Program Files (x86)\VEX Robotics\VEXcode Pro V5\sdk/vexv5\libv5rt.a(v5_apijump.c.obj)
                0x03802a20                vexControllerTextSet
 .text.vexDeviceAdiPortConfigSet
                0x03802a94       0x34 C:\Program Files (x86)\VEX Robotics\VEXcode Pro V5\sdk/vexv5\libv5rt.a(v5_apijump.c.obj)
                0x03802a94                vexDeviceAdiPortConfigSet
 .text.vexDeviceAdiPortConfigGet
                0x03802ac8       0x2c C:\Program Files (x86)\VEX Robotics\VEXcode Pro V5\sdk/vexv5\libv5rt.a(v5_apijump.c.obj)
                0x03802ac8                vexDeviceAdiPortConfigGet
 .text.vexDeviceAdiValueSet
                0x03802af4       0x34 C:\Program Files (x86)\VEX Robotics\VEXcode Pro V5\sdk/vexv5\libv5rt.a(v5_apijump.c.obj)
                0x03802af4                vexDeviceAdiValueSet
 .text.vexDeviceMotorVelocitySet
                0x03802b28       0x2c C:\Program Files (x86)\VEX Robotics\VEXcode Pro V5\sdk/vexv5\libv5rt.a(v5_apijump.c.obj)
                0x03802b28                vexDeviceMotorVelocitySet
 .text.vexDeviceMotorVoltageSet
                0x03802b54       0x2c C:\Program Files (x86)\VEX Robotics\VEXcode Pro V5\sdk/vexv5\libv5rt.a(v5_apijump.c.obj)
                0x03802b54                vexDeviceMotorVoltageSet
 .text.vexDeviceMotorActualVelocityGet
                0x03802b80       0x24 C:\Program Files (x86)\VEX Robotics\VEXcode Pro V5\sdk/vexv5\libv5rt.a(v5_apijump.c.obj)
                0x03802b80                vexDeviceMotorActualVelocityGet
 .text.vexDeviceMotorTemperatureGet
                0x03802ba4       0x24 C:\Program Files (x86)\VEX Robotics\VEXcode Pro V5\sdk/vexv5\libv5rt.a(v5_apijump.c.obj)
                0x03802ba4                vexDeviceMotorTemperatureGet
 .text.vexDeviceMotorReverseFlagSet
                0x03802bc8       0x2c C:\Program Files (x86)\VEX Robotics\VEXcode Pro V5\sdk/vexv5\libv5rt.a(v5_apijump.c.obj)
                0x03802bc8                vexDeviceMotorReverseFlagSet
 .text.vexDeviceMotorEncoderUnitsSet
                0x03802bf4       0x2c C:\Program Files (x86)\VEX Robotics\VEXcode Pro V5\sdk/vexv5\libv5rt.a(v5_apijump.c.obj)
                0x03802bf4                vexDeviceMotorEncoderUnitsSet
 .text.vexDeviceMotorBrakeModeSet
                0x03802c20       0x2c C:\Program Files (x86)\VEX Robotics\VEXcode Pro V5\sdk/vexv5\libv5rt.a(v5_apijump.c.obj)
                0x03802c20                vexDeviceMotorBrakeModeSet
 .text.vexDeviceMotorPositionSet
                0x03802c4c       0x34 C:\Program Files (x86)\VEX Robotics\VEXcode Pro V5\sdk/vexv5\libv5rt.a(v5_apijump.c.obj)
                0x03802c4c                vexDeviceMotorPositionSet
 .text.vexDeviceMotorPositionGet
                0x03802c80       0x24 C:\Program Files (x86)\VEX Robotics\VEXcode Pro V5\sdk/vexv5\libv5rt.a(v5_apijump.c.obj)
                0x03802c80                vexDeviceMotorPositionGet
 .text.vexDeviceMotorGearingSet
                0x03802ca4       0x2c C:\Program Files (x86)\VEX Robotics\VEXcode Pro V5\sdk/vexv5\libv5rt.a(v5_apijump.c.obj)
                0x03802ca4                vexDeviceMotorGearingSet
 .text.vexDeviceMotorGearingGet
                0x03802cd0       0x24 C:\Program Files (x86)\VEX Robotics\VEXcode Pro V5\sdk/vexv5\libv5rt.a(v5_apijump.c.obj)
                0x03802cd0                vexDeviceMotorGearingGet
 .text.vexDeviceImuReset
                0x03802cf4       0x24 C:\Program Files (x86)\VEX Robotics\VEXcode Pro V5\sdk/vexv5\libv5rt.a(v5_apijump.c.obj)
                0x03802cf4                vexDeviceImuReset
 .text.vexDeviceImuHeadingGet
                0x03802d18       0x24 C:\Program Files (x86)\VEX Robotics\VEXcode Pro V5\sdk/vexv5\libv5rt.a(v5_apijump.c.obj)
                0x03802d18                vexDeviceImuHeadingGet
 .text.vexDeviceImuDegreesGet
                0x03802d3c       0x24 C:\Program Files (x86)\VEX Robotics\VEXcode Pro V5\sdk/vexv5\libv5rt.a(v5_apijump.c.obj)
                0x03802d3c                vexDeviceImuDegreesGet
 .text.vexDeviceImuStatusGet
                0x03802d60       0x24 C:\Program Files (x86)\VEX Robotics\VEXcode Pro V5\sdk/vexv5\libv5rt.a(v5_apijump.c.obj)
                0x03802d60                vexDeviceImuStatusGet
 .text.vexDeviceAbsEncPositionSet
                0x03802d84       0x2c C:\Program Files (x86)\VEX Robotics\VEXcode Pro V5\sdk/vexv5\libv5rt.a(v5_apijump.c.obj)
                0x03802d84                vexDeviceAbsEncPositionSet
 .text.vexDeviceAbsEncAngleGet
                0x03802db0       0x24 C:\Program Files (x86)\VEX Robotics\VEXcode Pro V5\sdk/vexv5\libv5rt.a(v5_apijump.c.obj)
                0x03802db0                vexDeviceAbsEncAngleGet
 .text.vexDeviceAbsEncReverseFlagSet
                0x03802dd4       0x2c C:\Program Files (x86)\VEX Robotics\VEXcode Pro V5\sdk/vexv5\libv5rt.a(v5_apijump.c.obj)
                0x03802dd4                vexDeviceAbsEncReverseFlagSet
 .text.vexDeviceDistanceDistanceGet
                0x03802e00       0x24 C:\Program Files (x86)\VEX Robotics\VEXcode Pro V5\sdk/vexv5\libv5rt.a(v5_apijump.c.obj)
                0x03802e00                vexDeviceDistanceDistanceGet
 .text.vexDisplayForegroundColor
                0x03802e24       0x24 C:\Program Files (x86)\VEX Robotics\VEXcode Pro V5\sdk/vexv5\libv5rt.a(v5_apijump.c.obj)
                0x03802e24                vexDisplayForegroundColor
 .text.vexDisplayBackgroundColor
                0x03802e48       0x24 C:\Program Files (x86)\VEX Robotics\VEXcode Pro V5\sdk/vexv5\libv5rt.a(v5_apijump.c.obj)
                0x03802e48                vexDisplayBackgroundColor
 .text.vexDisplayBackgroundColorGet
                0x03802e6c       0x1c C:\Program Files (x86)\VEX Robotics\VEXcode Pro V5\sdk/vexv5\libv5rt.a(v5_apijump.c.obj)
                0x03802e6c                vexDisplayBackgroundColorGet
 .text.vexDisplayRectClear
                0x03802e88       0x4c C:\Program Files (x86)\VEX Robotics\VEXcode Pro V5\sdk/vexv5\libv5rt.a(v5_apijump.c.obj)
                0x03802e88                vexDisplayRectClear
 .text.vexDisplayTextReference
                0x03802ed4       0x24 C:\Program Files (x86)\VEX Robotics\VEXcode Pro V5\sdk/vexv5\libv5rt.a(v5_apijump.c.obj)
                0x03802ed4                vexDisplayTextReference
 .text.vexDisplayTextSize
                0x03802ef8       0x2c C:\Program Files (x86)\VEX Robotics\VEXcode Pro V5\sdk/vexv5\libv5rt.a(v5_apijump.c.obj)
                0x03802ef8                vexDisplayTextSize
 .text.vexDisplayFontNamedSet
                0x03802f24       0x24 C:\Program Files (x86)\VEX Robotics\VEXcode Pro V5\sdk/vexv5\libv5rt.a(v5_apijump.c.obj)
                0x03802f24                vexDisplayFontNamedSet
 .text.vexSystemStdlibImpureDataAddr
                0x03802f48       0x28 C:\Program Files (x86)\VEX Robotics\VEXcode Pro V5\sdk/vexv5\libv5rt.a(v5_apijump.c.obj)
                0x03802f48                vexSystemStdlibImpureDataAddr
 .text.vexSystemStdlibImpureDataSize
                0x03802f70       0x28 C:\Program Files (x86)\VEX Robotics\VEXcode Pro V5\sdk/vexv5\libv5rt.a(v5_apijump.c.obj)
                0x03802f70                vexSystemStdlibImpureDataSize
 .text.vexSystemSaveUserData
                0x03802f98       0x3c C:\Program Files (x86)\VEX Robotics\VEXcode Pro V5\sdk/vexv5\libv5rt.a(v5_apijump.c.obj)
                0x03802f98                vexSystemSaveUserData
 .text.vexDisplayThemeIdGet
                0x03802fd4       0x38 C:\Program Files (x86)\VEX Robotics\VEXcode Pro V5\sdk/vexv5\libv5rt.a(v5_apijump.c.obj)
                0x03802fd4                vexDisplayThemeIdGet
 .text.vexDeviceEventMaskSet
                0x0380300c       0x48 C:\Program Files (x86)\VEX Robotics\VEXcode Pro V5\sdk/vexv5\libv5rt.a(v5_apijump.c.obj)
                0x0380300c                vexDeviceEventMaskSet
 .text.vexDeviceEventMaskGet
                0x03803054       0x3c C:\Program Files (x86)\VEX Robotics\VEXcode Pro V5\sdk/vexv5\libv5rt.a(v5_apijump.c.obj)
                0x03803054                vexDeviceEventMaskGet
 .text.vexSystemVersion
                0x03803090       0x10 C:\Program Files (x86)\VEX Robotics\VEXcode Pro V5\sdk/vexv5\libv5rt.a(v5_apiversions.c.obj)
                0x03803090                vexSystemVersion
 .text.vexStdlibVersion
                0x038030a0       0x10 C:\Program Files (x86)\VEX Robotics\VEXcode Pro V5\sdk/vexv5\libv5rt.a(v5_apiversions.c.obj)
                0x038030a0                vexStdlibVersion
 .text._ZN3vex4waitEdNS_9timeUnitsE
                0x038030b0       0x30 C:\Program Files (x86)\VEX Robotics\VEXcode Pro V5\sdk/vexv5\libv5rt.a(vex_global.cpp.obj)
                0x038030b0                vex::wait(double, vex::timeUnits)
 .text._ZN3vex5motorD2Ev
                0x038030e0       0x20 C:\Program Files (x86)\VEX Robotics\VEXcode Pro V5\sdk/vexv5\libv5rt.a(vex_motor.cpp.obj)
                0x038030e0                vex::motor::~motor()
                0x038030e0                vex::motor::~motor()
 .text._ZN3vex5motorD0Ev
                0x03803100       0x1c C:\Program Files (x86)\VEX Robotics\VEXcode Pro V5\sdk/vexv5\libv5rt.a(vex_motor.cpp.obj)
                0x03803100                vex::motor::~motor()
 .text._ZN3vex5motor9installedEv
                0x0380311c       0x18 C:\Program Files (x86)\VEX Robotics\VEXcode Pro V5\sdk/vexv5\libv5rt.a(vex_motor.cpp.obj)
                0x0380311c                vex::motor::installed()
 .text._ZN3vex5motor15defaultStoppingENS_9brakeTypeE
                0x03803134       0x30 C:\Program Files (x86)\VEX Robotics\VEXcode Pro V5\sdk/vexv5\libv5rt.a(vex_motor.cpp.obj)
                0x03803134                vex::motor::defaultStopping(vex::brakeType)
 .text._ZN3vex5motor8setBrakeENS_9brakeTypeE
                0x03803164        0x4 C:\Program Files (x86)\VEX Robotics\VEXcode Pro V5\sdk/vexv5\libv5rt.a(vex_motor.cpp.obj)
                0x03803164                vex::motor::setBrake(vex::brakeType)
 .text._ZN3vex5motorC2El
                0x03803168       0x78 C:\Program Files (x86)\VEX Robotics\VEXcode Pro V5\sdk/vexv5\libv5rt.a(vex_motor.cpp.obj)
                0x03803168                vex::motor::motor(long)
                0x03803168                vex::motor::motor(long)
 .text._ZN3vex5motorC2ElNS_11gearSettingEb
                0x038031e0       0x34 C:\Program Files (x86)\VEX Robotics\VEXcode Pro V5\sdk/vexv5\libv5rt.a(vex_motor.cpp.obj)
                0x038031e0                vex::motor::motor(long, vex::gearSetting, bool)
                0x038031e0                vex::motor::motor(long, vex::gearSetting, bool)
 *fill*         0x03803214        0x4 
 .text._ZN3vex5motor4spinENS_13directionTypeEdNS_12voltageUnitsE
                0x03803218       0x50 C:\Program Files (x86)\VEX Robotics\VEXcode Pro V5\sdk/vexv5\libv5rt.a(vex_motor.cpp.obj)
                0x03803218                vex::motor::spin(vex::directionType, double, vex::voltageUnits)
 .text._ZN3vex5motor4stopENS_9brakeTypeE
                0x03803268       0x30 C:\Program Files (x86)\VEX Robotics\VEXcode Pro V5\sdk/vexv5\libv5rt.a(vex_motor.cpp.obj)
                0x03803268                vex::motor::stop(vex::brakeType)
 .text._ZN3vex5motor4stopEv
                0x03803298        0x8 C:\Program Files (x86)\VEX Robotics\VEXcode Pro V5\sdk/vexv5\libv5rt.a(vex_motor.cpp.obj)
                0x03803298                vex::motor::stop()
 .text._ZN3vex5motor11temperatureENS_16temperatureUnitsE
                0x038032a0       0x40 C:\Program Files (x86)\VEX Robotics\VEXcode Pro V5\sdk/vexv5\libv5rt.a(vex_motor.cpp.obj)
                0x038032a0                vex::motor::temperature(vex::temperatureUnits)
 .text._ZN3vex5motor16velocityToScaledEdNS_13velocityUnitsE
                0x038032e0       0x5c C:\Program Files (x86)\VEX Robotics\VEXcode Pro V5\sdk/vexv5\libv5rt.a(vex_motor.cpp.obj)
                0x038032e0                vex::motor::velocityToScaled(double, vex::velocityUnits)
 .text._ZN3vex5motor8velocityENS_13velocityUnitsE
                0x0380333c       0x30 C:\Program Files (x86)\VEX Robotics\VEXcode Pro V5\sdk/vexv5\libv5rt.a(vex_motor.cpp.obj)
                0x0380333c                vex::motor::velocity(vex::velocityUnits)
 .text._ZN3vex5motor5valueEv
                0x0380336c       0x1c C:\Program Files (x86)\VEX Robotics\VEXcode Pro V5\sdk/vexv5\libv5rt.a(vex_motor.cpp.obj)
                0x0380336c                vex::motor::value()
 .text._ZN3vex5motor16scaledToVelocityEdNS_13velocityUnitsE
                0x03803388       0xa4 C:\Program Files (x86)\VEX Robotics\VEXcode Pro V5\sdk/vexv5\libv5rt.a(vex_motor.cpp.obj)
                0x03803388                vex::motor::scaledToVelocity(double, vex::velocityUnits)
 .text._ZN3vex5motor4spinENS_13directionTypeEdNS_13velocityUnitsE
                0x0380342c       0x5c C:\Program Files (x86)\VEX Robotics\VEXcode Pro V5\sdk/vexv5\libv5rt.a(vex_motor.cpp.obj)
                0x0380342c                vex::motor::spin(vex::directionType, double, vex::velocityUnits)
 .text._ZN3vex5motor16setRotationUnitsENS_13rotationUnitsE
                0x03803488       0x1c C:\Program Files (x86)\VEX Robotics\VEXcode Pro V5\sdk/vexv5\libv5rt.a(vex_motor.cpp.obj)
                0x03803488                vex::motor::setRotationUnits(vex::rotationUnits)
 .text._ZN3vex5motor11setRotationEdNS_13rotationUnitsE
                0x038034a4       0x44 C:\Program Files (x86)\VEX Robotics\VEXcode Pro V5\sdk/vexv5\libv5rt.a(vex_motor.cpp.obj)
                0x038034a4                vex::motor::setRotation(double, vex::rotationUnits)
 .text._ZN3vex5motor13resetRotationEv
                0x038034e8       0x20 C:\Program Files (x86)\VEX Robotics\VEXcode Pro V5\sdk/vexv5\libv5rt.a(vex_motor.cpp.obj)
                0x038034e8                vex::motor::resetRotation()
 .text._ZN3vex5motor8rotationENS_13rotationUnitsE
                0x03803508       0x44 C:\Program Files (x86)\VEX Robotics\VEXcode Pro V5\sdk/vexv5\libv5rt.a(vex_motor.cpp.obj)
                0x03803508                vex::motor::rotation(vex::rotationUnits)
 .text._ZN3vex8inertial11getTurnTypeEv
                0x0380354c        0x8 C:\Program Files (x86)\VEX Robotics\VEXcode Pro V5\sdk/vexv5\libv5rt.a(vex_imu.cpp.obj)
                0x0380354c                vex::inertial::getTurnType()
 .text._ZThn16_N3vex8inertial11getTurnTypeEv
                0x03803554        0x8 C:\Program Files (x86)\VEX Robotics\VEXcode Pro V5\sdk/vexv5\libv5rt.a(vex_imu.cpp.obj)
                0x03803554                non-virtual thunk to vex::inertial::getTurnType()
 *fill*         0x0380355c        0x4 
 .text._ZN3vex8inertial10setHeadingEdNS_13rotationUnitsE
                0x03803560       0x58 C:\Program Files (x86)\VEX Robotics\VEXcode Pro V5\sdk/vexv5\libv5rt.a(vex_imu.cpp.obj)
                0x03803560                vex::inertial::setHeading(double, vex::rotationUnits)
 .text._ZThn16_N3vex8inertial10setHeadingEdNS_13rotationUnitsE
                0x038035b8        0x8 C:\Program Files (x86)\VEX Robotics\VEXcode Pro V5\sdk/vexv5\libv5rt.a(vex_imu.cpp.obj)
                0x038035b8                non-virtual thunk to vex::inertial::setHeading(double, vex::rotationUnits)
 .text._ZN3vex8inertial11setRotationEdNS_13rotationUnitsE
                0x038035c0       0x58 C:\Program Files (x86)\VEX Robotics\VEXcode Pro V5\sdk/vexv5\libv5rt.a(vex_imu.cpp.obj)
                0x038035c0                vex::inertial::setRotation(double, vex::rotationUnits)
 .text._ZThn16_N3vex8inertial11setRotationEdNS_13rotationUnitsE
                0x03803618        0x8 C:\Program Files (x86)\VEX Robotics\VEXcode Pro V5\sdk/vexv5\libv5rt.a(vex_imu.cpp.obj)
                0x03803618                non-virtual thunk to vex::inertial::setRotation(double, vex::rotationUnits)
 .text._ZN3vex8inertialD2Ev
                0x03803620       0x20 C:\Program Files (x86)\VEX Robotics\VEXcode Pro V5\sdk/vexv5\libv5rt.a(vex_imu.cpp.obj)
                0x03803620                vex::inertial::~inertial()
                0x03803620                vex::inertial::~inertial()
 .text._ZThn16_N3vex8inertialD1Ev
                0x03803640        0x8 C:\Program Files (x86)\VEX Robotics\VEXcode Pro V5\sdk/vexv5\libv5rt.a(vex_imu.cpp.obj)
                0x03803640                non-virtual thunk to vex::inertial::~inertial()
 .text._ZN3vex8inertialD0Ev
                0x03803648       0x1c C:\Program Files (x86)\VEX Robotics\VEXcode Pro V5\sdk/vexv5\libv5rt.a(vex_imu.cpp.obj)
                0x03803648                vex::inertial::~inertial()
 .text._ZThn16_N3vex8inertialD0Ev
                0x03803664        0x8 C:\Program Files (x86)\VEX Robotics\VEXcode Pro V5\sdk/vexv5\libv5rt.a(vex_imu.cpp.obj)
                0x03803664                non-virtual thunk to vex::inertial::~inertial()
 .text._ZN3vex8inertial9installedEv
                0x0380366c       0x18 C:\Program Files (x86)\VEX Robotics\VEXcode Pro V5\sdk/vexv5\libv5rt.a(vex_imu.cpp.obj)
                0x0380366c                vex::inertial::installed()
 .text._ZN3vex8inertial5angleENS_13rotationUnitsE
                0x03803684       0x6c C:\Program Files (x86)\VEX Robotics\VEXcode Pro V5\sdk/vexv5\libv5rt.a(vex_imu.cpp.obj)
                0x03803684                vex::inertial::angle(vex::rotationUnits)
 .text._ZThn16_N3vex8inertial5angleENS_13rotationUnitsE
                0x038036f0        0x8 C:\Program Files (x86)\VEX Robotics\VEXcode Pro V5\sdk/vexv5\libv5rt.a(vex_imu.cpp.obj)
                0x038036f0                non-virtual thunk to vex::inertial::angle(vex::rotationUnits)
 .text._ZN3vex8inertial7headingENS_13rotationUnitsE
                0x038036f8        0x4 C:\Program Files (x86)\VEX Robotics\VEXcode Pro V5\sdk/vexv5\libv5rt.a(vex_imu.cpp.obj)
                0x038036f8                vex::inertial::heading(vex::rotationUnits)
 .text._ZThn16_N3vex8inertial7headingENS_13rotationUnitsE
                0x038036fc        0x8 C:\Program Files (x86)\VEX Robotics\VEXcode Pro V5\sdk/vexv5\libv5rt.a(vex_imu.cpp.obj)
                0x038036fc                non-virtual thunk to vex::inertial::heading(vex::rotationUnits)
 .text._ZN3vex8inertial5valueEv
                0x03803704       0x1c C:\Program Files (x86)\VEX Robotics\VEXcode Pro V5\sdk/vexv5\libv5rt.a(vex_imu.cpp.obj)
                0x03803704                vex::inertial::value()
 .text._ZN3vex8inertial8rotationENS_13rotationUnitsE
                0x03803720       0x48 C:\Program Files (x86)\VEX Robotics\VEXcode Pro V5\sdk/vexv5\libv5rt.a(vex_imu.cpp.obj)
                0x03803720                vex::inertial::rotation(vex::rotationUnits)
 .text._ZThn16_N3vex8inertial8rotationENS_13rotationUnitsE
                0x03803768        0x8 C:\Program Files (x86)\VEX Robotics\VEXcode Pro V5\sdk/vexv5\libv5rt.a(vex_imu.cpp.obj)
                0x03803768                non-virtual thunk to vex::inertial::rotation(vex::rotationUnits)
 .text._ZN3vex8inertial13isCalibratingEv
                0x03803770       0x38 C:\Program Files (x86)\VEX Robotics\VEXcode Pro V5\sdk/vexv5\libv5rt.a(vex_imu.cpp.obj)
                0x03803770                vex::inertial::isCalibrating()
 .text._ZThn16_N3vex8inertial13isCalibratingEv
                0x038037a8        0x8 C:\Program Files (x86)\VEX Robotics\VEXcode Pro V5\sdk/vexv5\libv5rt.a(vex_imu.cpp.obj)
                0x038037a8                non-virtual thunk to vex::inertial::isCalibrating()
 .text._ZN3vex8inertialC2ElNS_8turnTypeE
                0x038037b0       0x4c C:\Program Files (x86)\VEX Robotics\VEXcode Pro V5\sdk/vexv5\libv5rt.a(vex_imu.cpp.obj)
                0x038037b0                vex::inertial::inertial(long, vex::turnType)
                0x038037b0                vex::inertial::inertial(long, vex::turnType)
 .text._ZN3vex8inertial13resetRotationEv
                0x038037fc       0x20 C:\Program Files (x86)\VEX Robotics\VEXcode Pro V5\sdk/vexv5\libv5rt.a(vex_imu.cpp.obj)
                0x038037fc                vex::inertial::resetRotation()
 .text._ZN3vex8inertial16startCalibrationEl
                0x0380381c       0x20 C:\Program Files (x86)\VEX Robotics\VEXcode Pro V5\sdk/vexv5\libv5rt.a(vex_imu.cpp.obj)
                0x0380381c                vex::inertial::startCalibration(long)
 .text._ZN3vex8inertial9calibrateEl
                0x0380383c        0xc C:\Program Files (x86)\VEX Robotics\VEXcode Pro V5\sdk/vexv5\libv5rt.a(vex_imu.cpp.obj)
                0x0380383c                vex::inertial::calibrate(long)
                0x03803840                non-virtual thunk to vex::inertial::calibrate(long)
 .text._ZN3vex8rotationD2Ev
                0x03803848       0x20 C:\Program Files (x86)\VEX Robotics\VEXcode Pro V5\sdk/vexv5\libv5rt.a(vex_rotation.cpp.obj)
                0x03803848                vex::rotation::~rotation()
                0x03803848                vex::rotation::~rotation()
 .text._ZN3vex8rotationD0Ev
                0x03803868       0x1c C:\Program Files (x86)\VEX Robotics\VEXcode Pro V5\sdk/vexv5\libv5rt.a(vex_rotation.cpp.obj)
                0x03803868                vex::rotation::~rotation()
 .text._ZN3vex8rotation9installedEv
                0x03803884       0x18 C:\Program Files (x86)\VEX Robotics\VEXcode Pro V5\sdk/vexv5\libv5rt.a(vex_rotation.cpp.obj)
                0x03803884                vex::rotation::installed()
 .text._ZN3vex8rotation5valueEv
                0x0380389c        0x8 C:\Program Files (x86)\VEX Robotics\VEXcode Pro V5\sdk/vexv5\libv5rt.a(vex_rotation.cpp.obj)
                0x0380389c                vex::rotation::value()
 .text._ZN3vex8rotationC2Elb
                0x038038a4       0x30 C:\Program Files (x86)\VEX Robotics\VEXcode Pro V5\sdk/vexv5\libv5rt.a(vex_rotation.cpp.obj)
                0x038038a4                vex::rotation::rotation(long, bool)
                0x038038a4                vex::rotation::rotation(long, bool)
 .text._ZN3vex8rotation13resetPositionEv
                0x038038d4        0xc C:\Program Files (x86)\VEX Robotics\VEXcode Pro V5\sdk/vexv5\libv5rt.a(vex_rotation.cpp.obj)
                0x038038d4                vex::rotation::resetPosition()
 .text._ZN3vex8distanceD2Ev
                0x038038e0       0x20 C:\Program Files (x86)\VEX Robotics\VEXcode Pro V5\sdk/vexv5\libv5rt.a(vex_distance.cpp.obj)
                0x038038e0                vex::distance::~distance()
                0x038038e0                vex::distance::~distance()
 .text._ZN3vex8distanceD0Ev
                0x03803900       0x1c C:\Program Files (x86)\VEX Robotics\VEXcode Pro V5\sdk/vexv5\libv5rt.a(vex_distance.cpp.obj)
                0x03803900                vex::distance::~distance()
 .text._ZN3vex8distance9installedEv
                0x0380391c       0x18 C:\Program Files (x86)\VEX Robotics\VEXcode Pro V5\sdk/vexv5\libv5rt.a(vex_distance.cpp.obj)
                0x0380391c                vex::distance::installed()
 .text._ZN3vex8distance5valueEv
                0x03803934        0x8 C:\Program Files (x86)\VEX Robotics\VEXcode Pro V5\sdk/vexv5\libv5rt.a(vex_distance.cpp.obj)
                0x03803934                vex::distance::value()
 .text._ZN3vex8distanceC2El
                0x0380393c       0x20 C:\Program Files (x86)\VEX Robotics\VEXcode Pro V5\sdk/vexv5\libv5rt.a(vex_distance.cpp.obj)
                0x0380393c                vex::distance::distance(long)
                0x0380393c                vex::distance::distance(long)
 *fill*         0x0380395c        0x4 
 .text._ZN3vex8distance14objectDistanceENS_13distanceUnitsE
                0x03803960       0x48 C:\Program Files (x86)\VEX Robotics\VEXcode Pro V5\sdk/vexv5\libv5rt.a(vex_distance.cpp.obj)
                0x03803960                vex::distance::objectDistance(vex::distanceUnits)
 .text._ZN3vex10controllerD2Ev
                0x038039a8        0x4 C:\Program Files (x86)\VEX Robotics\VEXcode Pro V5\sdk/vexv5\libv5rt.a(vex_controller.cpp.obj)
                0x038039a8                vex::controller::~controller()
                0x038039a8                vex::controller::~controller()
 .text._ZN3vex10controller5valueE19_V5_ControllerIndex
                0x038039ac        0x8 C:\Program Files (x86)\VEX Robotics\VEXcode Pro V5\sdk/vexv5\libv5rt.a(vex_controller.cpp.obj)
                0x038039ac                vex::controller::value(_V5_ControllerIndex)
 .text._ZNK3vex10controller6button8pressingEv
                0x038039b4       0xc8 C:\Program Files (x86)\VEX Robotics\VEXcode Pro V5\sdk/vexv5\libv5rt.a(vex_controller.cpp.obj)
                0x038039b4                vex::controller::button::pressing() const
 .text._ZNK3vex10controller6button21_buttonToPressedEventEv
                0x03803a7c       0x20 C:\Program Files (x86)\VEX Robotics\VEXcode Pro V5\sdk/vexv5\libv5rt.a(vex_controller.cpp.obj)
                0x03803a7c                vex::controller::button::_buttonToPressedEvent() const
 .text._ZNK3vex10controller6button22_buttonToReleasedEventEv
                0x03803a9c       0x20 C:\Program Files (x86)\VEX Robotics\VEXcode Pro V5\sdk/vexv5\libv5rt.a(vex_controller.cpp.obj)
                0x03803a9c                vex::controller::button::_buttonToReleasedEvent() const
 .text._ZN3vex10controller6buttonC2ENS0_11tButtonTypeEPS0_
                0x03803abc       0x48 C:\Program Files (x86)\VEX Robotics\VEXcode Pro V5\sdk/vexv5\libv5rt.a(vex_controller.cpp.obj)
                0x03803abc                vex::controller::button::button(vex::controller::tButtonType, vex::controller*)
                0x03803abc                vex::controller::button::button(vex::controller::tButtonType, vex::controller*)
 .text._ZNK3vex10controller4axis5valueEv
                0x03803b04       0x58 C:\Program Files (x86)\VEX Robotics\VEXcode Pro V5\sdk/vexv5\libv5rt.a(vex_controller.cpp.obj)
                0x03803b04                vex::controller::axis::value() const
 .text._ZNK3vex10controller4axis23_joystickToChangedEventEv
                0x03803b5c       0x20 C:\Program Files (x86)\VEX Robotics\VEXcode Pro V5\sdk/vexv5\libv5rt.a(vex_controller.cpp.obj)
                0x03803b5c                vex::controller::axis::_joystickToChangedEvent() const
 .text._ZN3vex10controller4axisC2ENS0_9tAxisTypeEPS0_
                0x03803b7c       0x2c C:\Program Files (x86)\VEX Robotics\VEXcode Pro V5\sdk/vexv5\libv5rt.a(vex_controller.cpp.obj)
                0x03803b7c                vex::controller::axis::axis(vex::controller::tAxisType, vex::controller*)
                0x03803b7c                vex::controller::axis::axis(vex::controller::tAxisType, vex::controller*)
 .text._ZN3vex10controllerC2Ev
                0x03803ba8      0x164 C:\Program Files (x86)\VEX Robotics\VEXcode Pro V5\sdk/vexv5\libv5rt.a(vex_controller.cpp.obj)
                0x03803ba8                vex::controller::controller()
                0x03803ba8                vex::controller::controller()
 .text._ZN3vex10controller3lcd15getControllerIdEv
                0x03803d0c       0x10 C:\Program Files (x86)\VEX Robotics\VEXcode Pro V5\sdk/vexv5\libv5rt.a(vex_controller.cpp.obj)
                0x03803d0c                vex::controller::lcd::getControllerId()
 .text._ZN3vex10controller3lcd9setCursorEll
                0x03803d1c       0x40 C:\Program Files (x86)\VEX Robotics\VEXcode Pro V5\sdk/vexv5\libv5rt.a(vex_controller.cpp.obj)
                0x03803d1c                vex::controller::lcd::setCursor(long, long)
 .text._ZN3vex10controller3lcd5printEPKcz
                0x03803d5c       0x80 C:\Program Files (x86)\VEX Robotics\VEXcode Pro V5\sdk/vexv5\libv5rt.a(vex_controller.cpp.obj)
                0x03803d5c                vex::controller::lcd::print(char const*, ...)
 .text._ZN3vex4taskC2EPFivE
                0x03803ddc       0x5c C:\Program Files (x86)\VEX Robotics\VEXcode Pro V5\sdk/vexv5\libv5rt.a(vex_task.cpp.obj)
                0x03803ddc                vex::task::task(int (*)())
                0x03803ddc                vex::task::task(int (*)())
 .text._ZN3vex4taskD2Ev
                0x03803e38        0x4 C:\Program Files (x86)\VEX Robotics\VEXcode Pro V5\sdk/vexv5\libv5rt.a(vex_task.cpp.obj)
                0x03803e38                vex::task::~task()
                0x03803e38                vex::task::~task()
 .text._ZN3vex4task4stopEPvi
                0x03803e3c       0x1c C:\Program Files (x86)\VEX Robotics\VEXcode Pro V5\sdk/vexv5\libv5rt.a(vex_task.cpp.obj)
                0x03803e3c                vex::task::stop(void*, int)
 .text._ZN3vex4task6_indexEPFivE
                0x03803e58       0x14 C:\Program Files (x86)\VEX Robotics\VEXcode Pro V5\sdk/vexv5\libv5rt.a(vex_task.cpp.obj)
                0x03803e58                vex::task::_index(int (*)())
 .text._ZN3vex4task8_stopAllEv
                0x03803e6c       0x3c C:\Program Files (x86)\VEX Robotics\VEXcode Pro V5\sdk/vexv5\libv5rt.a(vex_task.cpp.obj)
                0x03803e6c                vex::task::_stopAll()
 .text._ZN3vex11this_thread9sleep_forEm
                0x03803ea8        0x4 C:\Program Files (x86)\VEX Robotics\VEXcode Pro V5\sdk/vexv5\libv5rt.a(vex_thread.cpp.obj)
                0x03803ea8                vex::this_thread::sleep_for(unsigned long)
 .text._ZN3vex5event4initEmmPFvvE
                0x03803eac        0x4 C:\Program Files (x86)\VEX Robotics\VEXcode Pro V5\sdk/vexv5\libv5rt.a(vex_event.cpp.obj)
                0x03803eac                vex::event::init(unsigned long, unsigned long, void (*)())
 .text._ZN3vex5event4initEmmPFvPvES1_
                0x03803eb0        0x4 C:\Program Files (x86)\VEX Robotics\VEXcode Pro V5\sdk/vexv5\libv5rt.a(vex_event.cpp.obj)
                0x03803eb0                vex::event::init(unsigned long, unsigned long, void (*)(void*), void*)
 .text._ZN3vex5event9userindexEv
                0x03803eb4        0x4 C:\Program Files (x86)\VEX Robotics\VEXcode Pro V5\sdk/vexv5\libv5rt.a(vex_event.cpp.obj)
                0x03803eb4                vex::event::userindex()
 .text._ZZN3vex6meventC4EmmENUlvE_4_FUNEv
                0x03803eb8        0x4 C:\Program Files (x86)\VEX Robotics\VEXcode Pro V5\sdk/vexv5\libv5rt.a(vex_mevent.cpp.obj)
 .text._ZN3vex6meventC2Emm
                0x03803ebc       0x70 C:\Program Files (x86)\VEX Robotics\VEXcode Pro V5\sdk/vexv5\libv5rt.a(vex_mevent.cpp.obj)
                0x03803ebc                vex::mevent::mevent(unsigned long, unsigned long)
                0x03803ebc                vex::mevent::mevent(unsigned long, unsigned long)
 .text._ZN3vex5brain9_getIndexEv
                0x03803f2c       0x10 C:\Program Files (x86)\VEX Robotics\VEXcode Pro V5\sdk/vexv5\libv5rt.a(vex_brain.cpp.obj)
                0x03803f2c                vex::brain::_getIndex()
 .text._ZN3vex5brain3lcd9setCursorEll
                0x03803f3c       0x44 C:\Program Files (x86)\VEX Robotics\VEXcode Pro V5\sdk/vexv5\libv5rt.a(vex_brain.cpp.obj)
                0x03803f3c                vex::brain::lcd::setCursor(long, long)
 .text._ZN3vex5brain3lcd7setFontENS_8fontTypeE
                0x03803f80      0x23c C:\Program Files (x86)\VEX Robotics\VEXcode Pro V5\sdk/vexv5\libv5rt.a(vex_brain.cpp.obj)
                0x03803f80                vex::brain::lcd::setFont(vex::fontType)
 .text._ZN3vex5brain3lcdC2Ev
                0x038041bc       0x94 C:\Program Files (x86)\VEX Robotics\VEXcode Pro V5\sdk/vexv5\libv5rt.a(vex_brain.cpp.obj)
                0x038041bc                vex::brain::lcd::lcd()
                0x038041bc                vex::brain::lcd::lcd()
 .text._ZN3vex5brainC2Ev
                0x03804250       0x3c C:\Program Files (x86)\VEX Robotics\VEXcode Pro V5\sdk/vexv5\libv5rt.a(vex_brain.cpp.obj)
                0x03804250                vex::brain::brain()
                0x03804250                vex::brain::brain()
 .text._ZN3vex5brain3lcd12_clearScreenEm
                0x0380428c       0x38 C:\Program Files (x86)\VEX Robotics\VEXcode Pro V5\sdk/vexv5\libv5rt.a(vex_brain.cpp.obj)
                0x0380428c                vex::brain::lcd::_clearScreen(unsigned long)
 .text._ZN3vex5brain3lcd11clearScreenERKNS_5colorE
                0x038042c4       0x20 C:\Program Files (x86)\VEX Robotics\VEXcode Pro V5\sdk/vexv5\libv5rt.a(vex_brain.cpp.obj)
                0x038042c4                vex::brain::lcd::clearScreen(vex::color const&)
 .text._ZN3vex5brainD2Ev
                0x038042e4       0x20 C:\Program Files (x86)\VEX Robotics\VEXcode Pro V5\sdk/vexv5\libv5rt.a(vex_brain.cpp.obj)
                0x038042e4                vex::brain::~brain()
                0x038042e4                vex::brain::~brain()
 .text._ZN3vex11competition8_disableEPv
                0x03804304       0xa4 C:\Program Files (x86)\VEX Robotics\VEXcode Pro V5\sdk/vexv5\libv5rt.a(vex_competition.cpp.obj)
                0x03804304                vex::competition::_disable(void*)
 .text._ZN3vex11competition11_autonomousEv
                0x038043a8       0x80 C:\Program Files (x86)\VEX Robotics\VEXcode Pro V5\sdk/vexv5\libv5rt.a(vex_competition.cpp.obj)
                0x038043a8                vex::competition::_autonomous()
 .text._ZN3vex11competition14_drivercontrolEv
                0x03804428       0x80 C:\Program Files (x86)\VEX Robotics\VEXcode Pro V5\sdk/vexv5\libv5rt.a(vex_competition.cpp.obj)
                0x03804428                vex::competition::_drivercontrol()
 .text._ZN3vex11competitionC2Ev
                0x038044a8      0x13c C:\Program Files (x86)\VEX Robotics\VEXcode Pro V5\sdk/vexv5\libv5rt.a(vex_competition.cpp.obj)
                0x038044a8                vex::competition::competition()
                0x038044a8                vex::competition::competition()
 .text._ZN3vex11competitionD2Ev
                0x038045e4        0x4 C:\Program Files (x86)\VEX Robotics\VEXcode Pro V5\sdk/vexv5\libv5rt.a(vex_competition.cpp.obj)
                0x038045e4                vex::competition::~competition()
                0x038045e4                vex::competition::~competition()
 .text._ZN3vex11competition10autonomousEPFvvE
                0x038045e8       0x44 C:\Program Files (x86)\VEX Robotics\VEXcode Pro V5\sdk/vexv5\libv5rt.a(vex_competition.cpp.obj)
                0x038045e8                vex::competition::autonomous(void (*)())
 .text._ZN3vex11competition13drivercontrolEPFvvE
                0x0380462c       0x44 C:\Program Files (x86)\VEX Robotics\VEXcode Pro V5\sdk/vexv5\libv5rt.a(vex_competition.cpp.obj)
                0x0380462c                vex::competition::drivercontrol(void (*)())
 .text._ZN3vex7triportD2Ev
                0x03804670       0x38 C:\Program Files (x86)\VEX Robotics\VEXcode Pro V5\sdk/vexv5\libv5rt.a(vex_triport.cpp.obj)
                0x03804670                vex::triport::~triport()
                0x03804670                vex::triport::~triport()
 .text._ZN3vex7triportD0Ev
                0x038046a8       0x1c C:\Program Files (x86)\VEX Robotics\VEXcode Pro V5\sdk/vexv5\libv5rt.a(vex_triport.cpp.obj)
                0x038046a8                vex::triport::~triport()
 .text._ZN3vex7triport9installedEv
                0x038046c4       0x18 C:\Program Files (x86)\VEX Robotics\VEXcode Pro V5\sdk/vexv5\libv5rt.a(vex_triport.cpp.obj)
                0x038046c4                vex::triport::installed()
 .text._ZN3vex7triport4portC2ElPS0_
                0x038046dc       0x74 C:\Program Files (x86)\VEX Robotics\VEXcode Pro V5\sdk/vexv5\libv5rt.a(vex_triport.cpp.obj)
                0x038046dc                vex::triport::port::port(long, vex::triport*)
                0x038046dc                vex::triport::port::port(long, vex::triport*)
 .text._ZN3vex7triportC2El
                0x03804750       0xf0 C:\Program Files (x86)\VEX Robotics\VEXcode Pro V5\sdk/vexv5\libv5rt.a(vex_triport.cpp.obj)
                0x03804750                vex::triport::triport(long)
                0x03804750                vex::triport::triport(long)
 .text._ZN3vex7triport4port4typeENS_11triportTypeE
                0x03804840       0x30 C:\Program Files (x86)\VEX Robotics\VEXcode Pro V5\sdk/vexv5\libv5rt.a(vex_triport.cpp.obj)
                0x03804840                vex::triport::port::type(vex::triportType)
 .text._ZN3vex7triport4port4typeEv
                0x03804870       0x38 C:\Program Files (x86)\VEX Robotics\VEXcode Pro V5\sdk/vexv5\libv5rt.a(vex_triport.cpp.obj)
                0x03804870                vex::triport::port::type()
 .text._ZN3vex7triport4port5valueEl
                0x038048a8       0x18 C:\Program Files (x86)\VEX Robotics\VEXcode Pro V5\sdk/vexv5\libv5rt.a(vex_triport.cpp.obj)
                0x038048a8                vex::triport::port::value(long)
 .text._ZN3vex11__trideviceC2ERNS_7triport4portENS_11triportTypeE
                0x038048c0       0x5c C:\Program Files (x86)\VEX Robotics\VEXcode Pro V5\sdk/vexv5\libv5rt.a(vex_triport.cpp.obj)
                0x038048c0                vex::__tridevice::__tridevice(vex::triport::port&, vex::triportType)
                0x038048c0                vex::__tridevice::__tridevice(vex::triport::port&, vex::triportType)
 .text._ZN3vex11digital_outC2ERNS_7triport4portE
                0x0380491c       0x18 C:\Program Files (x86)\VEX Robotics\VEXcode Pro V5\sdk/vexv5\libv5rt.a(vex_triport.cpp.obj)
                0x0380491c                vex::digital_out::digital_out(vex::triport::port&)
                0x0380491c                vex::digital_out::digital_out(vex::triport::port&)
 .text._ZN3vex11digital_outD2Ev
                0x03804934        0x4 C:\Program Files (x86)\VEX Robotics\VEXcode Pro V5\sdk/vexv5\libv5rt.a(vex_triport.cpp.obj)
                0x03804934                vex::digital_out::~digital_out()
                0x03804934                vex::digital_out::~digital_out()
 .text._ZN3vex11digital_out3setEb
                0x03804938        0x8 C:\Program Files (x86)\VEX Robotics\VEXcode Pro V5\sdk/vexv5\libv5rt.a(vex_triport.cpp.obj)
                0x03804938                vex::digital_out::set(bool)
 .text._ZN3vex5colorD2Ev
                0x03804940        0x4 C:\Program Files (x86)\VEX Robotics\VEXcode Pro V5\sdk/vexv5\libv5rt.a(vex_color.cpp.obj)
                0x03804940                vex::color::~color()
                0x03804940                vex::color::~color()
 .text._ZNK3vex5colorcvmEv
                0x03804944        0x8 C:\Program Files (x86)\VEX Robotics\VEXcode Pro V5\sdk/vexv5\libv5rt.a(vex_color.cpp.obj)
                0x03804944                vex::color::operator unsigned long() const
 .text.startup._GLOBAL__sub_I__ZN3vex5color5blackE
                0x0380494c      0x164 C:\Program Files (x86)\VEX Robotics\VEXcode Pro V5\sdk/vexv5\libv5rt.a(vex_color.cpp.obj)
 .text._ZN3vex5timerD2Ev
                0x03804ab0        0x4 C:\Program Files (x86)\VEX Robotics\VEXcode Pro V5\sdk/vexv5\libv5rt.a(vex_timer.cpp.obj)
                0x03804ab0                vex::timer::~timer()
                0x03804ab0                vex::timer::~timer()
 .text._ZN3vex5timer5clearEv
                0x03804ab4       0x1c C:\Program Files (x86)\VEX Robotics\VEXcode Pro V5\sdk/vexv5\libv5rt.a(vex_timer.cpp.obj)
                0x03804ab4                vex::timer::clear()
 .text._ZN3vex5timerC2Ev
                0x03804ad0       0x14 C:\Program Files (x86)\VEX Robotics\VEXcode Pro V5\sdk/vexv5\libv5rt.a(vex_timer.cpp.obj)
                0x03804ad0                vex::timer::timer()
                0x03804ad0                vex::timer::timer()
 *fill*         0x03804ae4        0x4 
 .text._ZNK3vex5timer4timeENS_9timeUnitsE
                0x03804ae8       0x40 C:\Program Files (x86)\VEX Robotics\VEXcode Pro V5\sdk/vexv5\libv5rt.a(vex_timer.cpp.obj)
                0x03804ae8                vex::timer::time(vex::timeUnits) const
 .text._ZN3vex11motor_group18motor_group_motorsC2Ev
                0x03804b28       0x28 C:\Program Files (x86)\VEX Robotics\VEXcode Pro V5\sdk/vexv5\libv5rt.a(vex_motorgroup.cpp.obj)
                0x03804b28                vex::motor_group::motor_group_motors::motor_group_motors()
                0x03804b28                vex::motor_group::motor_group_motors::motor_group_motors()
 .text._ZN3vex11motor_groupC2Ev
                0x03804b50       0x1c C:\Program Files (x86)\VEX Robotics\VEXcode Pro V5\sdk/vexv5\libv5rt.a(vex_motorgroup.cpp.obj)
                0x03804b50                vex::motor_group::motor_group()
                0x03804b50                vex::motor_group::motor_group()
 .text._ZN3vex11motor_groupD2Ev
                0x03804b6c        0x4 C:\Program Files (x86)\VEX Robotics\VEXcode Pro V5\sdk/vexv5\libv5rt.a(vex_motorgroup.cpp.obj)
                0x03804b6c                vex::motor_group::~motor_group()
                0x03804b6c                vex::motor_group::~motor_group()
 .text._ZN3vex11motor_group9_addMotorERNS_5motorE
                0x03804b70       0x20 C:\Program Files (x86)\VEX Robotics\VEXcode Pro V5\sdk/vexv5\libv5rt.a(vex_motorgroup.cpp.obj)
                0x03804b70                vex::motor_group::_addMotor(vex::motor&)
 .text._ZN3vex11motor_group13resetRotationEv
                0x03804b90       0x30 C:\Program Files (x86)\VEX Robotics\VEXcode Pro V5\sdk/vexv5\libv5rt.a(vex_motorgroup.cpp.obj)
                0x03804b90                vex::motor_group::resetRotation()
 .text._ZN3vex11motor_group13resetPositionEv
                0x03804bc0        0x4 C:\Program Files (x86)\VEX Robotics\VEXcode Pro V5\sdk/vexv5\libv5rt.a(vex_motorgroup.cpp.obj)
                0x03804bc0                vex::motor_group::resetPosition()
 .text._ZN3vex11motor_group4spinENS_13directionTypeEdNS_13velocityUnitsE
                0x03804bc4       0x54 C:\Program Files (x86)\VEX Robotics\VEXcode Pro V5\sdk/vexv5\libv5rt.a(vex_motorgroup.cpp.obj)
                0x03804bc4                vex::motor_group::spin(vex::directionType, double, vex::velocityUnits)
 .text._ZN3vex11motor_group4spinENS_13directionTypeEdNS_12voltageUnitsE
                0x03804c18       0x54 C:\Program Files (x86)\VEX Robotics\VEXcode Pro V5\sdk/vexv5\libv5rt.a(vex_motorgroup.cpp.obj)
                0x03804c18                vex::motor_group::spin(vex::directionType, double, vex::voltageUnits)
 .text._ZN3vex11motor_group4stopEv
                0x03804c6c       0x30 C:\Program Files (x86)\VEX Robotics\VEXcode Pro V5\sdk/vexv5\libv5rt.a(vex_motorgroup.cpp.obj)
                0x03804c6c                vex::motor_group::stop()
 .text._ZN3vex11motor_group4stopENS_9brakeTypeE
                0x03804c9c       0x38 C:\Program Files (x86)\VEX Robotics\VEXcode Pro V5\sdk/vexv5\libv5rt.a(vex_motorgroup.cpp.obj)
                0x03804c9c                vex::motor_group::stop(vex::brakeType)
 .text._ZN3vex11motor_group8rotationENS_13rotationUnitsE
                0x03804cd4        0xc C:\Program Files (x86)\VEX Robotics\VEXcode Pro V5\sdk/vexv5\libv5rt.a(vex_motorgroup.cpp.obj)
                0x03804cd4                vex::motor_group::rotation(vex::rotationUnits)
 .text._ZN3vex11motor_group8positionENS_13rotationUnitsE
                0x03804ce0        0x4 C:\Program Files (x86)\VEX Robotics\VEXcode Pro V5\sdk/vexv5\libv5rt.a(vex_motorgroup.cpp.obj)
                0x03804ce0                vex::motor_group::position(vex::rotationUnits)
 .text.vexAdiPortConfigSet
                0x03804ce4       0x28 C:\Program Files (x86)\VEX Robotics\VEXcode Pro V5\sdk/vexv5\libv5rt.a(v5_apiuser.c.obj)
                0x03804ce4                vexAdiPortConfigSet
 .text.vexAdiPortConfigGet
                0x03804d0c       0x28 C:\Program Files (x86)\VEX Robotics\VEXcode Pro V5\sdk/vexv5\libv5rt.a(v5_apiuser.c.obj)
                0x03804d0c                vexAdiPortConfigGet
 .text.vexAdiValueSet
                0x03804d34       0x28 C:\Program Files (x86)\VEX Robotics\VEXcode Pro V5\sdk/vexv5\libv5rt.a(v5_apiuser.c.obj)
                0x03804d34                vexAdiValueSet
 .text.vexMotorVelocitySet
                0x03804d5c       0x20 C:\Program Files (x86)\VEX Robotics\VEXcode Pro V5\sdk/vexv5\libv5rt.a(v5_apiuser.c.obj)
                0x03804d5c                vexMotorVelocitySet
 .text.vexMotorVoltageSet
                0x03804d7c       0x20 C:\Program Files (x86)\VEX Robotics\VEXcode Pro V5\sdk/vexv5\libv5rt.a(v5_apiuser.c.obj)
                0x03804d7c                vexMotorVoltageSet
 .text.vexMotorActualVelocityGet
                0x03804d9c       0x24 C:\Program Files (x86)\VEX Robotics\VEXcode Pro V5\sdk/vexv5\libv5rt.a(v5_apiuser.c.obj)
                0x03804d9c                vexMotorActualVelocityGet
 .text.vexMotorTemperatureGet
                0x03804dc0       0x24 C:\Program Files (x86)\VEX Robotics\VEXcode Pro V5\sdk/vexv5\libv5rt.a(v5_apiuser.c.obj)
                0x03804dc0                vexMotorTemperatureGet
 .text.vexMotorReverseFlagSet
                0x03804de4       0x20 C:\Program Files (x86)\VEX Robotics\VEXcode Pro V5\sdk/vexv5\libv5rt.a(v5_apiuser.c.obj)
                0x03804de4                vexMotorReverseFlagSet
 .text.vexMotorEncoderUnitsSet
                0x03804e04       0x20 C:\Program Files (x86)\VEX Robotics\VEXcode Pro V5\sdk/vexv5\libv5rt.a(v5_apiuser.c.obj)
                0x03804e04                vexMotorEncoderUnitsSet
 .text.vexMotorBrakeModeSet
                0x03804e24       0x20 C:\Program Files (x86)\VEX Robotics\VEXcode Pro V5\sdk/vexv5\libv5rt.a(v5_apiuser.c.obj)
                0x03804e24                vexMotorBrakeModeSet
 .text.vexMotorPositionSet
                0x03804e44       0x28 C:\Program Files (x86)\VEX Robotics\VEXcode Pro V5\sdk/vexv5\libv5rt.a(v5_apiuser.c.obj)
                0x03804e44                vexMotorPositionSet
 .text.vexMotorPositionGet
                0x03804e6c       0x24 C:\Program Files (x86)\VEX Robotics\VEXcode Pro V5\sdk/vexv5\libv5rt.a(v5_apiuser.c.obj)
                0x03804e6c                vexMotorPositionGet
 .text.vexMotorGearingSet
                0x03804e90       0x20 C:\Program Files (x86)\VEX Robotics\VEXcode Pro V5\sdk/vexv5\libv5rt.a(v5_apiuser.c.obj)
                0x03804e90                vexMotorGearingSet
 .text.vexMotorGearingGet
                0x03804eb0       0x18 C:\Program Files (x86)\VEX Robotics\VEXcode Pro V5\sdk/vexv5\libv5rt.a(v5_apiuser.c.obj)
                0x03804eb0                vexMotorGearingGet
 .text.vexImuReset
                0x03804ec8       0x10 C:\Program Files (x86)\VEX Robotics\VEXcode Pro V5\sdk/vexv5\libv5rt.a(v5_apiuser.c.obj)
                0x03804ec8                vexImuReset
 .text.vexImuHeadingGet
                0x03804ed8       0x10 C:\Program Files (x86)\VEX Robotics\VEXcode Pro V5\sdk/vexv5\libv5rt.a(v5_apiuser.c.obj)
                0x03804ed8                vexImuHeadingGet
 .text.vexImuDegreesGet
                0x03804ee8       0x10 C:\Program Files (x86)\VEX Robotics\VEXcode Pro V5\sdk/vexv5\libv5rt.a(v5_apiuser.c.obj)
                0x03804ee8                vexImuDegreesGet
 .text.vexImuStatusGet
                0x03804ef8       0x10 C:\Program Files (x86)\VEX Robotics\VEXcode Pro V5\sdk/vexv5\libv5rt.a(v5_apiuser.c.obj)
                0x03804ef8                vexImuStatusGet
 .text.vexAbsEncPositionSet
                0x03804f08       0x18 C:\Program Files (x86)\VEX Robotics\VEXcode Pro V5\sdk/vexv5\libv5rt.a(v5_apiuser.c.obj)
                0x03804f08                vexAbsEncPositionSet
 .text.vexAbsEncAngleGet
                0x03804f20       0x10 C:\Program Files (x86)\VEX Robotics\VEXcode Pro V5\sdk/vexv5\libv5rt.a(v5_apiuser.c.obj)
                0x03804f20                vexAbsEncAngleGet
 .text.vexAbsEncReverseFlagSet
                0x03804f30       0x18 C:\Program Files (x86)\VEX Robotics\VEXcode Pro V5\sdk/vexv5\libv5rt.a(v5_apiuser.c.obj)
                0x03804f30                vexAbsEncReverseFlagSet
 .text.vexDistanceDistanceGet
                0x03804f48       0x10 C:\Program Files (x86)\VEX Robotics\VEXcode Pro V5\sdk/vexv5\libv5rt.a(v5_apiuser.c.obj)
                0x03804f48                vexDistanceDistanceGet
 .text.vexEventMaskSet
                0x03804f58       0x28 C:\Program Files (x86)\VEX Robotics\VEXcode Pro V5\sdk/vexv5\libv5rt.a(v5_apiuser.c.obj)
                0x03804f58                vexEventMaskSet
 .text.vexEventMaskGet
                0x03804f80       0x18 C:\Program Files (x86)\VEX Robotics\VEXcode Pro V5\sdk/vexv5\libv5rt.a(v5_apiuser.c.obj)
                0x03804f80                vexEventMaskGet
 .text._ZN3vex6deviceD2Ev
                0x03804f98        0x4 C:\Program Files (x86)\VEX Robotics\VEXcode Pro V5\sdk/vexv5\libv5rt.a(vex_device.cpp.obj)
                0x03804f98                vex::device::~device()
                0x03804f98                vex::device::~device()
 .text._ZN3vex6device5valueEv
                0x03804f9c        0x8 C:\Program Files (x86)\VEX Robotics\VEXcode Pro V5\sdk/vexv5\libv5rt.a(vex_device.cpp.obj)
                0x03804f9c                vex::device::value()
 .text._ZN3vex6deviceD0Ev
                0x03804fa4       0x14 C:\Program Files (x86)\VEX Robotics\VEXcode Pro V5\sdk/vexv5\libv5rt.a(vex_device.cpp.obj)
                0x03804fa4                vex::device::~device()
 .text._ZN3vex6device4initEl
                0x03804fb8       0x30 C:\Program Files (x86)\VEX Robotics\VEXcode Pro V5\sdk/vexv5\libv5rt.a(vex_device.cpp.obj)
                0x03804fb8                vex::device::init(long)
 .text._ZN3vex6deviceC2El
                0x03804fe8       0x20 C:\Program Files (x86)\VEX Robotics\VEXcode Pro V5\sdk/vexv5\libv5rt.a(vex_device.cpp.obj)
                0x03804fe8                vex::device::device(long)
                0x03804fe8                vex::device::device(long)
 .text._ZN3vex6device4typeEv
                0x03805008       0x10 C:\Program Files (x86)\VEX Robotics\VEXcode Pro V5\sdk/vexv5\libv5rt.a(vex_device.cpp.obj)
                0x03805008                vex::device::type()
 .text._ZN3vex6device9installedEv
                0x03805018       0x14 C:\Program Files (x86)\VEX Robotics\VEXcode Pro V5\sdk/vexv5\libv5rt.a(vex_device.cpp.obj)
                0x03805018                vex::device::installed()
 .text._ZNK10__cxxabiv117__class_type_info11__do_upcastEPKS0_PPv
                0x0380502c       0x38 C:\Program Files (x86)\VEX Robotics\VEXcode Pro V5\sdk/vexv5/gcc/libs\libstdc++.a(class_type_info.o)
                0x0380502c                __cxxabiv1::__class_type_info::__do_upcast(__cxxabiv1::__class_type_info const*, void**) const
 .text._ZNK10__cxxabiv117__class_type_info20__do_find_public_srcEiPKvPKS0_S2_
                0x03805064        0xc C:\Program Files (x86)\VEX Robotics\VEXcode Pro V5\sdk/vexv5/gcc/libs\libstdc++.a(class_type_info.o)
                0x03805064                __cxxabiv1::__class_type_info::__do_find_public_src(int, void const*, __cxxabiv1::__class_type_info const*, void const*) const
 .text._ZN10__cxxabiv117__class_type_infoD2Ev
                0x03805070       0x14 C:\Program Files (x86)\VEX Robotics\VEXcode Pro V5\sdk/vexv5/gcc/libs\libstdc++.a(class_type_info.o)
                0x03805070                __cxxabiv1::__class_type_info::~__class_type_info()
                0x03805070                __cxxabiv1::__class_type_info::~__class_type_info()
 .text._ZN10__cxxabiv117__class_type_infoD0Ev
                0x03805084       0x1c C:\Program Files (x86)\VEX Robotics\VEXcode Pro V5\sdk/vexv5/gcc/libs\libstdc++.a(class_type_info.o)
                0x03805084                __cxxabiv1::__class_type_info::~__class_type_info()
 .text._ZNK10__cxxabiv117__class_type_info11__do_upcastEPKS0_PKvRNS0_15__upcast_resultE
                0x038050a0       0x18 C:\Program Files (x86)\VEX Robotics\VEXcode Pro V5\sdk/vexv5/gcc/libs\libstdc++.a(class_type_info.o)
                0x038050a0                __cxxabiv1::__class_type_info::__do_upcast(__cxxabiv1::__class_type_info const*, void const*, __cxxabiv1::__class_type_info::__upcast_result&) const
 .text._ZNK10__cxxabiv117__class_type_info10__do_catchEPKSt9type_infoPPvj
                0x038050b8       0x2c C:\Program Files (x86)\VEX Robotics\VEXcode Pro V5\sdk/vexv5/gcc/libs\libstdc++.a(class_type_info.o)
                0x038050b8                __cxxabiv1::__class_type_info::__do_catch(std::type_info const*, void**, unsigned int) const
 .text._ZNK10__cxxabiv117__class_type_info12__do_dyncastEiNS0_10__sub_kindEPKS0_PKvS3_S5_RNS0_16__dyncast_resultE
                0x038050e4       0x40 C:\Program Files (x86)\VEX Robotics\VEXcode Pro V5\sdk/vexv5/gcc/libs\libstdc++.a(class_type_info.o)
                0x038050e4                __cxxabiv1::__class_type_info::__do_dyncast(int, __cxxabiv1::__class_type_info::__sub_kind, __cxxabiv1::__class_type_info const*, void const*, __cxxabiv1::__class_type_info const*, void const*, __cxxabiv1::__class_type_info::__dyncast_result&) const
 .text._ZN10__cxxabiv120__si_class_type_infoD2Ev
                0x03805124       0x14 C:\Program Files (x86)\VEX Robotics\VEXcode Pro V5\sdk/vexv5/gcc/libs\libstdc++.a(si_class_type_info.o)
                0x03805124                __cxxabiv1::__si_class_type_info::~__si_class_type_info()
                0x03805124                __cxxabiv1::__si_class_type_info::~__si_class_type_info()
 .text._ZN10__cxxabiv120__si_class_type_infoD0Ev
                0x03805138       0x1c C:\Program Files (x86)\VEX Robotics\VEXcode Pro V5\sdk/vexv5/gcc/libs\libstdc++.a(si_class_type_info.o)
                0x03805138                __cxxabiv1::__si_class_type_info::~__si_class_type_info()
 .text._ZNK10__cxxabiv120__si_class_type_info20__do_find_public_srcEiPKvPKNS_17__class_type_infoES2_
                0x03805154       0x3c C:\Program Files (x86)\VEX Robotics\VEXcode Pro V5\sdk/vexv5/gcc/libs\libstdc++.a(si_class_type_info.o)
                0x03805154                __cxxabiv1::__si_class_type_info::__do_find_public_src(int, void const*, __cxxabiv1::__class_type_info const*, void const*) const
 .text._ZNK10__cxxabiv120__si_class_type_info12__do_dyncastEiNS_17__class_type_info10__sub_kindEPKS1_PKvS4_S6_RNS1_16__dyncast_resultE
                0x03805190       0x8c C:\Program Files (x86)\VEX Robotics\VEXcode Pro V5\sdk/vexv5/gcc/libs\libstdc++.a(si_class_type_info.o)
                0x03805190                __cxxabiv1::__si_class_type_info::__do_dyncast(int, __cxxabiv1::__class_type_info::__sub_kind, __cxxabiv1::__class_type_info const*, void const*, __cxxabiv1::__class_type_info const*, void const*, __cxxabiv1::__class_type_info::__dyncast_result&) const
 .text._ZNK10__cxxabiv120__si_class_type_info11__do_upcastEPKNS_17__class_type_infoEPKvRNS1_15__upcast_resultE
                0x0380521c       0x2c C:\Program Files (x86)\VEX Robotics\VEXcode Pro V5\sdk/vexv5/gcc/libs\libstdc++.a(si_class_type_info.o)
                0x0380521c                __cxxabiv1::__si_class_type_info::__do_upcast(__cxxabiv1::__class_type_info const*, void const*, __cxxabiv1::__class_type_info::__upcast_result&) const
 .text._ZNSt9type_infoD2Ev
                0x03805248        0x4 C:\Program Files (x86)\VEX Robotics\VEXcode Pro V5\sdk/vexv5/gcc/libs\libstdc++.a(tinfo.o)
                0x03805248                std::type_info::~type_info()
                0x03805248                std::type_info::~type_info()
 .text._ZNKSt9type_info14__is_pointer_pEv
                0x0380524c        0x4 C:\Program Files (x86)\VEX Robotics\VEXcode Pro V5\sdk/vexv5/gcc/libs\libstdc++.a(tinfo.o)
                0x0380524c                std::type_info::__is_pointer_p() const
 .text._ZNKSt9type_info15__is_function_pEv
                0x03805250        0x4 C:\Program Files (x86)\VEX Robotics\VEXcode Pro V5\sdk/vexv5/gcc/libs\libstdc++.a(tinfo.o)
                0x03805250                std::type_info::__is_function_p() const
 .text._ZNKSt9type_infoeqERKS_
                0x03805254       0x2c C:\Program Files (x86)\VEX Robotics\VEXcode Pro V5\sdk/vexv5/gcc/libs\libstdc++.a(tinfo.o)
                0x03805254                std::type_info::operator==(std::type_info const&) const
 .text._ZNSt8ios_base17_M_call_callbacksENS_5eventE
                0x03805280       0x34 C:\Program Files (x86)\VEX Robotics\VEXcode Pro V5\sdk/vexv5/gcc/libs\libstdc++.a(ios.o)
                0x03805280                std::ios_base::_M_call_callbacks(std::ios_base::event)
 .text._ZNSt8ios_base20_M_dispose_callbacksEv
                0x038052b4       0x2c C:\Program Files (x86)\VEX Robotics\VEXcode Pro V5\sdk/vexv5/gcc/libs\libstdc++.a(ios.o)
                0x038052b4                std::ios_base::_M_dispose_callbacks()
 .text._ZNSt8ios_baseD2Ev
                0x038052e0       0x38 C:\Program Files (x86)\VEX Robotics\VEXcode Pro V5\sdk/vexv5/gcc/libs\libstdc++.a(ios.o)
                0x038052e0                std::ios_base::~ios_base()
                0x038052e0                std::ios_base::~ios_base()
 .text._ZNSt8ios_baseD0Ev
                0x03805318       0x14 C:\Program Files (x86)\VEX Robotics\VEXcode Pro V5\sdk/vexv5/gcc/libs\libstdc++.a(ios.o)
                0x03805318                std::ios_base::~ios_base()
 .text._ZN10__cxxabiv121__vmi_class_type_infoD2Ev
                0x0380532c       0x14 C:\Program Files (x86)\VEX Robotics\VEXcode Pro V5\sdk/vexv5/gcc/libs\libstdc++.a(vmi_class_type_info.o)
                0x0380532c                __cxxabiv1::__vmi_class_type_info::~__vmi_class_type_info()
                0x0380532c                __cxxabiv1::__vmi_class_type_info::~__vmi_class_type_info()
 .text._ZN10__cxxabiv121__vmi_class_type_infoD0Ev
                0x03805340       0x1c C:\Program Files (x86)\VEX Robotics\VEXcode Pro V5\sdk/vexv5/gcc/libs\libstdc++.a(vmi_class_type_info.o)
                0x03805340                __cxxabiv1::__vmi_class_type_info::~__vmi_class_type_info()
 .text._ZNK10__cxxabiv121__vmi_class_type_info20__do_find_public_srcEiPKvPKNS_17__class_type_infoES2_
                0x0380535c       0x8c C:\Program Files (x86)\VEX Robotics\VEXcode Pro V5\sdk/vexv5/gcc/libs\libstdc++.a(vmi_class_type_info.o)
                0x0380535c                __cxxabiv1::__vmi_class_type_info::__do_find_public_src(int, void const*, __cxxabiv1::__class_type_info const*, void const*) const
 .text._ZNK10__cxxabiv121__vmi_class_type_info12__do_dyncastEiNS_17__class_type_info10__sub_kindEPKS1_PKvS4_S6_RNS1_16__dyncast_resultE
                0x038053e8      0x380 C:\Program Files (x86)\VEX Robotics\VEXcode Pro V5\sdk/vexv5/gcc/libs\libstdc++.a(vmi_class_type_info.o)
                0x038053e8                __cxxabiv1::__vmi_class_type_info::__do_dyncast(int, __cxxabiv1::__class_type_info::__sub_kind, __cxxabiv1::__class_type_info const*, void const*, __cxxabiv1::__class_type_info const*, void const*, __cxxabiv1::__class_type_info::__dyncast_result&) const
 .text._ZNK10__cxxabiv121__vmi_class_type_info11__do_upcastEPKNS_17__class_type_infoEPKvRNS1_15__upcast_resultE
                0x03805768      0x164 C:\Program Files (x86)\VEX Robotics\VEXcode Pro V5\sdk/vexv5/gcc/libs\libstdc++.a(vmi_class_type_info.o)
                0x03805768                __cxxabiv1::__vmi_class_type_info::__do_upcast(__cxxabiv1::__class_type_info const*, void const*, __cxxabiv1::__class_type_info::__upcast_result&) const
 .text.atof     0x038058cc        0x8 C:\Program Files (x86)\VEX Robotics\VEXcode Pro V5\sdk/vexv5/gcc/libs\libc.a(lib_a-atof.o)
                0x038058cc                atof
 .text.__libc_fini_array
                0x038058d4       0x30 C:\Program Files (x86)\VEX Robotics\VEXcode Pro V5\sdk/vexv5/gcc/libs\libc.a(lib_a-fini.o)
                0x038058d4                __libc_fini_array
 .text.__libc_init_array
                0x03805904       0x58 C:\Program Files (x86)\VEX Robotics\VEXcode Pro V5\sdk/vexv5/gcc/libs\libc.a(lib_a-init.o)
                0x03805904                __libc_init_array
 .text._puts_r  0x0380595c       0x68 C:\Program Files (x86)\VEX Robotics\VEXcode Pro V5\sdk/vexv5/gcc/libs\libc.a(lib_a-puts.o)
                0x0380595c                _puts_r
 .text.puts     0x038059c4       0x10 C:\Program Files (x86)\VEX Robotics\VEXcode Pro V5\sdk/vexv5/gcc/libs\libc.a(lib_a-puts.o)
                0x038059c4                puts
 .text.fmin     0x038059d4       0x4c C:\Program Files (x86)\VEX Robotics\VEXcode Pro V5\sdk/vexv5/gcc/libs\libm.a(lib_a-s_fmin.o)
                0x038059d4                fmin
 .text.fmin.__stub
                0x03805a20       0x20 linker stubs
 *(.gnu.linkonce.t.*)
 *(.plt)
 *(.gnu_warning)
 *(.gcc_except_table)
 *(.glue_7)
 .glue_7        0x00000000        0x0 linker stubs
 *(.glue_7t)
 .glue_7t       0x00000000        0x0 linker stubs
 *(.vfp11_veneer)
 .vfp11_veneer  0x00000000        0x0 linker stubs
 *(.ARM.extab)
 *(.gnu.linkonce.armextab.*)

.v4_bx          0x03805a40        0x0
 .v4_bx         0x00000000        0x0 linker stubs

.iplt           0x03805a40        0x0
 .iplt          0x00000000        0x0 build/src/main.o

.init
 *(.init)

.fini
 *(.fini)

.rodata         0x03805a40      0x4ec
                0x03805a40                __rodata_start = .
 *(.rodata)
 *(.rodata.*)
 .rodata.str1.1
                0x03805a40       0x1b build/src/main.o
 .rodata.str1.1
                0x03805a5b       0x66 build/src/pure-pursuit.o
 .rodata.str1.1
                0x03805ac1       0x18 build/src/paths.o
                                 0x35 (size before relaxing)
 .rodata.str1.1
                0x03805ad9       0x2e C:\Program Files (x86)\VEX Robotics\VEXcode Pro V5\sdk/vexv5\libv5rt.a(v5_startup.c.obj)
 *fill*         0x03805b07        0x1 
 .rodata._ZN3vex3fwdE
                0x03805b08        0x4 C:\Program Files (x86)\VEX Robotics\VEXcode Pro V5\sdk/vexv5\libv5rt.a(vex_global.cpp.obj)
                0x03805b08                vex::fwd
 .rodata._ZN3vex5PORT3E
                0x03805b0c        0x4 C:\Program Files (x86)\VEX Robotics\VEXcode Pro V5\sdk/vexv5\libv5rt.a(vex_global.cpp.obj)
                0x03805b0c                vex::PORT3
 .rodata._ZN3vex5PORT1E
                0x03805b10        0x4 C:\Program Files (x86)\VEX Robotics\VEXcode Pro V5\sdk/vexv5\libv5rt.a(vex_global.cpp.obj)
                0x03805b10                vex::PORT1
 .rodata._ZN3vex7reverseE
                0x03805b14        0x4 C:\Program Files (x86)\VEX Robotics\VEXcode Pro V5\sdk/vexv5\libv5rt.a(vex_global.cpp.obj)
                0x03805b14                vex::reverse
 .rodata._ZN3vex4voltE
                0x03805b18        0x4 C:\Program Files (x86)\VEX Robotics\VEXcode Pro V5\sdk/vexv5\libv5rt.a(vex_global.cpp.obj)
                0x03805b18                vex::volt
 .rodata._ZN3vex6PORT10E
                0x03805b1c        0x4 C:\Program Files (x86)\VEX Robotics\VEXcode Pro V5\sdk/vexv5\libv5rt.a(vex_global.cpp.obj)
                0x03805b1c                vex::PORT10
 .rodata._ZN3vex5PORT5E
                0x03805b20        0x4 C:\Program Files (x86)\VEX Robotics\VEXcode Pro V5\sdk/vexv5\libv5rt.a(vex_global.cpp.obj)
                0x03805b20                vex::PORT5
 .rodata._ZN3vex5blackE
                0x03805b24        0x4 C:\Program Files (x86)\VEX Robotics\VEXcode Pro V5\sdk/vexv5\libv5rt.a(vex_global.cpp.obj)
                0x03805b24                vex::black
 .rodata._ZN3vex4msecE
                0x03805b28        0x4 C:\Program Files (x86)\VEX Robotics\VEXcode Pro V5\sdk/vexv5\libv5rt.a(vex_global.cpp.obj)
                0x03805b28                vex::msec
 .rodata._ZN3vex5PORT9E
                0x03805b2c        0x4 C:\Program Files (x86)\VEX Robotics\VEXcode Pro V5\sdk/vexv5\libv5rt.a(vex_global.cpp.obj)
                0x03805b2c                vex::PORT9
 .rodata._ZN3vex6PORT21E
                0x03805b30        0x4 C:\Program Files (x86)\VEX Robotics\VEXcode Pro V5\sdk/vexv5\libv5rt.a(vex_global.cpp.obj)
                0x03805b30                vex::PORT21
 .rodata._ZN3vex5PORT2E
                0x03805b34        0x4 C:\Program Files (x86)\VEX Robotics\VEXcode Pro V5\sdk/vexv5\libv5rt.a(vex_global.cpp.obj)
                0x03805b34                vex::PORT2
 .rodata._ZN3vex3rpmE
                0x03805b38        0x4 C:\Program Files (x86)\VEX Robotics\VEXcode Pro V5\sdk/vexv5\libv5rt.a(vex_global.cpp.obj)
                0x03805b38                vex::rpm
 .rodata._ZN3vex5PORT6E
                0x03805b3c        0x4 C:\Program Files (x86)\VEX Robotics\VEXcode Pro V5\sdk/vexv5\libv5rt.a(vex_global.cpp.obj)
                0x03805b3c                vex::PORT6
 .rodata._ZN3vex3degE
                0x03805b40        0x4 C:\Program Files (x86)\VEX Robotics\VEXcode Pro V5\sdk/vexv5\libv5rt.a(vex_global.cpp.obj)
                0x03805b40                vex::deg
 .rodata._ZN3vex7degreesE
                0x03805b44        0x4 C:\Program Files (x86)\VEX Robotics\VEXcode Pro V5\sdk/vexv5\libv5rt.a(vex_global.cpp.obj)
                0x03805b44                vex::degrees
 .rodata._ZN3vex6PORT22E
                0x03805b48        0x4 C:\Program Files (x86)\VEX Robotics\VEXcode Pro V5\sdk/vexv5\libv5rt.a(vex_global.cpp.obj)
                0x03805b48                vex::PORT22
 .rodata._ZN3vex4holdE
                0x03805b4c        0x4 C:\Program Files (x86)\VEX Robotics\VEXcode Pro V5\sdk/vexv5\libv5rt.a(vex_global.cpp.obj)
                0x03805b4c                vex::hold
 .rodata._ZN3vex6PORT12E
                0x03805b50        0x4 C:\Program Files (x86)\VEX Robotics\VEXcode Pro V5\sdk/vexv5\libv5rt.a(vex_global.cpp.obj)
                0x03805b50                vex::PORT12
 .rodata._ZN3vex5PORT7E
                0x03805b54        0x4 C:\Program Files (x86)\VEX Robotics\VEXcode Pro V5\sdk/vexv5\libv5rt.a(vex_global.cpp.obj)
                0x03805b54                vex::PORT7
 .rodata._ZN3vex8ratio6_1E
                0x03805b58        0x4 C:\Program Files (x86)\VEX Robotics\VEXcode Pro V5\sdk/vexv5\libv5rt.a(vex_global.cpp.obj)
                0x03805b58                vex::ratio6_1
 .rodata._ZN3vex5coastE
                0x03805b5c        0x4 C:\Program Files (x86)\VEX Robotics\VEXcode Pro V5\sdk/vexv5\libv5rt.a(vex_global.cpp.obj)
                0x03805b5c                vex::coast
 .rodata._ZN3vex5PORT4E
                0x03805b60        0x4 C:\Program Files (x86)\VEX Robotics\VEXcode Pro V5\sdk/vexv5\libv5rt.a(vex_global.cpp.obj)
                0x03805b60                vex::PORT4
 .rodata._ZN3vex5PORT8E
                0x03805b64        0x4 C:\Program Files (x86)\VEX Robotics\VEXcode Pro V5\sdk/vexv5\libv5rt.a(vex_global.cpp.obj)
                0x03805b64                vex::PORT8
 .rodata._ZN3vex9ratio18_1E
                0x03805b68        0x4 C:\Program Files (x86)\VEX Robotics\VEXcode Pro V5\sdk/vexv5\libv5rt.a(vex_global.cpp.obj)
                0x03805b68                vex::ratio18_1
 .rodata._ZN3vex6inchesE
                0x03805b6c        0x4 C:\Program Files (x86)\VEX Robotics\VEXcode Pro V5\sdk/vexv5\libv5rt.a(vex_global.cpp.obj)
                0x03805b6c                vex::inches
 .rodata._ZN3vex7secondsE
                0x03805b70        0x4 C:\Program Files (x86)\VEX Robotics\VEXcode Pro V5\sdk/vexv5\libv5rt.a(vex_global.cpp.obj)
                0x03805b70                vex::seconds
 *fill*         0x03805b74        0x4 
 .rodata._ZTVN3vex5motorE
                0x03805b78       0x18 C:\Program Files (x86)\VEX Robotics\VEXcode Pro V5\sdk/vexv5\libv5rt.a(vex_motor.cpp.obj)
                0x03805b78                vtable for vex::motor
 .rodata._ZTVN3vex8inertialE
                0x03805b90       0x68 C:\Program Files (x86)\VEX Robotics\VEXcode Pro V5\sdk/vexv5\libv5rt.a(vex_imu.cpp.obj)
                0x03805b90                vtable for vex::inertial
 .rodata._ZTVN3vex8rotationE
                0x03805bf8       0x18 C:\Program Files (x86)\VEX Robotics\VEXcode Pro V5\sdk/vexv5\libv5rt.a(vex_rotation.cpp.obj)
                0x03805bf8                vtable for vex::rotation
 .rodata._ZTVN3vex8distanceE
                0x03805c10       0x18 C:\Program Files (x86)\VEX Robotics\VEXcode Pro V5\sdk/vexv5\libv5rt.a(vex_distance.cpp.obj)
                0x03805c10                vtable for vex::distance
 .rodata.CSWTCH.16
                0x03805c28        0xb C:\Program Files (x86)\VEX Robotics\VEXcode Pro V5\sdk/vexv5\libv5rt.a(vex_controller.cpp.obj)
 .rodata.CSWTCH.18
                0x03805c33        0xb C:\Program Files (x86)\VEX Robotics\VEXcode Pro V5\sdk/vexv5\libv5rt.a(vex_controller.cpp.obj)
 .rodata.CSWTCH.24
                0x03805c3e        0x3 C:\Program Files (x86)\VEX Robotics\VEXcode Pro V5\sdk/vexv5\libv5rt.a(vex_controller.cpp.obj)
 .rodata.str1.1
                0x03805c41       0x14 C:\Program Files (x86)\VEX Robotics\VEXcode Pro V5\sdk/vexv5\libv5rt.a(vex_task.cpp.obj)
 .rodata.str1.1
                0x03805c55       0x2d C:\Program Files (x86)\VEX Robotics\VEXcode Pro V5\sdk/vexv5\libv5rt.a(vex_brain.cpp.obj)
 .rodata.CSWTCH.36
                0x03805c82       0x10 C:\Program Files (x86)\VEX Robotics\VEXcode Pro V5\sdk/vexv5\libv5rt.a(vex_triport.cpp.obj)
 *fill*         0x03805c92        0x6 
 .rodata._ZTVN3vex7triportE
                0x03805c98       0x18 C:\Program Files (x86)\VEX Robotics\VEXcode Pro V5\sdk/vexv5\libv5rt.a(vex_triport.cpp.obj)
                0x03805c98                vtable for vex::triport
 .rodata.CSWTCH.31
                0x03805cb0        0xe C:\Program Files (x86)\VEX Robotics\VEXcode Pro V5\sdk/vexv5\libv5rt.a(vex_triport.cpp.obj)
 *fill*         0x03805cbe        0x2 
 .rodata._ZTVN3vex6deviceE
                0x03805cc0       0x18 C:\Program Files (x86)\VEX Robotics\VEXcode Pro V5\sdk/vexv5\libv5rt.a(vex_device.cpp.obj)
                0x03805cc0                vtable for vex::device
 .rodata._ZTCSt19basic_istringstreamIcSt11char_traitsIcESaIcEE0_Si
                0x03805cd8       0x28 C:\Program Files (x86)\VEX Robotics\VEXcode Pro V5\sdk/vexv5/gcc/libs\libstdc++.a(sstream-inst.o)
                0x03805cd8                construction vtable for std::istream-in-std::basic_istringstream<char, std::char_traits<char>, std::allocator<char> >
 .rodata._ZTTSt19basic_istringstreamIcSt11char_traitsIcESaIcEE
                0x03805d00       0x10 C:\Program Files (x86)\VEX Robotics\VEXcode Pro V5\sdk/vexv5/gcc/libs\libstdc++.a(sstream-inst.o)
                0x03805d00                VTT for std::basic_istringstream<char, std::char_traits<char>, std::allocator<char> >
 .rodata._ZTVSt19basic_istringstreamIcSt11char_traitsIcESaIcEE
                0x03805d10       0x28 C:\Program Files (x86)\VEX Robotics\VEXcode Pro V5\sdk/vexv5/gcc/libs\libstdc++.a(sstream-inst.o)
                0x03805d10                vtable for std::basic_istringstream<char, std::char_traits<char>, std::allocator<char> >
 .rodata._ZTSSt19basic_istringstreamIcSt11char_traitsIcESaIcEE
                0x03805d38       0x32 C:\Program Files (x86)\VEX Robotics\VEXcode Pro V5\sdk/vexv5/gcc/libs\libstdc++.a(sstream-inst.o)
                0x03805d38                typeinfo name for std::basic_istringstream<char, std::char_traits<char>, std::allocator<char> >
 *fill*         0x03805d6a        0x2 
 .rodata._ZTISt19basic_istringstreamIcSt11char_traitsIcESaIcEE
                0x03805d6c        0xc C:\Program Files (x86)\VEX Robotics\VEXcode Pro V5\sdk/vexv5/gcc/libs\libstdc++.a(sstream-inst.o)
                0x03805d6c                typeinfo for std::basic_istringstream<char, std::char_traits<char>, std::allocator<char> >
 .rodata._ZTVN10__cxxabiv117__class_type_infoE
                0x03805d78       0x2c C:\Program Files (x86)\VEX Robotics\VEXcode Pro V5\sdk/vexv5/gcc/libs\libstdc++.a(class_type_info.o)
                0x03805d78                vtable for __cxxabiv1::__class_type_info
 .rodata._ZTIN10__cxxabiv117__class_type_infoE
                0x03805da4        0xc C:\Program Files (x86)\VEX Robotics\VEXcode Pro V5\sdk/vexv5/gcc/libs\libstdc++.a(class_type_info.o)
                0x03805da4                typeinfo for __cxxabiv1::__class_type_info
 .rodata._ZTSN10__cxxabiv117__class_type_infoE
                0x03805db0       0x22 C:\Program Files (x86)\VEX Robotics\VEXcode Pro V5\sdk/vexv5/gcc/libs\libstdc++.a(class_type_info.o)
                0x03805db0                typeinfo name for __cxxabiv1::__class_type_info
 *fill*         0x03805dd2        0x6 
 .rodata._ZTVN10__cxxabiv120__si_class_type_infoE
                0x03805dd8       0x2c C:\Program Files (x86)\VEX Robotics\VEXcode Pro V5\sdk/vexv5/gcc/libs\libstdc++.a(si_class_type_info.o)
                0x03805dd8                vtable for __cxxabiv1::__si_class_type_info
 .rodata._ZTIN10__cxxabiv120__si_class_type_infoE
                0x03805e04        0xc C:\Program Files (x86)\VEX Robotics\VEXcode Pro V5\sdk/vexv5/gcc/libs\libstdc++.a(si_class_type_info.o)
                0x03805e04                typeinfo for __cxxabiv1::__si_class_type_info
 .rodata._ZTSN10__cxxabiv120__si_class_type_infoE
                0x03805e10       0x25 C:\Program Files (x86)\VEX Robotics\VEXcode Pro V5\sdk/vexv5/gcc/libs\libstdc++.a(si_class_type_info.o)
                0x03805e10                typeinfo name for __cxxabiv1::__si_class_type_info
 *fill*         0x03805e35        0x3 
 .rodata._ZTISt9type_info
                0x03805e38        0x8 C:\Program Files (x86)\VEX Robotics\VEXcode Pro V5\sdk/vexv5/gcc/libs\libstdc++.a(tinfo.o)
                0x03805e38                typeinfo for std::type_info
 .rodata._ZTSSt9type_info
                0x03805e40        0xd C:\Program Files (x86)\VEX Robotics\VEXcode Pro V5\sdk/vexv5/gcc/libs\libstdc++.a(tinfo.o)
                0x03805e40                typeinfo name for std::type_info
 *fill*         0x03805e4d        0x3 
 .rodata._ZTISt9basic_iosIcSt11char_traitsIcEE
                0x03805e50        0xc C:\Program Files (x86)\VEX Robotics\VEXcode Pro V5\sdk/vexv5/gcc/libs\libstdc++.a(ios-inst.o)
                0x03805e50                typeinfo for std::basic_ios<char, std::char_traits<char> >
 .rodata._ZTSSt9basic_iosIcSt11char_traitsIcEE
                0x03805e5c       0x22 C:\Program Files (x86)\VEX Robotics\VEXcode Pro V5\sdk/vexv5/gcc/libs\libstdc++.a(ios-inst.o)
                0x03805e5c                typeinfo name for std::basic_ios<char, std::char_traits<char> >
 *fill*         0x03805e7e        0x2 
 .rodata._ZTVSt8ios_base
                0x03805e80       0x10 C:\Program Files (x86)\VEX Robotics\VEXcode Pro V5\sdk/vexv5/gcc/libs\libstdc++.a(ios.o)
                0x03805e80                vtable for std::ios_base
 .rodata._ZTISt8ios_base
                0x03805e90        0x8 C:\Program Files (x86)\VEX Robotics\VEXcode Pro V5\sdk/vexv5/gcc/libs\libstdc++.a(ios.o)
                0x03805e90                typeinfo for std::ios_base
 .rodata._ZTSSt8ios_base
                0x03805e98        0xc C:\Program Files (x86)\VEX Robotics\VEXcode Pro V5\sdk/vexv5/gcc/libs\libstdc++.a(ios.o)
                0x03805e98                typeinfo name for std::ios_base
 .rodata._ZTISi
                0x03805ea4       0x18 C:\Program Files (x86)\VEX Robotics\VEXcode Pro V5\sdk/vexv5/gcc/libs\libstdc++.a(istream-inst.o)
                0x03805ea4                typeinfo for std::istream
 .rodata._ZTSSi
                0x03805ebc        0x3 C:\Program Files (x86)\VEX Robotics\VEXcode Pro V5\sdk/vexv5/gcc/libs\libstdc++.a(istream-inst.o)
                0x03805ebc                typeinfo name for std::istream
 *fill*         0x03805ebf        0x1 
 .rodata._ZTIN10__cxxabiv121__vmi_class_type_infoE
                0x03805ec0        0xc C:\Program Files (x86)\VEX Robotics\VEXcode Pro V5\sdk/vexv5/gcc/libs\libstdc++.a(vmi_class_type_info.o)
                0x03805ec0                typeinfo for __cxxabiv1::__vmi_class_type_info
 .rodata._ZTSN10__cxxabiv121__vmi_class_type_infoE
                0x03805ecc       0x26 C:\Program Files (x86)\VEX Robotics\VEXcode Pro V5\sdk/vexv5/gcc/libs\libstdc++.a(vmi_class_type_info.o)
                0x03805ecc                typeinfo name for __cxxabiv1::__vmi_class_type_info
 *fill*         0x03805ef2        0x6 
 .rodata._ZTVN10__cxxabiv121__vmi_class_type_infoE
                0x03805ef8       0x2c C:\Program Files (x86)\VEX Robotics\VEXcode Pro V5\sdk/vexv5/gcc/libs\libstdc++.a(vmi_class_type_info.o)
                0x03805ef8                vtable for __cxxabiv1::__vmi_class_type_info
 .rodata.str1.4
                0x03805f24        0x2 C:\Program Files (x86)\VEX Robotics\VEXcode Pro V5\sdk/vexv5/gcc/libs\libc.a(lib_a-impure.o)
 *fill*         0x03805f26        0x2 
 .rodata.str1.4
                0x03805f28        0x4 C:\Program Files (x86)\VEX Robotics\VEXcode Pro V5\sdk/vexv5/gcc/libs\libc.a(lib_a-puts.o)
                                  0x2 (size before relaxing)
 *(.gnu.linkonce.r.*)
                0x03805f2c                __rodata_end = .

.ARM.extab.text._ZNSt8ios_base17_M_call_callbacksENS_5eventE
                0x03805f2c       0x28
 .ARM.extab.text._ZNSt8ios_base17_M_call_callbacksENS_5eventE
                0x03805f2c       0x28 C:\Program Files (x86)\VEX Robotics\VEXcode Pro V5\sdk/vexv5/gcc/libs\libstdc++.a(ios.o)

.rodata1        0x03805f54        0x0
                0x03805f54                __rodata1_start = .
 *(.rodata1)
 *(.rodata1.*)
                0x03805f54                __rodata1_end = .

.sdata2         0x03805f54        0x0
                0x03805f54                __sdata2_start = .
 *(.sdata2)
 *(.sdata2.*)
 *(.gnu.linkonce.s2.*)
                0x03805f54                __sdata2_end = .

.sbss2          0x03805f54        0x0
                0x03805f54                __sbss2_start = .
 *(.sbss2)
 *(.sbss2.*)
 *(.gnu.linkonce.sb2.*)
                0x03805f54                __sbss2_end = .

.data           0x03805f58      0x4fc
                0x03805f58                __data_start = .
 *(.data)
 *(.data.*)
 .data.turnkP   0x03805f58        0x8 build/src/pid.o
                0x03805f58                turnkP
 .data.turnkD   0x03805f60        0x8 build/src/pid.o
                0x03805f60                turnkD
 .data.pivotP   0x03805f68        0x8 build/src/pid.o
                0x03805f68                pivotP
 .data.pivotI   0x03805f70        0x8 build/src/pid.o
                0x03805f70                pivotI
 .data.curveLeftVar
                0x03805f78        0x8 build/src/pid.o
                0x03805f78                curveLeftVar
 .data.curveRightVar
                0x03805f80        0x8 build/src/pid.o
                0x03805f80                curveRightVar
 .data.maxTurningPower
                0x03805f88        0x8 build/src/pid.o
                0x03805f88                maxTurningPower
 .data.enableDrivePID
                0x03805f90        0x1 build/src/pid.o
                0x03805f90                enableDrivePID
 *fill*         0x03805f91        0x7 
 .data.timeLimit
                0x03805f98        0x8 build/src/pid.o
                0x03805f98                timeLimit
 .data.rightStop
                0x03805fa0        0x1 build/src/pid.o
                0x03805fa0                rightStop
 .data.leftStop
                0x03805fa1        0x1 build/src/pid.o
                0x03805fa1                leftStop
 .data.stopVal  0x03805fa2        0x1 build/src/pid.o
                0x03805fa2                stopVal
 *fill*         0x03805fa3        0x5 
 .data.KpMove   0x03805fa8        0x8 build/src/pid.o
                0x03805fa8                KpMove
 .data.KdMove   0x03805fb0        0x8 build/src/pid.o
                0x03805fb0                KdMove
 .data.maxMoveVoltage
                0x03805fb8        0x8 build/src/pid.o
                0x03805fb8                maxMoveVoltage
 .data.enableDist
                0x03805fc0        0x1 build/src/pid.o
                0x03805fc0                enableDist
 *fill*         0x03805fc1        0x7 
 .data.b        0x03805fc8        0x8 build/src/pure-pursuit.o
                0x03805fc8                b
 .data.max_vel  0x03805fd0        0x8 build/src/pure-pursuit.o
                0x03805fd0                max_vel
 .data.turning_const