Archive member included because of file (symbol)

C:\Program Files (x86)\VEX Robotics\VEXcode Pro V5\sdk/vexv5\libv5rt.a(v5_startup.c.obj)
                              (vexStartup)
C:\Program Files (x86)\VEX Robotics\VEXcode Pro V5\sdk/vexv5\libv5rt.a(v5_util.c.obj)
                              C:\Program Files (x86)\VEX Robotics\VEXcode Pro V5\sdk/vexv5\libv5rt.a(v5_startup.c.obj) (vexStdlibVersionLinked)
C:\Program Files (x86)\VEX Robotics\VEXcode Pro V5\sdk/vexv5\libv5rt.a(v5_apijump.c.obj)
                              C:\Program Files (x86)\VEX Robotics\VEXcode Pro V5\sdk/vexv5\libv5rt.a(v5_startup.c.obj) (vexPrivateApiEnable)
C:\Program Files (x86)\VEX Robotics\VEXcode Pro V5\sdk/vexv5\libv5rt.a(v5_apiversions.c.obj)
                              C:\Program Files (x86)\VEX Robotics\VEXcode Pro V5\sdk/vexv5\libv5rt.a(v5_apijump.c.obj) (vexSystemVersion)
C:\Program Files (x86)\VEX Robotics\VEXcode Pro V5\sdk/vexv5\libv5rt.a(vex_global.cpp.obj)
                              build/src/main.o (vex::wait(double, vex::timeUnits))
C:\Program Files (x86)\VEX Robotics\VEXcode Pro V5\sdk/vexv5\libv5rt.a(vex_motor.cpp.obj)
                              build/src/robot-config.o (vex::motor::~motor())
C:\Program Files (x86)\VEX Robotics\VEXcode Pro V5\sdk/vexv5\libv5rt.a(vex_imu.cpp.obj)
                              build/src/main.o (vex::inertial::setRotation(double, vex::rotationUnits))
C:\Program Files (x86)\VEX Robotics\VEXcode Pro V5\sdk/vexv5\libv5rt.a(vex_rotation.cpp.obj)
                              build/src/robot-config.o (vex::rotation::~rotation())
C:\Program Files (x86)\VEX Robotics\VEXcode Pro V5\sdk/vexv5\libv5rt.a(vex_controller.cpp.obj)
                              build/src/robot-config.o (vex::controller::~controller())
C:\Program Files (x86)\VEX Robotics\VEXcode Pro V5\sdk/vexv5\libv5rt.a(vex_task.cpp.obj)
                              build/src/main.o (vex::task::task(int (*)()))
C:\Program Files (x86)\VEX Robotics\VEXcode Pro V5\sdk/vexv5\libv5rt.a(vex_thread.cpp.obj)
                              C:\Program Files (x86)\VEX Robotics\VEXcode Pro V5\sdk/vexv5\libv5rt.a(vex_global.cpp.obj) (vex::this_thread::sleep_for(unsigned long))
C:\Program Files (x86)\VEX Robotics\VEXcode Pro V5\sdk/vexv5\libv5rt.a(vex_event.cpp.obj)
                              C:\Program Files (x86)\VEX Robotics\VEXcode Pro V5\sdk/vexv5\libv5rt.a(vex_imu.cpp.obj) (vex::event::init(unsigned long, unsigned long, void (*)()))
C:\Program Files (x86)\VEX Robotics\VEXcode Pro V5\sdk/vexv5\libv5rt.a(vex_mevent.cpp.obj)
                              C:\Program Files (x86)\VEX Robotics\VEXcode Pro V5\sdk/vexv5\libv5rt.a(vex_controller.cpp.obj) (vex::mevent::mevent(unsigned long, unsigned long))
C:\Program Files (x86)\VEX Robotics\VEXcode Pro V5\sdk/vexv5\libv5rt.a(vex_brain.cpp.obj)
                              build/src/robot-config.o (vex::brain::brain())
C:\Program Files (x86)\VEX Robotics\VEXcode Pro V5\sdk/vexv5\libv5rt.a(vex_competition.cpp.obj)
                              build/src/main.o (vex::competition::competition())
C:\Program Files (x86)\VEX Robotics\VEXcode Pro V5\sdk/vexv5\libv5rt.a(vex_triport.cpp.obj)
                              C:\Program Files (x86)\VEX Robotics\VEXcode Pro V5\sdk/vexv5\libv5rt.a(vex_brain.cpp.obj) (vex::triport::~triport())
C:\Program Files (x86)\VEX Robotics\VEXcode Pro V5\sdk/vexv5\libv5rt.a(vex_color.cpp.obj)
                              C:\Program Files (x86)\VEX Robotics\VEXcode Pro V5\sdk/vexv5\libv5rt.a(vex_brain.cpp.obj) (vex::color::operator unsigned long() const)
C:\Program Files (x86)\VEX Robotics\VEXcode Pro V5\sdk/vexv5\libv5rt.a(vex_timer.cpp.obj)
                              build/src/main.o (vex::timer::~timer())
C:\Program Files (x86)\VEX Robotics\VEXcode Pro V5\sdk/vexv5\libv5rt.a(vex_motorgroup.cpp.obj)
                              build/src/robot-config.o (vex::motor_group::motor_group())
C:\Program Files (x86)\VEX Robotics\VEXcode Pro V5\sdk/vexv5\libv5rt.a(v5_apiuser.c.obj)
                              C:\Program Files (x86)\VEX Robotics\VEXcode Pro V5\sdk/vexv5\libv5rt.a(vex_triport.cpp.obj) (vexAdiPortConfigSet)
C:\Program Files (x86)\VEX Robotics\VEXcode Pro V5\sdk/vexv5\libv5rt.a(vex_device.cpp.obj)
                              C:\Program Files (x86)\VEX Robotics\VEXcode Pro V5\sdk/vexv5\libv5rt.a(vex_motor.cpp.obj) (vex::device::~device())
C:\Program Files (x86)\VEX Robotics\VEXcode Pro V5\sdk/vexv5/gcc/libs\libstdc++.a(sstream-inst.o)
                              build/src/paths.o (VTT for std::basic_istringstream<char, std::char_traits<char>, std::allocator<char> >)
C:\Program Files (x86)\VEX Robotics\VEXcode Pro V5\sdk/vexv5/gcc/libs\libstdc++.a(streambuf-inst.o)
                              C:\Program Files (x86)\VEX Robotics\VEXcode Pro V5\sdk/vexv5/gcc/libs\libstdc++.a(sstream-inst.o) (vtable for std::basic_streambuf<char, std::char_traits<char> >)
[...]
Memory Configuration

Name             Origin             Length             Attributes
ps7_ddr_0_S_AXI_BASEADDR 0x03800000         0x04800000
*default*        0x00000000         0xffffffff

Linker script and memory map

                0x00002000                _STACK_SIZE = DEFINED (_STACK_SIZE)?_STACK_SIZE:0x2000
                0x00100000                _HEAP_SIZE = DEFINED (_HEAP_SIZE)?_HEAP_SIZE:0x100000
                0x00000400                _ABORT_STACK_SIZE = DEFINED (_ABORT_STACK_SIZE)?_ABORT_STACK_SIZE:0x400
                0x00000800                _SUPERVISOR_STACK_SIZE = DEFINED (_SUPERVISOR_STACK_SIZE)?_SUPERVISOR_STACK_SIZE:0x800
                0x00000400                _IRQ_STACK_SIZE = DEFINED (_IRQ_STACK_SIZE)?_IRQ_STACK_SIZE:0x400
                0x00000400                _FIQ_STACK_SIZE = DEFINED (_FIQ_STACK_SIZE)?_FIQ_STACK_SIZE:0x400
                0x00000400                _UNDEF_STACK_SIZE = DEFINED (_UNDEF_STACK_SIZE)?_UNDEF_STACK_SIZE:0x400

.text           0x03800000     0x6410
 *(.vectors)
 *(.boot_data)
 .boot_data     0x03800000       0x20 C:\Program Files (x86)\VEX Robotics\VEXcode Pro V5\sdk/vexv5\libv5rt.a(v5_startup.c.obj)
                0x03800000                vexCodeSig
                0x00000020                . = 0x20
 *(.boot)
 .boot          0x03800020       0xbc C:\Program Files (x86)\VEX Robotics\VEXcode Pro V5\sdk/vexv5\libv5rt.a(v5_startup.c.obj)
                0x03800020                vexStartup
                0x03800100                . = ALIGN (0x40)
 *fill*         0x038000dc       0x24 
 *(.freertos_vectors)
 *(.text)
 .text          0x03800100       0x3a C:\Program Files (x86)\VEX Robotics\VEXcode Pro V5\sdk/vexv5/gcc/libs\libc.a(lib_a-aeabi_memmove-soft.o)
                0x03800100                __aeabi_memmove4
                0x03800100                __aeabi_memmove
                0x03800100                __aeabi_memmove8
 *(.text.*)
 *fill*         0x0380013a        0x2 
 .text._Z10driveBrakeN3vex9brakeTypeE
                0x0380013c       0x70 build/src/main.o
                0x0380013c                driveBrake(vex::brakeType)
 *fill*         0x038001ac        0x4 
 .text._Z9pre_autonv
                0x038001b0      0x198 build/src/main.o
                0x038001b0                pre_auton()
 .text._Z4odomv
                0x03800348       0x34 build/src/main.o
                0x03800348                odom()
 *fill*         0x0380037c        0x4 
 .text._Z10autonomousv
                0x03800380      0x488 build/src/main.o
                0x03800380                autonomous()
 .text._ZNSt6vectorI9pathPointSaIS0_EEC2ERKS2_
                0x03800808       0x9c build/src/main.o
                0x03800808                std::vector<pathPoint, std::allocator<pathPoint> >::vector(std::vector<pathPoint, std::allocator<pathPoint> > const&)
 *fill*         0x038008a4        0x4 
 .text._Z11usercontrolv
                0x038008a8      0x450 build/src/main.o
                0x038008a8                usercontrol()
 .text.main     0x03800cf8       0x68 build/src/main.o
                0x03800cf8                main
 .text._ZNSt12_Vector_baseI9pathPointSaIS0_EE11_M_allocateEj
                0x03800d60       0x3c build/src/main.o
                0x03800d60                std::_Vector_base<pathPoint, std::allocator<pathPoint> >::_M_allocate(unsigned int)
 .text._GLOBAL__sub_I_main.cpp
                0x03800d9c       0x80 build/src/main.o
 .text._Z7turnPIDv
                0x03800e1c      0x3dc build/src/pid.o
                0x03800e1c                turnPID()
 .text._Z4distdN3vex9brakeTypeE
                0x038011f8      0x240 build/src/pid.o
                0x038011f8                dist(double, vex::brakeType)
 .text._Z7PIDTurnd
                0x03801438       0x20 build/src/pid.o
                0x03801438                PIDTurn(double)
 .text._Z7PIDMoveddN3vex9brakeTypeE
                0x03801458       0x30 build/src/pid.o
                0x03801458                PIDMove(double, double, vex::brakeType)
 .text._GLOBAL__sub_I_pid.cpp
                0x03801488       0x5c build/src/pid.o
 .text._ZN3vex11motor_groupC2IJNS_5motorES2_EEERS2_DpRT_
                0x038014e4       0x44 build/src/robot-config.o
                0x038014e4                vex::motor_group::motor_group<vex::motor, vex::motor>(vex::motor&, vex::motor&, vex::motor&)
 .text._Z11vexcodeInitv
                0x03801528        0x4 build/src/robot-config.o
                0x03801528                vexcodeInit()
 .text._GLOBAL__sub_I_robot_config.cpp
                0x0380152c      0x42c build/src/robot-config.o
 .text._Z5pointdd
                0x03801958       0x38 build/src/pure-pursuit.o
                0x03801958                point(double, double)
 .text._Z5clampfff
                0x03801990       0x2c build/src/pure-pursuit.o
                0x03801990                clamp(float, float, float)
 *fill*         0x038019bc        0x4 
 .text._Z9curv_funcRSt6vectorI9pathPointSaIS0_EE
                0x038019c0      0x1a0 build/src/pure-pursuit.o
                0x038019c0                curv_func(std::vector<pathPoint, std::allocator<pathPoint> >&)
 .text._Z10speed_funcRSt6vectorI9pathPointSaIS0_EEdd
                0x03801b60      0x2a0 build/src/pure-pursuit.o
                0x03801b60                speed_func(std::vector<pathPoint, std::allocator<pathPoint> >&, double, double)
 .text._Z7closestPdSt6vectorI9pathPointSaIS1_EE
                0x03801e00       0xf8 build/src/pure-pursuit.o
                0x03801e00                closest(double*, std::vector<pathPoint, std::allocator<pathPoint> >)
 .text._Z9lookaheadPdSt6vectorI9pathPointSaIS1_EES_
                0x03801ef8      0x2b4 build/src/pure-pursuit.o
                0x03801ef8                lookahead(double*, std::vector<pathPoint, std::allocator<pathPoint> >, double*)
 *fill*         0x038021ac        0x4 
 .text._Z9curvatureSt6vectorI9pathPointSaIS0_EEPdS3_d
                0x038021b0      0x118 build/src/pure-pursuit.o
                0x038021b0                curvature(std::vector<pathPoint, std::allocator<pathPoint> >, double*, double*, double)
 .text._Z10getCurrLocv
                0x038022c8      0x248 build/src/pure-pursuit.o
                0x038022c8                getCurrLoc()
 .text._Z7pathingSt6vectorI9pathPointSaIS0_EEbbdd
                0x03802510      0x358 build/src/pure-pursuit.o
                0x03802510                pathing(std::vector<pathPoint, std::allocator<pathPoint> >, bool, bool, double, double)
 .text._ZNSt6vectorI9pathPointSaIS0_EE19_M_emplace_back_auxIJS0_EEEvDpOT_
                0x03802868       0xcc build/src/pure-pursuit.o
                0x03802868                void std::vector<pathPoint, std::allocator<pathPoint> >::_M_emplace_back_aux<pathPoint>(pathPoint&&)
 .text._ZNKSt6vectorI9pathPointSaIS0_EE12_M_check_lenEjPKc
                0x03802934       0x64 build/src/pure-pursuit.o
                0x03802934                std::vector<pathPoint, std::allocator<pathPoint> >::_M_check_len(unsigned int, char const*) const
 .text._GLOBAL__sub_I_pure_pursuit.cpp
                0x03802998       0x54 build/src/pure-pursuit.o
 .text._Z15convert_to_pathSs
                0x038029ec      0x2ac build/src/paths.o
                0x038029ec                convert_to_path(std::string)
 .text._ZNSt6vectorIS_I9pathPointSaIS0_EESaIS2_EED2Ev
                0x03802c98       0x50 build/src/paths.o
                0x03802c98                std::vector<std::vector<pathPoint, std::allocator<pathPoint> >, std::allocator<std::vector<pathPoint, std::allocator<pathPoint> > > >::~vector()
 .text._ZNSt6vectorIdSaIdEEC2ESt16initializer_listIdERKS0_
                0x03802ce8       0x58 build/src/paths.o
                0x03802ce8                std::vector<double, std::allocator<double> >::vector(std::initializer_list<double>, std::allocator<double> const&)
 .text._ZNSt6vectorIdSaIdEED2Ev
                0x03802d40       0x24 build/src/paths.o
                0x03802d40                std::vector<double, std::allocator<double> >::~vector()
 .text._ZNSt6vectorIS_I9pathPointSaIS0_EESaIS2_EE12emplace_backIJS2_EEEvDpOT_
                0x03802d64       0x64 build/src/paths.o
                0x03802d64                void std::vector<std::vector<pathPoint, std::allocator<pathPoint> >, std::allocator<std::vector<pathPoint, std::allocator<pathPoint> > > >::emplace_back<std::vector<pathPoint, std::allocator<pathPoint> > >(std::vector<pathPoint, std::allocator<pathPoint> >&&)
 .text._ZNSt6vectorIS_I9pathPointSaIS0_EESaIS2_EE19_M_emplace_back_auxIJS2_EEEvDpOT_
                0x03802dc8       0xe8 build/src/paths.o
                0x03802dc8                void std::vector<std::vector<pathPoint, std::allocator<pathPoint> >, std::allocator<std::vector<pathPoint, std::allocator<pathPoint> > > >::_M_emplace_back_aux<std::vector<pathPoint, std::allocator<pathPoint> > >(std::vector<pathPoint, std::allocator<pathPoint> >&&)
 .text._ZNKSt6vectorIS_I9pathPointSaIS0_EESaIS2_EE12_M_check_lenEjPKc
                0x03802eb0       0x64 build/src/paths.o
                0x03802eb0                std::vector<std::vector<pathPoint, std::allocator<pathPoint> >, std::allocator<std::vector<pathPoint, std::allocator<pathPoint> > > >::_M_check_len(unsigned int, char const*) const
 .text._ZNSt12_Vector_baseISt6vectorI9pathPointSaIS1_EESaIS3_EE11_M_allocateEj
                0x03802f14       0x3c build/src/paths.o
                0x03802f14                std::_Vector_base<std::vector<pathPoint, std::allocator<pathPoint> >, std::allocator<std::vector<pathPoint, std::allocator<pathPoint> > > >::_M_allocate(unsigned int)
 .text._ZNSt20__uninitialized_copyILb0EE13__uninit_copyISt13move_iteratorIPSt6vectorI9pathPointSaIS4_EEES7_EET0_T_SA_S9_
                0x03802f50       0x84 build/src/paths.o
                0x03802f50                std::vector<pathPoint, std::allocator<pathPoint> >* std::__uninitialized_copy<false>::__uninit_copy<std::move_iterator<std::vector<pathPoint, std::allocator<pathPoint> >*>, std::vector<pathPoint, std::allocator<pathPoint> >*>(std::move_iterator<std::vector<pathPoint, std::allocator<pathPoint> >*>, std::move_iterator<std::vector<pathPoint, std::allocator<pathPoint> >*>, std::vector<pathPoint, std::allocator<pathPoint> >*)
 .text._ZNSt12_Vector_baseIdSaIdEE11_M_allocateEj
                0x03802fd4       0x30 build/src/paths.o
                0x03802fd4                std::_Vector_base<double, std::allocator<double> >::_M_allocate(unsigned int)
 .text._GLOBAL__sub_I_paths.cpp
                0x03803004      0x158 build/src/paths.o
 *fill*         0x0380315c        0x4 
 .text._Z14curvatureDrivedd
                0x03803160      0x248 build/src/drive-controller.o
                0x03803160                curvatureDrive(double, double)
 .text._GLOBAL__sub_I_drive_controller.cpp
                0x038033a8       0x34 build/src/drive-controller.o
 .text._GLOBAL__sub_I_auton_selector.cpp
                0x038033dc       0x34 build/src/auton-selector.o
 .text.vexMain  0x03803410       0xb0 C:\Program Files (x86)\VEX Robotics\VEXcode Pro V5\sdk/vexv5\libv5rt.a(v5_startup.c.obj)
                0x03803410                vexMain
 .text.__vex_function_prolog
                0x038034c0       0x18 C:\Program Files (x86)\VEX Robotics\VEXcode Pro V5\sdk/vexv5\libv5rt.a(v5_startup.c.obj)
                0x038034c0                __vex_function_prolog
 .text._init    0x038034d8        0x4 C:\Program Files (x86)\VEX Robotics\VEXcode Pro V5\sdk/vexv5\libv5rt.a(v5_startup.c.obj)
                0x038034d8                _init
 .text._fini    0x038034dc        0x4 C:\Program Files (x86)\VEX Robotics\VEXcode Pro V5\sdk/vexv5\libv5rt.a(v5_startup.c.obj)
                0x038034dc                _fini
 .text.vexStdlibVersionLinked
                0x038034e0        0xc C:\Program Files (x86)\VEX Robotics\VEXcode Pro V5\sdk/vexv5\libv5rt.a(v5_util.c.obj)
                0x038034e0                vexStdlibVersionLinked
 .text.vexStdlibVersionVerify
                0x038034ec       0x30 C:\Program Files (x86)\VEX Robotics\VEXcode Pro V5\sdk/vexv5\libv5rt.a(v5_util.c.obj)
                0x038034ec                vexStdlibVersionVerify
 .text.vexPrivateApiEnable
                0x0380351c       0x10 C:\Program Files (x86)\VEX Robotics\VEXcode Pro V5\sdk/vexv5\libv5rt.a(v5_apijump.c.obj)
                0x0380351c                vexPrivateApiEnable
 .text.vexStdlibMismatchError
                0x0380352c       0x3c C:\Program Files (x86)\VEX Robotics\VEXcode Pro V5\sdk/vexv5\libv5rt.a(v5_apijump.c.obj)
                0x0380352c                vexStdlibMismatchError
 .text.vexTaskAdd
                0x03803568       0x10 C:\Program Files (x86)\VEX Robotics\VEXcode Pro V5\sdk/vexv5\libv5rt.a(v5_apijump.c.obj)
                0x03803568                vexTaskAdd
 .text.vexTasksRun
                0x03803578       0x10 C:\Program Files (x86)\VEX Robotics\VEXcode Pro V5\sdk/vexv5\libv5rt.a(v5_apijump.c.obj)
                0x03803578                vexTasksRun
 .text.vexTaskYield
                0x03803588       0x10 C:\Program Files (x86)\VEX Robotics\VEXcode Pro V5\sdk/vexv5\libv5rt.a(v5_apijump.c.obj)
                0x03803588                vexTaskYield
 .text.vexTaskCheckTimeslice
                0x03803598       0x10 C:\Program Files (x86)\VEX Robotics\VEXcode Pro V5\sdk/vexv5\libv5rt.a(v5_apijump.c.obj)
                0x03803598                vexTaskCheckTimeslice
 .text.vexTaskSleep
                0x038035a8       0x10 C:\Program Files (x86)\VEX Robotics\VEXcode Pro V5\sdk/vexv5\libv5rt.a(v5_apijump.c.obj)
                0x038035a8                vexTaskSleep
 .text.vexTasksDump
                0x038035b8       0x1c C:\Program Files (x86)\VEX Robotics\VEXcode Pro V5\sdk/vexv5\libv5rt.a(v5_apijump.c.obj)
                0x038035b8                vexTasksDump
 .text.vexTaskGetTaskIndex
                0x038035d4       0x10 C:\Program Files (x86)\VEX Robotics\VEXcode Pro V5\sdk/vexv5\libv5rt.a(v5_apijump.c.obj)
                0x038035d4                vexTaskGetTaskIndex
 .text.vexTaskStopAll
                0x038035e4       0x10 C:\Program Files (x86)\VEX Robotics\VEXcode Pro V5\sdk/vexv5\libv5rt.a(v5_apijump.c.obj)
                0x038035e4                vexTaskStopAll
 .text.vexTaskRemoveAllUser
                0x038035f4       0x34 C:\Program Files (x86)\VEX Robotics\VEXcode Pro V5\sdk/vexv5\libv5rt.a(v5_apijump.c.obj)
                0x038035f4                vexTaskRemoveAllUser
 .text.vexTaskCompletionIdSet
                0x03803628       0x10 C:\Program Files (x86)\VEX Robotics\VEXcode Pro V5\sdk/vexv5\libv5rt.a(v5_apijump.c.obj)
                0x03803628                vexTaskCompletionIdSet
 .text.vexTaskStopWithId
                0x03803638       0x10 C:\Program Files (x86)\VEX Robotics\VEXcode Pro V5\sdk/vexv5\libv5rt.a(v5_apijump.c.obj)
                0x03803638                vexTaskStopWithId
 .text.vexEventAdd
                0x03803648       0x34 C:\Program Files (x86)\VEX Robotics\VEXcode Pro V5\sdk/vexv5\libv5rt.a(v5_apijump.c.obj)
                0x03803648                vexEventAdd
 .text.vexEventUserIndexGet
                0x0380367c       0x1c C:\Program Files (x86)\VEX Robotics\VEXcode Pro V5\sdk/vexv5\libv5rt.a(v5_apijump.c.obj)
                0x0380367c                vexEventUserIndexGet
 .text.vexEventAddWithArg
                0x03803698       0x3c C:\Program Files (x86)\VEX Robotics\VEXcode Pro V5\sdk/vexv5\libv5rt.a(v5_apijump.c.obj)
                0x03803698                vexEventAddWithArg
 .text.vexEventsCleanup
                0x038036d4       0x2c C:\Program Files (x86)\VEX Robotics\VEXcode Pro V5\sdk/vexv5\libv5rt.a(v5_apijump.c.obj)
                0x038036d4                vexEventsCleanup
 .text.vexDebug
                0x03803700       0x38 C:\Program Files (x86)\VEX Robotics\VEXcode Pro V5\sdk/vexv5\libv5rt.a(v5_apijump.c.obj)
                0x03803700                vexDebug
 .text.vex_sprintf
                0x03803738       0x40 C:\Program Files (x86)\VEX Robotics\VEXcode Pro V5\sdk/vexv5\libv5rt.a(v5_apijump.c.obj)
                0x03803738                vex_sprintf
 .text.vexSystemTimeGet
                0x03803778       0x1c C:\Program Files (x86)\VEX Robotics\VEXcode Pro V5\sdk/vexv5\libv5rt.a(v5_apijump.c.obj)
                0x03803778                vexSystemTimeGet
 .text.vexSystemExitRequest
                0x03803794       0x1c C:\Program Files (x86)\VEX Robotics\VEXcode Pro V5\sdk/vexv5\libv5rt.a(v5_apijump.c.obj)
                0x03803794                vexSystemExitRequest
 .text.vexDeviceGetByIndex
                0x038037b0       0x24 C:\Program Files (x86)\VEX Robotics\VEXcode Pro V5\sdk/vexv5\libv5rt.a(v5_apijump.c.obj)
                0x038037b0                vexDeviceGetByIndex
 .text.vexControllerGet
                0x038037d4       0x2c C:\Program Files (x86)\VEX Robotics\VEXcode Pro V5\sdk/vexv5\libv5rt.a(v5_apijump.c.obj)
                0x038037d4                vexControllerGet
 .text.vexDeviceAdiPortConfigSet
                0x03803800       0x34 C:\Program Files (x86)\VEX Robotics\VEXcode Pro V5\sdk/vexv5\libv5rt.a(v5_apijump.c.obj)
                0x03803800                vexDeviceAdiPortConfigSet
 .text.vexDeviceAdiPortConfigGet
                0x03803834       0x2c C:\Program Files (x86)\VEX Robotics\VEXcode Pro V5\sdk/vexv5\libv5rt.a(v5_apijump.c.obj)
                0x03803834                vexDeviceAdiPortConfigGet
 .text.vexDeviceAdiValueSet
                0x03803860       0x34 C:\Program Files (x86)\VEX Robotics\VEXcode Pro V5\sdk/vexv5\libv5rt.a(v5_apijump.c.obj)
                0x03803860                vexDeviceAdiValueSet
 .text.vexDeviceMotorVelocitySet
                0x03803894       0x2c C:\Program Files (x86)\VEX Robotics\VEXcode Pro V5\sdk/vexv5\libv5rt.a(v5_apijump.c.obj)
                0x03803894                vexDeviceMotorVelocitySet
 .text.vexDeviceMotorVoltageSet
                0x038038c0       0x2c C:\Program Files (x86)\VEX Robotics\VEXcode Pro V5\sdk/vexv5\libv5rt.a(v5_apijump.c.obj)
                0x038038c0                vexDeviceMotorVoltageSet
 .text.vexDeviceMotorActualVelocityGet
                0x038038ec       0x24 C:\Program Files (x86)\VEX Robotics\VEXcode Pro V5\sdk/vexv5\libv5rt.a(v5_apijump.c.obj)
                0x038038ec                vexDeviceMotorActualVelocityGet
 .text.vexDeviceMotorReverseFlagSet
                0x03803910       0x2c C:\Program Files (x86)\VEX Robotics\VEXcode Pro V5\sdk/vexv5\libv5rt.a(v5_apijump.c.obj)
                0x03803910                vexDeviceMotorReverseFlagSet
 .text.vexDeviceMotorBrakeModeSet
                0x0380393c       0x2c C:\Program Files (x86)\VEX Robotics\VEXcode Pro V5\sdk/vexv5\libv5rt.a(v5_apijump.c.obj)
                0x0380393c                vexDeviceMotorBrakeModeSet
 .text.vexDeviceMotorPositionSet
                0x03803968       0x34 C:\Program Files (x86)\VEX Robotics\VEXcode Pro V5\sdk/vexv5\libv5rt.a(v5_apijump.c.obj)
                0x03803968                vexDeviceMotorPositionSet
 .text.vexDeviceMotorGearingSet
                0x0380399c       0x2c C:\Program Files (x86)\VEX Robotics\VEXcode Pro V5\sdk/vexv5\libv5rt.a(v5_apijump.c.obj)
                0x0380399c                vexDeviceMotorGearingSet
 .text.vexDeviceMotorGearingGet
                0x038039c8       0x24 C:\Program Files (x86)\VEX Robotics\VEXcode Pro V5\sdk/vexv5\libv5rt.a(v5_apijump.c.obj)
                0x038039c8                vexDeviceMotorGearingGet
 .text.vexDeviceImuReset
                0x038039ec       0x24 C:\Program Files (x86)\VEX Robotics\VEXcode Pro V5\sdk/vexv5\libv5rt.a(v5_apijump.c.obj)
                0x038039ec                vexDeviceImuReset
 .text.vexDeviceImuHeadingGet
                0x03803a10       0x24 C:\Program Files (x86)\VEX Robotics\VEXcode Pro V5\sdk/vexv5\libv5rt.a(v5_apijump.c.obj)
                0x03803a10                vexDeviceImuHeadingGet
 .text.vexDeviceImuDegreesGet
                0x03803a34       0x24 C:\Program Files (x86)\VEX Robotics\VEXcode Pro V5\sdk/vexv5\libv5rt.a(v5_apijump.c.obj)
                0x03803a34                vexDeviceImuDegreesGet
 .text.vexDeviceImuStatusGet
                0x03803a58       0x24 C:\Program Files (x86)\VEX Robotics\VEXcode Pro V5\sdk/vexv5\libv5rt.a(v5_apijump.c.obj)
                0x03803a58                vexDeviceImuStatusGet
 .text.vexDeviceAbsEncPositionSet
                0x03803a7c       0x2c C:\Program Files (x86)\VEX Robotics\VEXcode Pro V5\sdk/vexv5\libv5rt.a(v5_apijump.c.obj)
                0x03803a7c                vexDeviceAbsEncPositionSet
 .text.vexDeviceAbsEncPositionGet
                0x03803aa8       0x24 C:\Program Files (x86)\VEX Robotics\VEXcode Pro V5\sdk/vexv5\libv5rt.a(v5_apijump.c.obj)
                0x03803aa8                vexDeviceAbsEncPositionGet
 .text.vexDeviceAbsEncAngleGet
                0x03803acc       0x24 C:\Program Files (x86)\VEX Robotics\VEXcode Pro V5\sdk/vexv5\libv5rt.a(v5_apijump.c.obj)
                0x03803acc                vexDeviceAbsEncAngleGet
 .text.vexDeviceAbsEncReverseFlagSet
                0x03803af0       0x2c C:\Program Files (x86)\VEX Robotics\VEXcode Pro V5\sdk/vexv5\libv5rt.a(v5_apijump.c.obj)
                0x03803af0                vexDeviceAbsEncReverseFlagSet
 .text.vexDisplayForegroundColor
                0x03803b1c       0x24 C:\Program Files (x86)\VEX Robotics\VEXcode Pro V5\sdk/vexv5\libv5rt.a(v5_apijump.c.obj)
                0x03803b1c                vexDisplayForegroundColor
 .text.vexDisplayBackgroundColor
                0x03803b40       0x24 C:\Program Files (x86)\VEX Robotics\VEXcode Pro V5\sdk/vexv5\libv5rt.a(v5_apijump.c.obj)
                0x03803b40                vexDisplayBackgroundColor
 .text.vexDisplayBackgroundColorGet
                0x03803b64       0x1c C:\Program Files (x86)\VEX Robotics\VEXcode Pro V5\sdk/vexv5\libv5rt.a(v5_apijump.c.obj)
                0x03803b64                vexDisplayBackgroundColorGet
 .text.vexDisplayRectClear
                0x03803b80       0x4c C:\Program Files (x86)\VEX Robotics\VEXcode Pro V5\sdk/vexv5\libv5rt.a(v5_apijump.c.obj)
                0x03803b80                vexDisplayRectClear
 .text.vexDisplayTextReference
                0x03803bcc       0x24 C:\Program Files (x86)\VEX Robotics\VEXcode Pro V5\sdk/vexv5\libv5rt.a(v5_apijump.c.obj)
                0x03803bcc                vexDisplayTextReference
 .text.vexDisplayTextSize
                0x03803bf0       0x2c C:\Program Files (x86)\VEX Robotics\VEXcode Pro V5\sdk/vexv5\libv5rt.a(v5_apijump.c.obj)
                0x03803bf0                vexDisplayTextSize
 .text.vexDisplayFontNamedSet
                0x03803c1c       0x24 C:\Program Files (x86)\VEX Robotics\VEXcode Pro V5\sdk/vexv5\libv5rt.a(v5_apijump.c.obj)
                0x03803c1c                vexDisplayFontNamedSet
 .text.vexSystemStdlibImpureDataAddr
                0x03803c40       0x28 C:\Program Files (x86)\VEX Robotics\VEXcode Pro V5\sdk/vexv5\libv5rt.a(v5_apijump.c.obj)
                0x03803c40                vexSystemStdlibImpureDataAddr
 .text.vexSystemStdlibImpureDataSize
                0x03803c68       0x28 C:\Program Files (x86)\VEX Robotics\VEXcode Pro V5\sdk/vexv5\libv5rt.a(v5_apijump.c.obj)
                0x03803c68                vexSystemStdlibImpureDataSize
 .text.vexSystemSaveUserData
                0x03803c90       0x3c C:\Program Files (x86)\VEX Robotics\VEXcode Pro V5\sdk/vexv5\libv5rt.a(v5_apijump.c.obj)
                0x03803c90                vexSystemSaveUserData
 .text.vexDisplayThemeIdGet
                0x03803ccc       0x38 C:\Program Files (x86)\VEX Robotics\VEXcode Pro V5\sdk/vexv5\libv5rt.a(v5_apijump.c.obj)
                0x03803ccc                vexDisplayThemeIdGet
 .text.vexDeviceEventMaskSet
                0x03803d04       0x48 C:\Program Files (x86)\VEX Robotics\VEXcode Pro V5\sdk/vexv5\libv5rt.a(v5_apijump.c.obj)
                0x03803d04                vexDeviceEventMaskSet
 .text.vexDeviceEventMaskGet
                0x03803d4c       0x3c C:\Program Files (x86)\VEX Robotics\VEXcode Pro V5\sdk/vexv5\libv5rt.a(v5_apijump.c.obj)
                0x03803d4c                vexDeviceEventMaskGet
 .text.vexSystemVersion
                0x03803d88       0x10 C:\Program Files (x86)\VEX Robotics\VEXcode Pro V5\sdk/vexv5\libv5rt.a(v5_apiversions.c.obj)
                0x03803d88                vexSystemVersion
 .text.vexStdlibVersion
                0x03803d98       0x10 C:\Program Files (x86)\VEX Robotics\VEXcode Pro V5\sdk/vexv5\libv5rt.a(v5_apiversions.c.obj)
                0x03803d98                vexStdlibVersion
 .text._ZN3vex4waitEdNS_9timeUnitsE
                0x03803da8       0x30 C:\Program Files (x86)\VEX Robotics\VEXcode Pro V5\sdk/vexv5\libv5rt.a(vex_global.cpp.obj)
                0x03803da8                vex::wait(double, vex::timeUnits)
 .text._ZN3vex5motorD2Ev
                0x03803dd8       0x20 C:\Program Files (x86)\VEX Robotics\VEXcode Pro V5\sdk/vexv5\libv5rt.a(vex_motor.cpp.obj)
                0x03803dd8                vex::motor::~motor()
                0x03803dd8                vex::motor::~motor()
 .text._ZN3vex5motorD0Ev
                0x03803df8       0x1c C:\Program Files (x86)\VEX Robotics\VEXcode Pro V5\sdk/vexv5\libv5rt.a(vex_motor.cpp.obj)
                0x03803df8                vex::motor::~motor()
 .text._ZN3vex5motor9installedEv
                0x03803e14       0x18 C:\Program Files (x86)\VEX Robotics\VEXcode Pro V5\sdk/vexv5\libv5rt.a(vex_motor.cpp.obj)
                0x03803e14                vex::motor::installed()
 .text._ZN3vex5motor15defaultStoppingENS_9brakeTypeE
                0x03803e2c       0x30 C:\Program Files (x86)\VEX Robotics\VEXcode Pro V5\sdk/vexv5\libv5rt.a(vex_motor.cpp.obj)
                0x03803e2c                vex::motor::defaultStopping(vex::brakeType)
 .text._ZN3vex5motor8setBrakeENS_9brakeTypeE
                0x03803e5c        0x4 C:\Program Files (x86)\VEX Robotics\VEXcode Pro V5\sdk/vexv5\libv5rt.a(vex_motor.cpp.obj)
                0x03803e5c                vex::motor::setBrake(vex::brakeType)
 .text._ZN3vex5motorC2El
                0x03803e60       0x78 C:\Program Files (x86)\VEX Robotics\VEXcode Pro V5\sdk/vexv5\libv5rt.a(vex_motor.cpp.obj)
                0x03803e60                vex::motor::motor(long)
                0x03803e60                vex::motor::motor(long)
 .text._ZN3vex5motorC2ElNS_11gearSettingEb
                0x03803ed8       0x34 C:\Program Files (x86)\VEX Robotics\VEXcode Pro V5\sdk/vexv5\libv5rt.a(vex_motor.cpp.obj)
                0x03803ed8                vex::motor::motor(long, vex::gearSetting, bool)
                0x03803ed8                vex::motor::motor(long, vex::gearSetting, bool)
 *fill*         0x03803f0c        0x4 
 .text._ZN3vex5motor4spinENS_13directionTypeEdNS_12voltageUnitsE
                0x03803f10       0x50 C:\Program Files (x86)\VEX Robotics\VEXcode Pro V5\sdk/vexv5\libv5rt.a(vex_motor.cpp.obj)
                0x03803f10                vex::motor::spin(vex::directionType, double, vex::voltageUnits)
 .text._ZN3vex5motor4stopENS_9brakeTypeE
                0x03803f60       0x30 C:\Program Files (x86)\VEX Robotics\VEXcode Pro V5\sdk/vexv5\libv5rt.a(vex_motor.cpp.obj)
                0x03803f60                vex::motor::stop(vex::brakeType)
 .text._ZN3vex5motor4stopEv
                0x03803f90        0x8 C:\Program Files (x86)\VEX Robotics\VEXcode Pro V5\sdk/vexv5\libv5rt.a(vex_motor.cpp.obj)
                0x03803f90                vex::motor::stop()
 .text._ZN3vex5motor16velocityToScaledEdNS_13velocityUnitsE
                0x03803f98       0x5c C:\Program Files (x86)\VEX Robotics\VEXcode Pro V5\sdk/vexv5\libv5rt.a(vex_motor.cpp.obj)
                0x03803f98                vex::motor::velocityToScaled(double, vex::velocityUnits)
 .text._ZN3vex5motor8velocityENS_13velocityUnitsE
                0x03803ff4       0x30 C:\Program Files (x86)\VEX Robotics\VEXcode Pro V5\sdk/vexv5\libv5rt.a(vex_motor.cpp.obj)
                0x03803ff4                vex::motor::velocity(vex::velocityUnits)
 .text._ZN3vex5motor5valueEv
                0x03804024       0x1c C:\Program Files (x86)\VEX Robotics\VEXcode Pro V5\sdk/vexv5\libv5rt.a(vex_motor.cpp.obj)
                0x03804024                vex::motor::value()
 .text._ZN3vex5motor16scaledToVelocityEdNS_13velocityUnitsE
                0x03804040       0xa4 C:\Program Files (x86)\VEX Robotics\VEXcode Pro V5\sdk/vexv5\libv5rt.a(vex_motor.cpp.obj)
                0x03804040                vex::motor::scaledToVelocity(double, vex::velocityUnits)
 .text._ZN3vex5motor4spinENS_13directionTypeEdNS_13velocityUnitsE
                0x038040e4       0x5c C:\Program Files (x86)\VEX Robotics\VEXcode Pro V5\sdk/vexv5\libv5rt.a(vex_motor.cpp.obj)
                0x038040e4                vex::motor::spin(vex::directionType, double, vex::velocityUnits)
 .text._ZN3vex8inertial11getTurnTypeEv
                0x03804140        0x8 C:\Program Files (x86)\VEX Robotics\VEXcode Pro V5\sdk/vexv5\libv5rt.a(vex_imu.cpp.obj)
                0x03804140                vex::inertial::getTurnType()
 .text._ZThn16_N3vex8inertial11getTurnTypeEv
                0x03804148        0x8 C:\Program Files (x86)\VEX Robotics\VEXcode Pro V5\sdk/vexv5\libv5rt.a(vex_imu.cpp.obj)
                0x03804148                non-virtual thunk to vex::inertial::getTurnType()
 .text._ZN3vex8inertial10setHeadingEdNS_13rotationUnitsE
                0x03804150       0x58 C:\Program Files (x86)\VEX Robotics\VEXcode Pro V5\sdk/vexv5\libv5rt.a(vex_imu.cpp.obj)
                0x03804150                vex::inertial::setHeading(double, vex::rotationUnits)
 .text._ZThn16_N3vex8inertial10setHeadingEdNS_13rotationUnitsE
                0x038041a8        0x8 C:\Program Files (x86)\VEX Robotics\VEXcode Pro V5\sdk/vexv5\libv5rt.a(vex_imu.cpp.obj)
                0x038041a8                non-virtual thunk to vex::inertial::setHeading(double, vex::rotationUnits)
 .text._ZN3vex8inertial11setRotationEdNS_13rotationUnitsE
                0x038041b0       0x58 C:\Program Files (x86)\VEX Robotics\VEXcode Pro V5\sdk/vexv5\libv5rt.a(vex_imu.cpp.obj)
                0x038041b0                vex::inertial::setRotation(double, vex::rotationUnits)
 .text._ZThn16_N3vex8inertial11setRotationEdNS_13rotationUnitsE
                0x03804208        0x8 C:\Program Files (x86)\VEX Robotics\VEXcode Pro V5\sdk/vexv5\libv5rt.a(vex_imu.cpp.obj)
                0x03804208                non-virtual thunk to vex::inertial::setRotation(double, vex::rotationUnits)
 .text._ZN3vex8inertialD2Ev
                0x03804210       0x20 C:\Program Files (x86)\VEX Robotics\VEXcode Pro V5\sdk/vexv5\libv5rt.a(vex_imu.cpp.obj)
                0x03804210                vex::inertial::~inertial()
                0x03804210                vex::inertial::~inertial()
 .text._ZThn16_N3vex8inertialD1Ev
                0x03804230        0x8 C:\Program Files (x86)\VEX Robotics\VEXcode Pro V5\sdk/vexv5\libv5rt.a(vex_imu.cpp.obj)
                0x03804230                non-virtual thunk to vex::inertial::~inertial()
 .text._ZN3vex8inertialD0Ev
                0x03804238       0x1c C:\Program Files (x86)\VEX Robotics\VEXcode Pro V5\sdk/vexv5\libv5rt.a(vex_imu.cpp.obj)
                0x03804238                vex::inertial::~inertial()
 .text._ZThn16_N3vex8inertialD0Ev
                0x03804254        0x8 C:\Program Files (x86)\VEX Robotics\VEXcode Pro V5\sdk/vexv5\libv5rt.a(vex_imu.cpp.obj)
                0x03804254                non-virtual thunk to vex::inertial::~inertial()
 .text._ZN3vex8inertial9installedEv
                0x0380425c       0x18 C:\Program Files (x86)\VEX Robotics\VEXcode Pro V5\sdk/vexv5\libv5rt.a(vex_imu.cpp.obj)
                0x0380425c                vex::inertial::installed()
 .text._ZN3vex8inertial5angleENS_13rotationUnitsE
                0x03804274       0x6c C:\Program Files (x86)\VEX Robotics\VEXcode Pro V5\sdk/vexv5\libv5rt.a(vex_imu.cpp.obj)
                0x03804274                vex::inertial::angle(vex::rotationUnits)
 .text._ZThn16_N3vex8inertial5angleENS_13rotationUnitsE
                0x038042e0        0x8 C:\Program Files (x86)\VEX Robotics\VEXcode Pro V5\sdk/vexv5\libv5rt.a(vex_imu.cpp.obj)
                0x038042e0                non-virtual thunk to vex::inertial::angle(vex::rotationUnits)
 .text._ZN3vex8inertial7headingENS_13rotationUnitsE
                0x038042e8        0x4 C:\Program Files (x86)\VEX Robotics\VEXcode Pro V5\sdk/vexv5\libv5rt.a(vex_imu.cpp.obj)
                0x038042e8                vex::inertial::heading(vex::rotationUnits)
 .text._ZThn16_N3vex8inertial7headingENS_13rotationUnitsE
                0x038042ec        0x8 C:\Program Files (x86)\VEX Robotics\VEXcode Pro V5\sdk/vexv5\libv5rt.a(vex_imu.cpp.obj)
                0x038042ec                non-virtual thunk to vex::inertial::heading(vex::rotationUnits)
 .text._ZN3vex8inertial5valueEv
                0x038042f4       0x1c C:\Program Files (x86)\VEX Robotics\VEXcode Pro V5\sdk/vexv5\libv5rt.a(vex_imu.cpp.obj)
                0x038042f4                vex::inertial::value()
 .text._ZN3vex8inertial8rotationENS_13rotationUnitsE
                0x03804310       0x48 C:\Program Files (x86)\VEX Robotics\VEXcode Pro V5\sdk/vexv5\libv5rt.a(vex_imu.cpp.obj)
                0x03804310                vex::inertial::rotation(vex::rotationUnits)
 .text._ZThn16_N3vex8inertial8rotationENS_13rotationUnitsE
                0x03804358        0x8 C:\Program Files (x86)\VEX Robotics\VEXcode Pro V5\sdk/vexv5\libv5rt.a(vex_imu.cpp.obj)
                0x03804358                non-virtual thunk to vex::inertial::rotation(vex::rotationUnits)
 .text._ZN3vex8inertial13isCalibratingEv
                0x03804360       0x38 C:\Program Files (x86)\VEX Robotics\VEXcode Pro V5\sdk/vexv5\libv5rt.a(vex_imu.cpp.obj)
                0x03804360                vex::inertial::isCalibrating()
 .text._ZThn16_N3vex8inertial13isCalibratingEv
                0x03804398        0x8 C:\Program Files (x86)\VEX Robotics\VEXcode Pro V5\sdk/vexv5\libv5rt.a(vex_imu.cpp.obj)
                0x03804398                non-virtual thunk to vex::inertial::isCalibrating()
 .text._ZN3vex8inertialC2ElNS_8turnTypeE
                0x038043a0       0x4c C:\Program Files (x86)\VEX Robotics\VEXcode Pro V5\sdk/vexv5\libv5rt.a(vex_imu.cpp.obj)
                0x038043a0                vex::inertial::inertial(long, vex::turnType)
                0x038043a0                vex::inertial::inertial(long, vex::turnType)
 .text._ZN3vex8inertial13resetRotationEv
                0x038043ec       0x20 C:\Program Files (x86)\VEX Robotics\VEXcode Pro V5\sdk/vexv5\libv5rt.a(vex_imu.cpp.obj)
                0x038043ec                vex::inertial::resetRotation()
 .text._ZN3vex8inertial16startCalibrationEl
                0x0380440c       0x20 C:\Program Files (x86)\VEX Robotics\VEXcode Pro V5\sdk/vexv5\libv5rt.a(vex_imu.cpp.obj)
                0x0380440c                vex::inertial::startCalibration(long)
 .text._ZN3vex8inertial9calibrateEl
                0x0380442c        0xc C:\Program Files (x86)\VEX Robotics\VEXcode Pro V5\sdk/vexv5\libv5rt.a(vex_imu.cpp.obj)
                0x0380442c                vex::inertial::calibrate(long)
                0x03804430                non-virtual thunk to vex::inertial::calibrate(long)
 .text._ZN3vex8rotationD2Ev
                0x03804438       0x20 C:\Program Files (x86)\VEX Robotics\VEXcode Pro V5\sdk/vexv5\libv5rt.a(vex_rotation.cpp.obj)
                0x03804438                vex::rotation::~rotation()
                0x03804438                vex::rotation::~rotation()
 .text._ZN3vex8rotationD0Ev
                0x03804458       0x1c C:\Program Files (x86)\VEX Robotics\VEXcode Pro V5\sdk/vexv5\libv5rt.a(vex_rotation.cpp.obj)
                0x03804458                vex::rotation::~rotation()
 .text._ZN3vex8rotation9installedEv
                0x03804474       0x18 C:\Program Files (x86)\VEX Robotics\VEXcode Pro V5\sdk/vexv5\libv5rt.a(vex_rotation.cpp.obj)
                0x03804474                vex::rotation::installed()
 .text._ZN3vex8rotation5valueEv
                0x0380448c        0x8 C:\Program Files (x86)\VEX Robotics\VEXcode Pro V5\sdk/vexv5\libv5rt.a(vex_rotation.cpp.obj)
                0x0380448c                vex::rotation::value()
 .text._ZN3vex8rotationC2Elb
                0x03804494       0x30 C:\Program Files (x86)\VEX Robotics\VEXcode Pro V5\sdk/vexv5\libv5rt.a(vex_rotation.cpp.obj)
                0x03804494                vex::rotation::rotation(long, bool)
                0x03804494                vex::rotation::rotation(long, bool)
 .text._ZN3vex8rotation13resetPositionEv
                0x038044c4        0xc C:\Program Files (x86)\VEX Robotics\VEXcode Pro V5\sdk/vexv5\libv5rt.a(vex_rotation.cpp.obj)
                0x038044c4                vex::rotation::resetPosition()
 .text._ZN3vex8rotation8positionENS_13rotationUnitsE
                0x038044d0       0x50 C:\Program Files (x86)\VEX Robotics\VEXcode Pro V5\sdk/vexv5\libv5rt.a(vex_rotation.cpp.obj)
                0x038044d0                vex::rotation::position(vex::rotationUnits)
 .text._ZN3vex10controllerD2Ev
                0x03804520        0x4 C:\Program Files (x86)\VEX Robotics\VEXcode Pro V5\sdk/vexv5\libv5rt.a(vex_controller.cpp.obj)
                0x03804520                vex::controller::~controller()
                0x03804520                vex::controller::~controller()
 .text._ZN3vex10controller5valueE19_V5_ControllerIndex
                0x03804524        0x8 C:\Program Files (x86)\VEX Robotics\VEXcode Pro V5\sdk/vexv5\libv5rt.a(vex_controller.cpp.obj)
                0x03804524                vex::controller::value(_V5_ControllerIndex)
 .text._ZNK3vex10controller6button8pressingEv
                0x0380452c       0xc8 C:\Program Files (x86)\VEX Robotics\VEXcode Pro V5\sdk/vexv5\libv5rt.a(vex_controller.cpp.obj)
                0x0380452c                vex::controller::button::pressing() const
 .text._ZNK3vex10controller6button21_buttonToPressedEventEv
                0x038045f4       0x20 C:\Program Files (x86)\VEX Robotics\VEXcode Pro V5\sdk/vexv5\libv5rt.a(vex_controller.cpp.obj)
                0x038045f4                vex::controller::button::_buttonToPressedEvent() const
 .text._ZNK3vex10controller6button22_buttonToReleasedEventEv
                0x03804614       0x20 C:\Program Files (x86)\VEX Robotics\VEXcode Pro V5\sdk/vexv5\libv5rt.a(vex_controller.cpp.obj)
                0x03804614                vex::controller::button::_buttonToReleasedEvent() const
 .text._ZN3vex10controller6buttonC2ENS0_11tButtonTypeEPS0_
                0x03804634       0x48 C:\Program Files (x86)\VEX Robotics\VEXcode Pro V5\sdk/vexv5\libv5rt.a(vex_controller.cpp.obj)
                0x03804634                vex::controller::button::button(vex::controller::tButtonType, vex::controller*)
                0x03804634                vex::controller::button::button(vex::controller::tButtonType, vex::controller*)
 .text._ZNK3vex10controller4axis5valueEv
                0x0380467c       0x58 C:\Program Files (x86)\VEX Robotics\VEXcode Pro V5\sdk/vexv5\libv5rt.a(vex_controller.cpp.obj)
                0x0380467c                vex::controller::axis::value() const
 .text._ZNK3vex10controller4axis23_joystickToChangedEventEv
                0x038046d4       0x20 C:\Program Files (x86)\VEX Robotics\VEXcode Pro V5\sdk/vexv5\libv5rt.a(vex_controller.cpp.obj)
                0x038046d4                vex::controller::axis::_joystickToChangedEvent() const
 .text._ZN3vex10controller4axisC2ENS0_9tAxisTypeEPS0_
                0x038046f4       0x2c C:\Program Files (x86)\VEX Robotics\VEXcode Pro V5\sdk/vexv5\libv5rt.a(vex_controller.cpp.obj)
                0x038046f4                vex::controller::axis::axis(vex::controller::tAxisType, vex::controller*)
                0x038046f4                vex::controller::axis::axis(vex::controller::tAxisType, vex::controller*)
 .text._ZN3vex10controllerC2Ev
                0x03804720      0x164 C:\Program Files (x86)\VEX Robotics\VEXcode Pro V5\sdk/vexv5\libv5rt.a(vex_controller.cpp.obj)
                0x03804720                vex::controller::controller()
                0x03804720                vex::controller::controller()
 .text._ZN3vex4taskC2EPFivE
                0x03804884       0x5c C:\Program Files (x86)\VEX Robotics\VEXcode Pro V5\sdk/vexv5\libv5rt.a(vex_task.cpp.obj)
                0x03804884                vex::task::task(int (*)())
                0x03804884                vex::task::task(int (*)())
 .text._ZN3vex4taskD2Ev
                0x038048e0        0x4 C:\Program Files (x86)\VEX Robotics\VEXcode Pro V5\sdk/vexv5\libv5rt.a(vex_task.cpp.obj)
                0x038048e0                vex::task::~task()
                0x038048e0                vex::task::~task()
 .text._ZN3vex4task4stopEPvi
                0x038048e4       0x1c C:\Program Files (x86)\VEX Robotics\VEXcode Pro V5\sdk/vexv5\libv5rt.a(vex_task.cpp.obj)
                0x038048e4                vex::task::stop(void*, int)
 .text._ZN3vex4task5sleepEm
                0x03804900        0x4 C:\Program Files (x86)\VEX Robotics\VEXcode Pro V5\sdk/vexv5\libv5rt.a(vex_task.cpp.obj)
                0x03804900                vex::task::sleep(unsigned long)
 .text._ZN3vex4task6_indexEPFivE
                0x03804904       0x14 C:\Program Files (x86)\VEX Robotics\VEXcode Pro V5\sdk/vexv5\libv5rt.a(vex_task.cpp.obj)
                0x03804904                vex::task::_index(int (*)())
 .text._ZN3vex4task8_stopAllEv
                0x03804918       0x3c C:\Program Files (x86)\VEX Robotics\VEXcode Pro V5\sdk/vexv5\libv5rt.a(vex_task.cpp.obj)
                0x03804918                vex::task::_stopAll()
 .text._ZN3vex11this_thread9sleep_forEm
                0x03804954        0x4 C:\Program Files (x86)\VEX Robotics\VEXcode Pro V5\sdk/vexv5\libv5rt.a(vex_thread.cpp.obj)
                0x03804954                vex::this_thread::sleep_for(unsigned long)
 .text._ZN3vex5event4initEmmPFvvE
                0x03804958        0x4 C:\Program Files (x86)\VEX Robotics\VEXcode Pro V5\sdk/vexv5\libv5rt.a(vex_event.cpp.obj)
                0x03804958                vex::event::init(unsigned long, unsigned long, void (*)())
 .text._ZN3vex5event4initEmmPFvPvES1_
                0x0380495c        0x4 C:\Program Files (x86)\VEX Robotics\VEXcode Pro V5\sdk/vexv5\libv5rt.a(vex_event.cpp.obj)
                0x0380495c                vex::event::init(unsigned long, unsigned long, void (*)(void*), void*)
 .text._ZN3vex5event9userindexEv
                0x03804960        0x4 C:\Program Files (x86)\VEX Robotics\VEXcode Pro V5\sdk/vexv5\libv5rt.a(vex_event.cpp.obj)
                0x03804960                vex::event::userindex()
 .text._ZZN3vex6meventC4EmmENUlvE_4_FUNEv
                0x03804964        0x4 C:\Program Files (x86)\VEX Robotics\VEXcode Pro V5\sdk/vexv5\libv5rt.a(vex_mevent.cpp.obj)
 .text._ZN3vex6meventC2Emm
                0x03804968       0x70 C:\Program Files (x86)\VEX Robotics\VEXcode Pro V5\sdk/vexv5\libv5rt.a(vex_mevent.cpp.obj)
                0x03804968                vex::mevent::mevent(unsigned long, unsigned long)
                0x03804968                vex::mevent::mevent(unsigned long, unsigned long)
 .text._ZN3vex5brain9_getIndexEv
                0x038049d8       0x10 C:\Program Files (x86)\VEX Robotics\VEXcode Pro V5\sdk/vexv5\libv5rt.a(vex_brain.cpp.obj)
                0x038049d8                vex::brain::_getIndex()
 .text._ZN3vex5brain3lcd9setCursorEll
                0x038049e8       0x44 C:\Program Files (x86)\VEX Robotics\VEXcode Pro V5\sdk/vexv5\libv5rt.a(vex_brain.cpp.obj)
                0x038049e8                vex::brain::lcd::setCursor(long, long)
 .text._ZN3vex5brain3lcd7setFontENS_8fontTypeE
                0x03804a2c      0x23c C:\Program Files (x86)\VEX Robotics\VEXcode Pro V5\sdk/vexv5\libv5rt.a(vex_brain.cpp.obj)
                0x03804a2c                vex::brain::lcd::setFont(vex::fontType)
 .text._ZN3vex5brain3lcdC2Ev
                0x03804c68       0x94 C:\Program Files (x86)\VEX Robotics\VEXcode Pro V5\sdk/vexv5\libv5rt.a(vex_brain.cpp.obj)
                0x03804c68                vex::brain::lcd::lcd()
                0x03804c68                vex::brain::lcd::lcd()
 .text._ZN3vex5brainC2Ev
                0x03804cfc       0x3c C:\Program Files (x86)\VEX Robotics\VEXcode Pro V5\sdk/vexv5\libv5rt.a(vex_brain.cpp.obj)
                0x03804cfc                vex::brain::brain()
                0x03804cfc                vex::brain::brain()
 .text._ZN3vex5brain3lcd12_clearScreenEm
                0x03804d38       0x38 C:\Program Files (x86)\VEX Robotics\VEXcode Pro V5\sdk/vexv5\libv5rt.a(vex_brain.cpp.obj)
                0x03804d38                vex::brain::lcd::_clearScreen(unsigned long)
 .text._ZN3vex5brain3lcd11clearScreenERKNS_5colorE
                0x03804d70       0x20 C:\Program Files (x86)\VEX Robotics\VEXcode Pro V5\sdk/vexv5\libv5rt.a(vex_brain.cpp.obj)
                0x03804d70                vex::brain::lcd::clearScreen(vex::color const&)
 .text._ZN3vex5brainD2Ev
                0x03804d90       0x20 C:\Program Files (x86)\VEX Robotics\VEXcode Pro V5\sdk/vexv5\libv5rt.a(vex_brain.cpp.obj)
                0x03804d90                vex::brain::~brain()
                0x03804d90                vex::brain::~brain()
 .text._ZN3vex11competition8_disableEPv
                0x03804db0       0xa4 C:\Program Files (x86)\VEX Robotics\VEXcode Pro V5\sdk/vexv5\libv5rt.a(vex_competition.cpp.obj)
                0x03804db0                vex::competition::_disable(void*)
 .text._ZN3vex11competition11_autonomousEv
                0x03804e54       0x80 C:\Program Files (x86)\VEX Robotics\VEXcode Pro V5\sdk/vexv5\libv5rt.a(vex_competition.cpp.obj)
                0x03804e54                vex::competition::_autonomous()
 .text._ZN3vex11competition14_drivercontrolEv
                0x03804ed4       0x80 C:\Program Files (x86)\VEX Robotics\VEXcode Pro V5\sdk/vexv5\libv5rt.a(vex_competition.cpp.obj)
                0x03804ed4                vex::competition::_drivercontrol()
 .text._ZN3vex11competitionC2Ev
                0x03804f54      0x13c C:\Program Files (x86)\VEX Robotics\VEXcode Pro V5\sdk/vexv5\libv5rt.a(vex_competition.cpp.obj)
                0x03804f54                vex::competition::competition()
                0x03804f54                vex::competition::competition()
 .text._ZN3vex11competitionD2Ev
                0x03805090        0x4 C:\Program Files (x86)\VEX Robotics\VEXcode Pro V5\sdk/vexv5\libv5rt.a(vex_competition.cpp.obj)
                0x03805090                vex::competition::~competition()
                0x03805090                vex::competition::~competition()
 .text._ZN3vex11competition10autonomousEPFvvE
                0x03805094       0x44 C:\Program Files (x86)\VEX Robotics\VEXcode Pro V5\sdk/vexv5\libv5rt.a(vex_competition.cpp.obj)
                0x03805094                vex::competition::autonomous(void (*)())
 .text._ZN3vex11competition13drivercontrolEPFvvE
                0x038050d8       0x44 C:\Program Files (x86)\VEX Robotics\VEXcode Pro V5\sdk/vexv5\libv5rt.a(vex_competition.cpp.obj)
                0x038050d8                vex::competition::drivercontrol(void (*)())
 .text._ZN3vex7triportD2Ev
                0x0380511c       0x38 C:\Program Files (x86)\VEX Robotics\VEXcode Pro V5\sdk/vexv5\libv5rt.a(vex_triport.cpp.obj)
                0x0380511c                vex::triport::~triport()
                0x0380511c                vex::triport::~triport()
 .text._ZN3vex7triportD0Ev
                0x03805154       0x1c C:\Program Files (x86)\VEX Robotics\VEXcode Pro V5\sdk/vexv5\libv5rt.a(vex_triport.cpp.obj)
                0x03805154                vex::triport::~triport()
 .text._ZN3vex7triport9installedEv
                0x03805170       0x18 C:\Program Files (x86)\VEX Robotics\VEXcode Pro V5\sdk/vexv5\libv5rt.a(vex_triport.cpp.obj)
                0x03805170                vex::triport::installed()
 .text._ZN3vex7triport4portC2ElPS0_
                0x03805188       0x74 C:\Program Files (x86)\VEX Robotics\VEXcode Pro V5\sdk/vexv5\libv5rt.a(vex_triport.cpp.obj)
                0x03805188                vex::triport::port::port(long, vex::triport*)
                0x03805188                vex::triport::port::port(long, vex::triport*)
 .text._ZN3vex7triportC2El
                0x038051fc       0xf0 C:\Program Files (x86)\VEX Robotics\VEXcode Pro V5\sdk/vexv5\libv5rt.a(vex_triport.cpp.obj)
                0x038051fc                vex::triport::triport(long)
                0x038051fc                vex::triport::triport(long)
 .text._ZN3vex7triport4port4typeENS_11triportTypeE
                0x038052ec       0x30 C:\Program Files (x86)\VEX Robotics\VEXcode Pro V5\sdk/vexv5\libv5rt.a(vex_triport.cpp.obj)
                0x038052ec                vex::triport::port::type(vex::triportType)
 .text._ZN3vex7triport4port4typeEv
                0x0380531c       0x38 C:\Program Files (x86)\VEX Robotics\VEXcode Pro V5\sdk/vexv5\libv5rt.a(vex_triport.cpp.obj)
                0x0380531c                vex::triport::port::type()
 .text._ZN3vex7triport4port5valueEl
                0x03805354       0x18 C:\Program Files (x86)\VEX Robotics\VEXcode Pro V5\sdk/vexv5\libv5rt.a(vex_triport.cpp.obj)
                0x03805354                vex::triport::port::value(long)
 .text._ZN3vex11__trideviceC2ERNS_7triport4portENS_11triportTypeE
                0x0380536c       0x5c C:\Program Files (x86)\VEX Robotics\VEXcode Pro V5\sdk/vexv5\libv5rt.a(vex_triport.cpp.obj)
                0x0380536c                vex::__tridevice::__tridevice(vex::triport::port&, vex::triportType)
                0x0380536c                vex::__tridevice::__tridevice(vex::triport::port&, vex::triportType)
 .text._ZN3vex11digital_outC2ERNS_7triport4portE
                0x038053c8       0x18 C:\Program Files (x86)\VEX Robotics\VEXcode Pro V5\sdk/vexv5\libv5rt.a(vex_triport.cpp.obj)
                0x038053c8                vex::digital_out::digital_out(vex::triport::port&)
                0x038053c8                vex::digital_out::digital_out(vex::triport::port&)
 .text._ZN3vex11digital_outD2Ev
                0x038053e0        0x4 C:\Program Files (x86)\VEX Robotics\VEXcode Pro V5\sdk/vexv5\libv5rt.a(vex_triport.cpp.obj)
                0x038053e0                vex::digital_out::~digital_out()
                0x038053e0                vex::digital_out::~digital_out()
 .text._ZN3vex11digital_out3setEb
                0x038053e4        0x8 C:\Program Files (x86)\VEX Robotics\VEXcode Pro V5\sdk/vexv5\libv5rt.a(vex_triport.cpp.obj)
                0x038053e4                vex::digital_out::set(bool)
 .text._ZN3vex5colorD2Ev
                0x038053ec        0x4 C:\Program Files (x86)\VEX Robotics\VEXcode Pro V5\sdk/vexv5\libv5rt.a(vex_color.cpp.obj)
                0x038053ec                vex::color::~color()
                0x038053ec                vex::color::~color()
 .text._ZNK3vex5colorcvmEv
                0x038053f0        0x8 C:\Program Files (x86)\VEX Robotics\VEXcode Pro V5\sdk/vexv5\libv5rt.a(vex_color.cpp.obj)
                0x038053f0                vex::color::operator unsigned long() const
 .text.startup._GLOBAL__sub_I__ZN3vex5color5blackE
                0x038053f8      0x164 C:\Program Files (x86)\VEX Robotics\VEXcode Pro V5\sdk/vexv5\libv5rt.a(vex_color.cpp.obj)
 .text._ZN3vex5timerD2Ev
                0x0380555c        0x4 C:\Program Files (x86)\VEX Robotics\VEXcode Pro V5\sdk/vexv5\libv5rt.a(vex_timer.cpp.obj)
                0x0380555c                vex::timer::~timer()
                0x0380555c                vex::timer::~timer()
 .text._ZN3vex5timer5clearEv
                0x03805560       0x1c C:\Program Files (x86)\VEX Robotics\VEXcode Pro V5\sdk/vexv5\libv5rt.a(vex_timer.cpp.obj)
                0x03805560                vex::timer::clear()
 .text._ZN3vex5timerC2Ev
                0x0380557c       0x14 C:\Program Files (x86)\VEX Robotics\VEXcode Pro V5\sdk/vexv5\libv5rt.a(vex_timer.cpp.obj)
                0x0380557c                vex::timer::timer()
                0x0380557c                vex::timer::timer()
 .text._ZNK3vex5timer4timeENS_9timeUnitsE
                0x03805590       0x40 C:\Program Files (x86)\VEX Robotics\VEXcode Pro V5\sdk/vexv5\libv5rt.a(vex_timer.cpp.obj)
                0x03805590                vex::timer::time(vex::timeUnits) const
 .text._ZN3vex11motor_group18motor_group_motorsC2Ev
                0x038055d0       0x28 C:\Program Files (x86)\VEX Robotics\VEXcode Pro V5\sdk/vexv5\libv5rt.a(vex_motorgroup.cpp.obj)
                0x038055d0                vex::motor_group::motor_group_motors::motor_group_motors()
                0x038055d0                vex::motor_group::motor_group_motors::motor_group_motors()
 .text._ZN3vex11motor_groupC2Ev
                0x038055f8       0x1c C:\Program Files (x86)\VEX Robotics\VEXcode Pro V5\sdk/vexv5\libv5rt.a(vex_motorgroup.cpp.obj)
                0x038055f8                vex::motor_group::motor_group()
                0x038055f8                vex::motor_group::motor_group()
 .text._ZN3vex11motor_groupD2Ev
                0x03805614        0x4 C:\Program Files (x86)\VEX Robotics\VEXcode Pro V5\sdk/vexv5\libv5rt.a(vex_motorgroup.cpp.obj)
                0x03805614                vex::motor_group::~motor_group()
                0x03805614                vex::motor_group::~motor_group()
 .text._ZN3vex11motor_group9_addMotorERNS_5motorE
                0x03805618       0x20 C:\Program Files (x86)\VEX Robotics\VEXcode Pro V5\sdk/vexv5\libv5rt.a(vex_motorgroup.cpp.obj)
                0x03805618                vex::motor_group::_addMotor(vex::motor&)
 .text._ZN3vex11motor_group4spinENS_13directionTypeEdNS_13velocityUnitsE
                0x03805638       0x54 C:\Program Files (x86)\VEX Robotics\VEXcode Pro V5\sdk/vexv5\libv5rt.a(vex_motorgroup.cpp.obj)
                0x03805638                vex::motor_group::spin(vex::directionType, double, vex::velocityUnits)
 .text._ZN3vex11motor_group4spinENS_13directionTypeEdNS_12voltageUnitsE
                0x0380568c       0x54 C:\Program Files (x86)\VEX Robotics\VEXcode Pro V5\sdk/vexv5\libv5rt.a(vex_motorgroup.cpp.obj)
                0x0380568c                vex::motor_group::spin(vex::directionType, double, vex::voltageUnits)
 .text._ZN3vex11motor_group4stopENS_9brakeTypeE
                0x038056e0       0x38 C:\Program Files (x86)\VEX Robotics\VEXcode Pro V5\sdk/vexv5\libv5rt.a(vex_motorgroup.cpp.obj)
                0x038056e0                vex::motor_group::stop(vex::brakeType)
 .text.vexAdiPortConfigSet
                0x03805718       0x28 C:\Program Files (x86)\VEX Robotics\VEXcode Pro V5\sdk/vexv5\libv5rt.a(v5_apiuser.c.obj)
                0x03805718                vexAdiPortConfigSet
 .text.vexAdiPortConfigGet
                0x03805740       0x28 C:\Program Files (x86)\VEX Robotics\VEXcode Pro V5\sdk/vexv5\libv5rt.a(v5_apiuser.c.obj)
                0x03805740                vexAdiPortConfigGet
 .text.vexAdiValueSet
                0x03805768       0x28 C:\Program Files (x86)\VEX Robotics\VEXcode Pro V5\sdk/vexv5\libv5rt.a(v5_apiuser.c.obj)
                0x03805768                vexAdiValueSet
 .text.vexMotorVelocitySet
                0x03805790       0x20 C:\Program Files (x86)\VEX Robotics\VEXcode Pro V5\sdk/vexv5\libv5rt.a(v5_apiuser.c.obj)
                0x03805790                vexMotorVelocitySet
 .text.vexMotorVoltageSet
                0x038057b0       0x20 C:\Program Files (x86)\VEX Robotics\VEXcode Pro V5\sdk/vexv5\libv5rt.a(v5_apiuser.c.obj)
                0x038057b0                vexMotorVoltageSet
 .text.vexMotorActualVelocityGet
                0x038057d0       0x24 C:\Program Files (x86)\VEX Robotics\VEXcode Pro V5\sdk/vexv5\libv5rt.a(v5_apiuser.c.obj)
                0x038057d0                vexMotorActualVelocityGet
 .text.vexMotorReverseFlagSet
                0x038057f4       0x20 C:\Program Files (x86)\VEX Robotics\VEXcode Pro V5\sdk/vexv5\libv5rt.a(v5_apiuser.c.obj)
                0x038057f4                vexMotorReverseFlagSet
 .text.vexMotorBrakeModeSet
                0x03805814       0x20 C:\Program Files (x86)\VEX Robotics\VEXcode Pro V5\sdk/vexv5\libv5rt.a(v5_apiuser.c.obj)
                0x03805814                vexMotorBrakeModeSet
 .text.vexMotorPositionSet
                0x03805834       0x28 C:\Program Files (x86)\VEX Robotics\VEXcode Pro V5\sdk/vexv5\libv5rt.a(v5_apiuser.c.obj)
                0x03805834                vexMotorPositionSet
 .text.vexMotorGearingSet
                0x0380585c       0x20 C:\Program Files (x86)\VEX Robotics\VEXcode Pro V5\sdk/vexv5\libv5rt.a(v5_apiuser.c.obj)
                0x0380585c                vexMotorGearingSet
 .text.vexMotorGearingGet
                0x0380587c       0x18 C:\Program Files (x86)\VEX Robotics\VEXcode Pro V5\sdk/vexv5\libv5rt.a(v5_apiuser.c.obj)
                0x0380587c                vexMotorGearingGet
 .text.vexImuReset
                0x03805894       0x10 C:\Program Files (x86)\VEX Robotics\VEXcode Pro V5\sdk/vexv5\libv5rt.a(v5_apiuser.c.obj)
                0x03805894                vexImuReset
 .text.vexImuHeadingGet
                0x038058a4       0x10 C:\Program Files (x86)\VEX Robotics\VEXcode Pro V5\sdk/vexv5\libv5rt.a(v5_apiuser.c.obj)
                0x038058a4                vexImuHeadingGet
 .text.vexImuDegreesGet
                0x038058b4       0x10 C:\Program Files (x86)\VEX Robotics\VEXcode Pro V5\sdk/vexv5\libv5rt.a(v5_apiuser.c.obj)
                0x038058b4                vexImuDegreesGet
 .text.vexImuStatusGet
                0x038058c4       0x10 C:\Program Files (x86)\VEX Robotics\VEXcode Pro V5\sdk/vexv5\libv5rt.a(v5_apiuser.c.obj)
                0x038058c4                vexImuStatusGet
 .text.vexAbsEncPositionSet
                0x038058d4       0x18 C:\Program Files (x86)\VEX Robotics\VEXcode Pro V5\sdk/vexv5\libv5rt.a(v5_apiuser.c.obj)
                0x038058d4                vexAbsEncPositionSet
 .text.vexAbsEncPositionGet
                0x038058ec       0x10 C:\Program Files (x86)\VEX Robotics\VEXcode Pro V5\sdk/vexv5\libv5rt.a(v5_apiuser.c.obj)
                0x038058ec                vexAbsEncPositionGet
 .text.vexAbsEncAngleGet
                0x038058fc       0x10 C:\Program Files (x86)\VEX Robotics\VEXcode Pro V5\sdk/vexv5\libv5rt.a(v5_apiuser.c.obj)
                0x038058fc                vexAbsEncAngleGet
 .text.vexAbsEncReverseFlagSet
                0x0380590c       0x18 C:\Program Files (x86)\VEX Robotics\VEXcode Pro V5\sdk/vexv5\libv5rt.a(v5_apiuser.c.obj)
                0x0380590c                vexAbsEncReverseFlagSet
 .text.vexEventMaskSet
                0x03805924       0x28 C:\Program Files (x86)\VEX Robotics\VEXcode Pro V5\sdk/vexv5\libv5rt.a(v5_apiuser.c.obj)
                0x03805924                vexEventMaskSet
 .text.vexEventMaskGet
                0x0380594c       0x18 C:\Program Files (x86)\VEX Robotics\VEXcode Pro V5\sdk/vexv5\libv5rt.a(v5_apiuser.c.obj)
                0x0380594c                vexEventMaskGet
 .text._ZN3vex6deviceD2Ev
                0x03805964        0x4 C:\Program Files (x86)\VEX Robotics\VEXcode Pro V5\sdk/vexv5\libv5rt.a(vex_device.cpp.obj)
                0x03805964                vex::device::~device()
                0x03805964                vex::device::~device()
 .text._ZN3vex6device5valueEv
                0x03805968        0x8 C:\Program Files (x86)\VEX Robotics\VEXcode Pro V5\sdk/vexv5\libv5rt.a(vex_device.cpp.obj)
                0x03805968                vex::device::value()
 .text._ZN3vex6deviceD0Ev
                0x03805970       0x14 C:\Program Files (x86)\VEX Robotics\VEXcode Pro V5\sdk/vexv5\libv5rt.a(vex_device.cpp.obj)
                0x03805970                vex::device::~device()
 .text._ZN3vex6device4initEl
                0x03805984       0x30 C:\Program Files (x86)\VEX Robotics\VEXcode Pro V5\sdk/vexv5\libv5rt.a(vex_device.cpp.obj)
                0x03805984                vex::device::init(long)
 .text._ZN3vex6deviceC2El
                0x038059b4       0x20 C:\Program Files (x86)\VEX Robotics\VEXcode Pro V5\sdk/vexv5\libv5rt.a(vex_device.cpp.obj)
                0x038059b4                vex::device::device(long)
                0x038059b4                vex::device::device(long)
 .text._ZN3vex6device4typeEv
                0x038059d4       0x10 C:\Program Files (x86)\VEX Robotics\VEXcode Pro V5\sdk/vexv5\libv5rt.a(vex_device.cpp.obj)
                0x038059d4                vex::device::type()
 .text._ZN3vex6device9installedEv
                0x038059e4       0x14 C:\Program Files (x86)\VEX Robotics\VEXcode Pro V5\sdk/vexv5\libv5rt.a(vex_device.cpp.obj)
                0x038059e4                vex::device::installed()
 .text._ZNK10__cxxabiv117__class_type_info11__do_upcastEPKS0_PPv
                0x038059f8       0x38 C:\Program Files (x86)\VEX Robotics\VEXcode Pro V5\sdk/vexv5/gcc/libs\libstdc++.a(class_type_info.o)
                0x038059f8                __cxxabiv1::__class_type_info::__do_upcast(__cxxabiv1::__class_type_info const*, void**) const
 .text._ZNK10__cxxabiv117__class_type_info20__do_find_public_srcEiPKvPKS0_S2_
                0x03805a30        0xc C:\Program Files (x86)\VEX Robotics\VEXcode Pro V5\sdk/vexv5/gcc/libs\libstdc++.a(class_type_info.o)
                0x03805a30                __cxxabiv1::__class_type_info::__do_find_public_src(int, void const*, __cxxabiv1::__class_type_info const*, void const*) const
 .text._ZN10__cxxabiv117__class_type_infoD2Ev
                0x03805a3c       0x14 C:\Program Files (x86)\VEX Robotics\VEXcode Pro V5\sdk/vexv5/gcc/libs\libstdc++.a(class_type_info.o)
                0x03805a3c                __cxxabiv1::__class_type_info::~__class_type_info()
                0x03805a3c                __cxxabiv1::__class_type_info::~__class_type_info()
 .text._ZN10__cxxabiv117__class_type_infoD0Ev
                0x03805a50       0x1c C:\Program Files (x86)\VEX Robotics\VEXcode Pro V5\sdk/vexv5/gcc/libs\libstdc++.a(class_type_info.o)
                0x03805a50                __cxxabiv1::__class_type_info::~__class_type_info()
 .text._ZNK10__cxxabiv117__class_type_info11__do_upcastEPKS0_PKvRNS0_15__upcast_resultE
                0x03805a6c       0x18 C:\Program Files (x86)\VEX Robotics\VEXcode Pro V5\sdk/vexv5/gcc/libs\libstdc++.a(class_type_info.o)
                0x03805a6c                __cxxabiv1::__class_type_info::__do_upcast(__cxxabiv1::__class_type_info const*, void const*, __cxxabiv1::__class_type_info::__upcast_result&) const
 .text._ZNK10__cxxabiv117__class_type_info10__do_catchEPKSt9type_infoPPvj
                0x03805a84       0x2c C:\Program Files (x86)\VEX Robotics\VEXcode Pro V5\sdk/vexv5/gcc/libs\libstdc++.a(class_type_info.o)
                0x03805a84                __cxxabiv1::__class_type_info::__do_catch(std::type_info const*, void**, unsigned int) const
 .text._ZNK10__cxxabiv117__class_type_info12__do_dyncastEiNS0_10__sub_kindEPKS0_PKvS3_S5_RNS0_16__dyncast_resultE
                0x03805ab0       0x40 C:\Program Files (x86)\VEX Robotics\VEXcode Pro V5\sdk/vexv5/gcc/libs\libstdc++.a(class_type_info.o)
                0x03805ab0                __cxxabiv1::__class_type_info::__do_dyncast(int, __cxxabiv1::__class_type_info::__sub_kind, __cxxabiv1::__class_type_info const*, void const*, __cxxabiv1::__class_type_info const*, void const*, __cxxabiv1::__class_type_info::__dyncast_result&) const
 .text._ZN10__cxxabiv120__si_class_type_infoD2Ev
                0x03805af0       0x14 C:\Program Files (x86)\VEX Robotics\VEXcode Pro V5\sdk/vexv5/gcc/libs\libstdc++.a(si_class_type_info.o)
                0x03805af0                __cxxabiv1::__si_class_type_info::~__si_class_type_info()
                0x03805af0                __cxxabiv1::__si_class_type_info::~__si_class_type_info()
 .text._ZN10__cxxabiv120__si_class_type_infoD0Ev
                0x03805b04       0x1c C:\Program Files (x86)\VEX Robotics\VEXcode Pro V5\sdk/vexv5/gcc/libs\libstdc++.a(si_class_type_info.o)
                0x03805b04                __cxxabiv1::__si_class_type_info::~__si_class_type_info()
 .text._ZNK10__cxxabiv120__si_class_type_info20__do_find_public_srcEiPKvPKNS_17__class_type_infoES2_
                0x03805b20       0x3c C:\Program Files (x86)\VEX Robotics\VEXcode Pro V5\sdk/vexv5/gcc/libs\libstdc++.a(si_class_type_info.o)
                0x03805b20                __cxxabiv1::__si_class_type_info::__do_find_public_src(int, void const*, __cxxabiv1::__class_type_info const*, void const*) const
 .text._ZNK10__cxxabiv120__si_class_type_info12__do_dyncastEiNS_17__class_type_info10__sub_kindEPKS1_PKvS4_S6_RNS1_16__dyncast_resultE
                0x03805b5c       0x8c C:\Program Files (x86)\VEX Robotics\VEXcode Pro V5\sdk/vexv5/gcc/libs\libstdc++.a(si_class_type_info.o)
                0x03805b5c                __cxxabiv1::__si_class_type_info::__do_dyncast(int, __cxxabiv1::__class_type_info::__sub_kind, __cxxabiv1::__class_type_info const*, void const*, __cxxabiv1::__class_type_info const*, void const*, __cxxabiv1::__class_type_info::__dyncast_result&) const
 .text._ZNK10__cxxabiv120__si_class_type_info11__do_upcastEPKNS_17__class_type_infoEPKvRNS1_15__upcast_resultE
                0x03805be8       0x2c C:\Program Files (x86)\VEX Robotics\VEXcode Pro V5\sdk/vexv5/gcc/libs\libstdc++.a(si_class_type_info.o)
                0x03805be8                __cxxabiv1::__si_class_type_info::__do_upcast(__cxxabiv1::__class_type_info const*, void const*, __cxxabiv1::__class_type_info::__upcast_result&) const
 .text._ZNSt9type_infoD2Ev
                0x03805c14        0x4 C:\Program Files (x86)\VEX Robotics\VEXcode Pro V5\sdk/vexv5/gcc/libs\libstdc++.a(tinfo.o)
                0x03805c14                std::type_info::~type_info()
                0x03805c14                std::type_info::~type_info()
 .text._ZNKSt9type_info14__is_pointer_pEv
                0x03805c18        0x4 C:\Program Files (x86)\VEX Robotics\VEXcode Pro V5\sdk/vexv5/gcc/libs\libstdc++.a(tinfo.o)
                0x03805c18                std::type_info::__is_pointer_p() const
 .text._ZNKSt9type_info15__is_function_pEv
                0x03805c1c        0x4 C:\Program Files (x86)\VEX Robotics\VEXcode Pro V5\sdk/vexv5/gcc/libs\libstdc++.a(tinfo.o)
                0x03805c1c                std::type_info::__is_function_p() const
 .text._ZNKSt9type_infoeqERKS_
                0x03805c20       0x2c C:\Program Files (x86)\VEX Robotics\VEXcode Pro V5\sdk/vexv5/gcc/libs\libstdc++.a(tinfo.o)
                0x03805c20                std::type_info::operator==(std::type_info const&) const
 .text._ZNSt8ios_base17_M_call_callbacksENS_5eventE
                0x03805c4c       0x34 C:\Program Files (x86)\VEX Robotics\VEXcode Pro V5\sdk/vexv5/gcc/libs\libstdc++.a(ios.o)
                0x03805c4c                std::ios_base::_M_call_callbacks(std::ios_base::event)
 .text._ZNSt8ios_base20_M_dispose_callbacksEv
                0x03805c80       0x2c C:\Program Files (x86)\VEX Robotics\VEXcode Pro V5\sdk/vexv5/gcc/libs\libstdc++.a(ios.o)
                0x03805c80                std::ios_base::_M_dispose_callbacks()
 .text._ZNSt8ios_baseD2Ev
                0x03805cac       0x38 C:\Program Files (x86)\VEX Robotics\VEXcode Pro V5\sdk/vexv5/gcc/libs\libstdc++.a(ios.o)
                0x03805cac                std::ios_base::~ios_base()
                0x03805cac                std::ios_base::~ios_base()
 .text._ZNSt8ios_baseD0Ev
                0x03805ce4       0x14 C:\Program Files (x86)\VEX Robotics\VEXcode Pro V5\sdk/vexv5/gcc/libs\libstdc++.a(ios.o)
                0x03805ce4                std::ios_base::~ios_base()
 .text._ZN10__cxxabiv121__vmi_class_type_infoD2Ev
                0x03805cf8       0x14 C:\Program Files (x86)\VEX Robotics\VEXcode Pro V5\sdk/vexv5/gcc/libs\libstdc++.a(vmi_class_type_info.o)
                0x03805cf8                __cxxabiv1::__vmi_class_type_info::~__vmi_class_type_info()
                0x03805cf8                __cxxabiv1::__vmi_class_type_info::~__vmi_class_type_info()
 .text._ZN10__cxxabiv121__vmi_class_type_infoD0Ev
                0x03805d0c       0x1c C:\Program Files (x86)\VEX Robotics\VEXcode Pro V5\sdk/vexv5/gcc/libs\libstdc++.a(vmi_class_type_info.o)
                0x03805d0c                __cxxabiv1::__vmi_class_type_info::~__vmi_class_type_info()
 .text._ZNK10__cxxabiv121__vmi_class_type_info20__do_find_public_srcEiPKvPKNS_17__class_type_infoES2_
                0x03805d28       0x8c C:\Program Files (x86)\VEX Robotics\VEXcode Pro V5\sdk/vexv5/gcc/libs\libstdc++.a(vmi_class_type_info.o)
                0x03805d28                __cxxabiv1::__vmi_class_type_info::__do_find_public_src(int, void const*, __cxxabiv1::__class_type_info const*, void const*) const
 .text._ZNK10__cxxabiv121__vmi_class_type_info12__do_dyncastEiNS_17__class_type_info10__sub_kindEPKS1_PKvS4_S6_RNS1_16__dyncast_resultE
                0x03805db4      0x380 C:\Program Files (x86)\VEX Robotics\VEXcode Pro V5\sdk/vexv5/gcc/libs\libstdc++.a(vmi_class_type_info.o)
                0x03805db4                __cxxabiv1::__vmi_class_type_info::__do_dyncast(int, __cxxabiv1::__class_type_info::__sub_kind, __cxxabiv1::__class_type_info const*, void const*, __cxxabiv1::__class_type_info const*, void const*, __cxxabiv1::__class_type_info::__dyncast_result&) const
 .text._ZNK10__cxxabiv121__vmi_class_type_info11__do_upcastEPKNS_17__class_type_infoEPKvRNS1_15__upcast_resultE
                0x03806134      0x164 C:\Program Files (x86)\VEX Robotics\VEXcode Pro V5\sdk/vexv5/gcc/libs\libstdc++.a(vmi_class_type_info.o)
                0x03806134                __cxxabiv1::__vmi_class_type_info::__do_upcast(__cxxabiv1::__class_type_info const*, void const*, __cxxabiv1::__class_type_info::__upcast_result&) const
 .text.atof     0x03806298        0x8 C:\Program Files (x86)\VEX Robotics\VEXcode Pro V5\sdk/vexv5/gcc/libs\libc.a(lib_a-atof.o)
                0x03806298                atof
 .text.__libc_fini_array
                0x038062a0       0x30 C:\Program Files (x86)\VEX Robotics\VEXcode Pro V5\sdk/vexv5/gcc/libs\libc.a(lib_a-fini.o)
                0x038062a0                __libc_fini_array
 .text.__libc_init_array
                0x038062d0       0x58 C:\Program Files (x86)\VEX Robotics\VEXcode Pro V5\sdk/vexv5/gcc/libs\libc.a(lib_a-init.o)
                0x038062d0                __libc_init_array
 .text._puts_r  0x03806328       0x68 C:\Program Files (x86)\VEX Robotics\VEXcode Pro V5\sdk/vexv5/gcc/libs\libc.a(lib_a-puts.o)
                0x03806328                _puts_r
 .text.puts     0x03806390       0x10 C:\Program Files (x86)\VEX Robotics\VEXcode Pro V5\sdk/vexv5/gcc/libs\libc.a(lib_a-puts.o)
                0x03806390                puts
 .text.fmin     0x038063a0       0x4c C:\Program Files (x86)\VEX Robotics\VEXcode Pro V5\sdk/vexv5/gcc/libs\libm.a(lib_a-s_fmin.o)
                0x038063a0                fmin
 *fill*         0x038063ec        0x4 
 .text.fmin.__stub
                0x038063f0       0x20 linker stubs
 *(.gnu.linkonce.t.*)
 *(.plt)
 *(.gnu_warning)
 *(.gcc_except_table)
 *(.glue_7)
 .glue_7        0x00000000        0x0 linker stubs
 *(.glue_7t)
 .glue_7t       0x00000000        0x0 linker stubs
 *(.vfp11_veneer)
 .vfp11_veneer  0x00000000        0x0 linker stubs
 *(.ARM.extab)
 *(.gnu.linkonce.armextab.*)

.v4_bx          0x03806410        0x0
 .v4_bx         0x00000000        0x0 linker stubs

.iplt           0x03806410        0x0
 .iplt          0x00000000        0x0 build/src/main.o

.init
 *(.init)

.fini
 *(.fini)

.rodata         0x03806410     0x17c4
                0x03806410                __rodata_start = .
 *(.rodata)
 *(.rodata.*)
 .rodata.str1.1
                0x03806410        0x5 build/src/main.o
 .rodata.str1.1
                0x03806415       0x66 build/src/pure-pursuit.o
 .rodata.str1.1
                0x0380647b     0x12c9 build/src/paths.o
                               0x12e5 (size before relaxing)
 *fill*         0x03807744        0x4 
 .rodata..Lconstinit
                0x03807748       0x28 build/src/paths.o
 .rodata..Lconstinit.5
                0x03807770       0x28 build/src/paths.o
 .rodata.str1.1
                0x03807798       0x2e C:\Program Files (x86)\VEX Robotics\VEXcode Pro V5\sdk/vexv5\libv5rt.a(v5_startup.c.obj)
 *fill*         0x038077c6        0x2 
 .rodata._ZN3vex6PORT20E
                0x038077c8        0x4 C:\Program Files (x86)\VEX Robotics\VEXcode Pro V5\sdk/vexv5\libv5rt.a(vex_global.cpp.obj)
                0x038077c8                vex::PORT20
 .rodata._ZN3vex3fwdE
                0x038077cc        0x4 C:\Program Files (x86)\VEX Robotics\VEXcode Pro V5\sdk/vexv5\libv5rt.a(vex_global.cpp.obj)
                0x038077cc                vex::fwd
 .rodata._ZN3vex7reverseE
                0x038077d0        0x4 C:\Program Files (x86)\VEX Robotics\VEXcode Pro V5\sdk/vexv5\libv5rt.a(vex_global.cpp.obj)
                0x038077d0                vex::reverse
 .rodata._ZN3vex4voltE
                0x038077d4        0x4 C:\Program Files (x86)\VEX Robotics\VEXcode Pro V5\sdk/vexv5\libv5rt.a(vex_global.cpp.obj)
                0x038077d4                vex::volt
 .rodata._ZN3vex5PORT5E
                0x038077d8        0x4 C:\Program Files (x86)\VEX Robotics\VEXcode Pro V5\sdk/vexv5\libv5rt.a(vex_global.cpp.obj)
                0x038077d8                vex::PORT5
 .rodata._ZN3vex3secE
                0x038077dc        0x4 C:\Program Files (x86)\VEX Robotics\VEXcode Pro V5\sdk/vexv5\libv5rt.a(vex_global.cpp.obj)
                0x038077dc                vex::sec
 .rodata._ZN3vex5blackE
                0x038077e0        0x4 C:\Program Files (x86)\VEX Robotics\VEXcode Pro V5\sdk/vexv5\libv5rt.a(vex_global.cpp.obj)
                0x038077e0                vex::black
 .rodata._ZN3vex4msecE
                0x038077e4        0x4 C:\Program Files (x86)\VEX Robotics\VEXcode Pro V5\sdk/vexv5\libv5rt.a(vex_global.cpp.obj)
                0x038077e4                vex::msec
 .rodata._ZN3vex6PORT18E
                0x038077e8        0x4 C:\Program Files (x86)\VEX Robotics\VEXcode Pro V5\sdk/vexv5\libv5rt.a(vex_global.cpp.obj)
                0x038077e8                vex::PORT18
 .rodata._ZN3vex5PORT9E
                0x038077ec        0x4 C:\Program Files (x86)\VEX Robotics\VEXcode Pro V5\sdk/vexv5\libv5rt.a(vex_global.cpp.obj)
                0x038077ec                vex::PORT9
 .rodata._ZN3vex3rpmE
                0x038077f0        0x4 C:\Program Files (x86)\VEX Robotics\VEXcode Pro V5\sdk/vexv5\libv5rt.a(vex_global.cpp.obj)
                0x038077f0                vex::rpm
 .rodata._ZN3vex6PORT11E
                0x038077f4        0x4 C:\Program Files (x86)\VEX Robotics\VEXcode Pro V5\sdk/vexv5\libv5rt.a(vex_global.cpp.obj)
                0x038077f4                vex::PORT11
 .rodata._ZN3vex3degE
                0x038077f8        0x4 C:\Program Files (x86)\VEX Robotics\VEXcode Pro V5\sdk/vexv5\libv5rt.a(vex_global.cpp.obj)
                0x038077f8                vex::deg
 .rodata._ZN3vex6PORT15E
                0x038077fc        0x4 C:\Program Files (x86)\VEX Robotics\VEXcode Pro V5\sdk/vexv5\libv5rt.a(vex_global.cpp.obj)
                0x038077fc                vex::PORT15
 .rodata._ZN3vex6PORT19E
                0x03807800        0x4 C:\Program Files (x86)\VEX Robotics\VEXcode Pro V5\sdk/vexv5\libv5rt.a(vex_global.cpp.obj)
                0x03807800                vex::PORT19
 .rodata._ZN3vex7degreesE
                0x03807804        0x4 C:\Program Files (x86)\VEX Robotics\VEXcode Pro V5\sdk/vexv5\libv5rt.a(vex_global.cpp.obj)
                0x03807804                vex::degrees
 .rodata._ZN3vex6PORT22E
                0x03807808        0x4 C:\Program Files (x86)\VEX Robotics\VEXcode Pro V5\sdk/vexv5\libv5rt.a(vex_global.cpp.obj)
                0x03807808                vex::PORT22
 .rodata._ZN3vex4holdE
                0x0380780c        0x4 C:\Program Files (x86)\VEX Robotics\VEXcode Pro V5\sdk/vexv5\libv5rt.a(vex_global.cpp.obj)
                0x0380780c                vex::hold
 .rodata._ZN3vex6PORT12E
                0x03807810        0x4 C:\Program Files (x86)\VEX Robotics\VEXcode Pro V5\sdk/vexv5\libv5rt.a(vex_global.cpp.obj)
                0x03807810                vex::PORT12
 .rodata._ZN3vex6PORT16E
                0x03807814        0x4 C:\Program Files (x86)\VEX Robotics\VEXcode Pro V5\sdk/vexv5\libv5rt.a(vex_global.cpp.obj)
                0x03807814                vex::PORT16
 .rodata._ZN3vex8ratio6_1E
                0x03807818        0x4 C:\Program Files (x86)\VEX Robotics\VEXcode Pro V5\sdk/vexv5\libv5rt.a(vex_global.cpp.obj)
                0x03807818                vex::ratio6_1
 .rodata._ZN3vex5coastE
                0x0380781c        0x4 C:\Program Files (x86)\VEX Robotics\VEXcode Pro V5\sdk/vexv5\libv5rt.a(vex_global.cpp.obj)
                0x0380781c                vex::coast
 .rodata._ZN3vex5PORT4E
                0x03807820        0x4 C:\Program Files (x86)\VEX Robotics\VEXcode Pro V5\sdk/vexv5\libv5rt.a(vex_global.cpp.obj)
                0x03807820                vex::PORT4
 .rodata._ZN3vex6PORT13E
                0x03807824        0x4 C:\Program Files (x86)\VEX Robotics\VEXcode Pro V5\sdk/vexv5\libv5rt.a(vex_global.cpp.obj)
                0x03807824                vex::PORT13
 .rodata._ZN3vex5PORT8E
                0x03807828        0x4 C:\Program Files (x86)\VEX Robotics\VEXcode Pro V5\sdk/vexv5\libv5rt.a(vex_global.cpp.obj)
                0x03807828                vex::PORT8
 .rodata._ZN3vex9ratio18_1E
                0x0380782c        0x4 C:\Program Files (x86)\VEX Robotics\VEXcode Pro V5\sdk/vexv5\libv5rt.a(vex_global.cpp.obj)
                0x0380782c                vex::ratio18_1
 .rodata._ZN3vex7secondsE
                0x03807830        0x4 C:\Program Files (x86)\VEX Robotics\VEXcode Pro V5\sdk/vexv5\libv5rt.a(vex_global.cpp.obj)
                0x03807830                vex::seconds
 *fill*         0x03807834        0x4 
 .rodata._ZTVN3vex5motorE
                0x03807838       0x18 C:\Program Files (x86)\VEX Robotics\VEXcode Pro V5\sdk/vexv5\libv5rt.a(vex_motor.cpp.obj)
                0x03807838                vtable for vex::motor
 .rodata._ZTVN3vex8inertialE
                0x03807850       0x68 C:\Program Files (x86)\VEX Robotics\VEXcode Pro V5\sdk/vexv5\libv5rt.a(vex_imu.cpp.obj)
                0x03807850                vtable for vex::inertial
 .rodata._ZTVN3vex8rotationE
                0x038078b8       0x18 C:\Program Files (x86)\VEX Robotics\VEXcode Pro V5\sdk/vexv5\libv5rt.a(vex_rotation.cpp.obj)
                0x038078b8                vtable for vex::rotation
 .rodata.CSWTCH.16
                0x038078d0        0xb C:\Program Files (x86)\VEX Robotics\VEXcode Pro V5\sdk/vexv5\libv5rt.a(vex_controller.cpp.obj)
 .rodata.CSWTCH.18
                0x038078db        0xb C:\Program Files (x86)\VEX Robotics\VEXcode Pro V5\sdk/vexv5\libv5rt.a(vex_controller.cpp.obj)
 .rodata.CSWTCH.24
                0x038078e6        0x3 C:\Program Files (x86)\VEX Robotics\VEXcode Pro V5\sdk/vexv5\libv5rt.a(vex_controller.cpp.obj)
 .rodata.str1.1
                0x038078e9       0x14 C:\Program Files (x86)\VEX Robotics\VEXcode Pro V5\sdk/vexv5\libv5rt.a(vex_task.cpp.obj)
 .rodata.str1.1
                0x038078fd       0x2d C:\Program Files (x86)\VEX Robotics\VEXcode Pro V5\sdk/vexv5\libv5rt.a(vex_brain.cpp.obj)
 .rodata.CSWTCH.36
                0x0380792a       0x10 C:\Program Files (x86)\VEX Robotics\VEXcode Pro V5\sdk/vexv5\libv5rt.a(vex_triport.cpp.obj)
 *fill*         0x0380793a        0x6 
 .rodata._ZTVN3vex7triportE
                0x03807940       0x18 C:\Program Files (x86)\VEX Robotics\VEXcode Pro V5\sdk/vexv5\libv5rt.a(vex_triport.cpp.obj)
                0x03807940                vtable for vex::triport
 .rodata.CSWTCH.31
                0x03807958        0xe C:\Program Files (x86)\VEX Robotics\VEXcode Pro V5\sdk/vexv5\libv5rt.a(vex_triport.cpp.obj)
 *fill*         0x03807966        0x2 
 .rodata._ZTVN3vex6deviceE
                0x03807968       0x18 C:\Program Files (x86)\VEX Robotics\VEXcode Pro V5\sdk/vexv5\libv5rt.a(vex_device.cpp.obj)
                0x03807968                vtable for vex::device
 .rodata._ZTCSt19basic_istringstreamIcSt11char_traitsIcESaIcEE0_Si
                0x03807980       0x28 C:\Program Files (x86)\VEX Robotics\VEXcode Pro V5\sdk/vexv5/gcc/libs\libstdc++.a(sstream-inst.o)
                0x03807980                construction vtable for std::istream-in-std::basic_istringstream<char, std::char_traits<char>, std::allocator<char> >
 .rodata._ZTTSt19basic_istringstreamIcSt11char_traitsIcESaIcEE
                0x038079a8       0x10 C:\Program Files (x86)\VEX Robotics\VEXcode Pro V5\sdk/vexv5/gcc/libs\libstdc++.a(sstream-inst.o)
                0x038079a8                VTT for std::basic_istringstream<char, std::char_traits<char>, std::allocator<char> >
 .rodata._ZTVSt19basic_istringstreamIcSt11char_traitsIcESaIcEE
                0x038079b8       0x28 C:\Program Files (x86)\VEX Robotics\VEXcode Pro V5\sdk/vexv5/gcc/libs\libstdc++.a(sstream-inst.o)
                0x038079b8                vtable for std::basic_istringstream<char, std::char_traits<char>, std::allocator<char> >
 .rodata._ZTSSt19basic_istringstreamIcSt11char_traitsIcESaIcEE
                0x038079e0       0x32 C:\Program Files (x86)\VEX Robotics\VEXcode Pro V5\sdk/vexv5/gcc/libs\libstdc++.a(sstream-inst.o)
                0x038079e0                typeinfo name for std::basic_istringstream<char, std::char_traits<char>, std::allocator<char> >
 *fill*         0x03807a12        0x2 
 .rodata._ZTISt19basic_istringstreamIcSt11char_traitsIcESaIcEE
                0x03807a14        0xc C:\Program Files (x86)\VEX Robotics\VEXcode Pro V5\sdk/vexv5/gcc/libs\libstdc++.a(sstream-inst.o)
                0x03807a14                typeinfo for std::basic_istringstream<char, std::char_traits<char>, std::allocator<char> >
 .rodata._ZTVN10__cxxabiv117__class_type_infoE
                0x03807a20       0x2c C:\Program Files (x86)\VEX Robotics\VEXcode Pro V5\sdk/vexv5/gcc/libs\libstdc++.a(class_type_info.o)
                0x03807a20                vtable for __cxxabiv1::__class_type_info
 .rodata._ZTIN10__cxxabiv117__class_type_infoE
                0x03807a4c        0xc C:\Program Files (x86)\VEX Robotics\VEXcode Pro V5\sdk/vexv5/gcc/libs\libstdc++.a(class_type_info.o)
                0x03807a4c                typeinfo for __cxxabiv1::__class_type_info
 .rodata._ZTSN10__cxxabiv117__class_type_infoE
                0x03807a58       0x22 C:\Program Files (x86)\VEX Robotics\VEXcode Pro V5\sdk/vexv5/gcc/libs\libstdc++.a(class_type_info.o)
                0x03807a58                typeinfo name for __cxxabiv1::__class_type_info
 *fill*         0x03807a7a        0x6 
 .rodata._ZTVN10__cxxabiv120__si_class_type_infoE
                0x03807a80       0x2c C:\Program Files (x86)\VEX Robotics\VEXcode Pro V5\sdk/vexv5/gcc/libs\libstdc++.a(si_class_type_info.o)
                0x03807a80                vtable for __cxxabiv1::__si_class_type_info
 .rodata._ZTIN10__cxxabiv120__si_class_type_infoE
                0x03807aac        0xc C:\Program Files (x86)\VEX Robotics\VEXcode Pro V5\sdk/vexv5/gcc/libs\libstdc++.a(si_class_type_info.o)
                0x03807aac                typeinfo for __cxxabiv1::__si_class_type_info
 .rodata._ZTSN10__cxxabiv120__si_class_type_infoE
                0x03807ab8       0x25 C:\Program Files (x86)\VEX Robotics\VEXcode Pro V5\sdk/vexv5/gcc/libs\libstdc++.a(si_class_type_info.o)
                0x03807ab8                typeinfo name for __cxxabiv1::__si_class_type_info
 *fill*         0x03807add        0x3 
 .rodata._ZTISt9type_info
                0x03807ae0        0x8 C:\Program Files (x86)\VEX Robotics\VEXcode Pro V5\sdk/vexv5/gcc/libs\libstdc++.a(tinfo.o)
                0x03807ae0                typeinfo for std::type_info
 .rodata._ZTSSt9type_info
                0x03807ae8        0xd C:\Program Files (x86)\VEX Robotics\VEXcode Pro V5\sdk/vexv5/gcc/libs\libstdc++.a(tinfo.o)
                0x03807ae8                typeinfo name for std::type_info
 *fill*         0x03807af5        0x3 
 .rodata._ZTISt9basic_iosIcSt11char_traitsIcEE
                0x03807af8        0xc C:\Program Files (x86)\VEX Robotics\VEXcode Pro V5\sdk/vexv5/gcc/libs\libstdc++.a(ios-inst.o)
                0x03807af8                typeinfo for std::basic_ios<char, std::char_traits<char> >
 .rodata._ZTSSt9basic_iosIcSt11char_traitsIcEE
                0x03807b04       0x22 C:\Program Files (x86)\VEX Robotics\VEXcode Pro V5\sdk/vexv5/gcc/libs\libstdc++.a(ios-inst.o)
                0x03807b04                typeinfo name for std::basic_ios<char, std::char_traits<char> >
 *fill*         0x03807b26        0x2 
 .rodata._ZTVSt8ios_base
                0x03807b28       0x10 C:\Program Files (x86)\VEX Robotics\VEXcode Pro V5\sdk/vexv5/gcc/libs\libstdc++.a(ios.o)
                0x03807b28                vtable for std::ios_base
 .rodata._ZTISt8ios_base
                0x03807b38        0x8 C:\Program Files (x86)\VEX Robotics\VEXcode Pro V5\sdk/vexv5/gcc/libs\libstdc++.a(ios.o)
                0x03807b38                typeinfo for std::ios_base
 .rodata._ZTSSt8ios_base
                0x03807b40        0xc C:\Program Files (x86)\VEX Robotics\VEXcode Pro V5\sdk/vexv5/gcc/libs\libstdc++.a(ios.o)
                0x03807b40                typeinfo name for std::ios_base
 .rodata._ZTISi
                0x03807b4c       0x18 C:\Program Files (x86)\VEX Robotics\VEXcode Pro V5\sdk/vexv5/gcc/libs\libstdc++.a(istream-inst.o)
                0x03807b4c                typeinfo for std::istream
 .rodata._ZTSSi
                0x03807b64        0x3 C:\Program Files (x86)\VEX Robotics\VEXcode Pro V5\sdk/vexv5/gcc/libs\libstdc++.a(istream-inst.o)
                0x03807b64                typeinfo name for std::istream
 *fill*         0x03807b67        0x1 
 .rodata._ZTIN10__cxxabiv121__vmi_class_type_infoE
                0x03807b68        0xc C:\Program Files (x86)\VEX Robotics\VEXcode Pro V5\sdk/vexv5/gcc/libs\libstdc++.a(vmi_class_type_info.o)
                0x03807b68                typeinfo for __cxxabiv1::__vmi_class_type_info
 .rodata._ZTSN10__cxxabiv121__vmi_class_type_infoE
                0x03807b74       0x26 C:\Program Files (x86)\VEX Robotics\VEXcode Pro V5\sdk/vexv5/gcc/libs\libstdc++.a(vmi_class_type_info.o)
                0x03807b74                typeinfo name for __cxxabiv1::__vmi_class_type_info
 *fill*         0x03807b9a        0x6 
 .rodata._ZTVN10__cxxabiv121__vmi_class_type_infoE
                0x03807ba0       0x2c C:\Program Files (x86)\VEX Robotics\VEXcode Pro V5\sdk/vexv5/gcc/libs\libstdc++.a(vmi_class_type_info.o)
                0x03807ba0                vtable for __cxxabiv1::__vmi_class_type_info
 .rodata.str1.4
                0x03807bcc        0x2 C:\Program Files (x86)\VEX Robotics\VEXcode Pro V5\sdk/vexv5/gcc/libs\libc.a(lib_a-impure.o)
 *fill*         0x03807bce        0x2 
 .rodata.str1.4
                0x03807bd0        0x4 C:\Program Files (x86)\VEX Robotics\VEXcode Pro V5\sdk/vexv5/gcc/libs\libc.a(lib_a-puts.o)
                                  0x2 (size before relaxing)
 *(.gnu.linkonce.r.*)
                0x03807bd4                __rodata_end = .

.ARM.extab.text._ZNSt8ios_base17_M_call_callbacksENS_5eventE
                0x03807bd4       0x28
 .ARM.extab.text._ZNSt8ios_base17_M_call_callbacksENS_5eventE
                0x03807bd4       0x28 C:\Program Files (x86)\VEX Robotics\VEXcode Pro V5\sdk/vexv5/gcc/libs\libstdc++.a(ios.o)

.rodata1        0x03807bfc        0x0
                0x03807bfc                __rodata1_start = .
 *(.rodata1)
 *(.rodata1.*)
                0x03807bfc                __rodata1_end = .

.sdata2         0x03807bfc        0x0
                0x03807bfc                __sdata2_start = .
 *(.sdata2)
 *(.sdata2.*)
 *(.gnu.linkonce.s2.*)
                0x03807bfc                __sdata2_end = .

.sbss2          0x03807bfc        0x0
                0x03807bfc                __sbss2_start = .
 *(.sbss2)
 *(.sbss2.*)
 *(.gnu.linkonce.sb2.*)
                0x03807bfc                __sbss2_end = .

.data           0x03807c00      0x52c
                0x03807c00                __data_start = .
 *(.data)
 *(.data.*)
 .data.enableOdom
                0x03807c00        0x1 build/src/main.o
                0x03807c00                enableOdom
 *fill*         0x03807c01        0x7 
 .data.turnkP   0x03807c08        0x8 build/src/pid.o
                0x03807c08                turnkP
 .data.turnkD   0x03807c10        0x8 build/src/pid.o
                0x03807c10                turnkD
 .data.pivotP   0x03807c18        0x8 build/src/pid.o
                0x03807c18                pivotP
 .data.pivotI   0x03807c20        0x8 build/src/pid.o
                0x03807c20                pivotI
 .data.curveLeftVar
                0x03807c28        0x8 build/src/pid.o
                0x03807c28                curveLeftVar
 .data.curveRightVar
                0x03807c30        0x8 build/src/pid.o
                0x03807c30                curveRightVar
 .data.maxTurningPower
                0x03807c38        0x8 build/src/pid.o
                0x03807c38                maxTurningPower
 .data.enableDrivePID
                0x03807c40        0x1 build/src/pid.o
                0x03807c40                enableDrivePID
 *fill*         0x03807c41        0x7 
 .data.timeLimit
                0x03807c48        0x8 build/src/pid.o
                0x03807c48                timeLimit
 .data.rightStop
                0x03807c50        0x1 build/src/pid.o
                0x03807c50                rightStop
 .data.leftStop
                0x03807c51        0x1 build/src/pid.o
                0x03807c51                leftStop
 *fill*         0x03807c52        0x6 
 .data.KpMove   0x03807c58        0x8 build/src/pid.o
                0x03807c58                KpMove
 .data.KdMove   0x03807c60        0x8 build/src/pid.o
                0x03807c60                KdMove
 .data.maxMoveVoltage
                0x03807c68        0x8 build/src/pid.o
                0x03807c68                maxMoveVoltage
 .data.enableDist
                0x03807c70        0x1 build/src/pid.o
                0x03807c70                enableDist
 *fill*         0x03807c71        0x7 
 .data.b        0x03807c78        0x8 build/src/pure-pursuit.o
                0x03807c78                b
 .data.max_vel  0x03807c80        0x8 build/src/pure-pursuit.o
                0x03807c80                max_vel
 .data.turning_const
                0x03807c88        0x8 build/src/pure-pursuit.o
                0x03807c88                turning_const
 .data.max_accel
                0x03807c90        0x8 build/src/pure-pursuit.o
                0x03807c90                max_accel
 .data.l        0x03807c98        0x8 build/src/pure-pursuit.o
                0x03807c98                l
 .data.pos      0x03807ca0       0x10 build/src/pure-pursuit.o
                0x03807ca0                pos
 .data.track_width
                0x03807cb0        0x8 build/src/pure-pursuit.o
                0x03807cb0                track_width
 .data.maxVelChange
                0x03807cb8        0x8 build/src/pure-pursuit.o
                0x03807cb8                maxVelChange
 .data.path_str
                0x03807cc0        0x4 build/src/paths.o
                0x03807cc0                path_str
 *fill*         0x03807cc4        0x4 
 .data.kTurn    0x03807cc8        0x8 build/src/drive-controller.o
                0x03807cc8                kTurn
 .data.drive_deadband
                0x03807cd0        0x8 build/src/drive-controller.o
                0x03807cd0                drive_deadband
 .data.drive_slew
                0x03807cd8        0x8 build/src/drive-controller.o
                0x03807cd8                drive_slew
 .data.kInertiaScalar
                0x03807ce0        0x8 build/src/drive-controller.o
                0x03807ce0                kInertiaScalar
 .data.kSensitivty
                0x03807ce8        0x8 build/src/drive-controller.o
                0x03807ce8                kSensitivty
 .data.appRunning
                0x03807cf0        0x4 C:\Program Files (x86)\VEX Robotics\VEXcode Pro V5\sdk/vexv5\libv5rt.a(v5_startup.c.obj)
                0x03807cf0                appRunning
 .data.__yoff   0x03807cf4        0x4 C:\Program Files (x86)\VEX Robotics\VEXcode Pro V5\sdk/vexv5\libv5rt.a(v5_apijump.c.obj)
 .data._ZN3vex24__default_motor_velocityE
                0x03807cf8        0x4 C:\Program Files (x86)\VEX Robotics\VEXcode Pro V5\sdk/vexv5\libv5rt.a(vex_motor.cpp.obj)
                0x03807cf8                vex::__default_motor_velocity
 *fill*         0x03807cfc        0x4 
 .data.impure_data
                0x03807d00      0x428 C:\Program Files (x86)\VEX Robotics\VEXcode Pro V5\sdk/vexv5/gcc/libs\libc.a(lib_a-impure.o)
 .data._impure_ptr
                0x03808128        0x4 C:\Program Files (x86)\VEX Robotics\VEXcode Pro V5\sdk/vexv5/gcc/libs\libc.a(lib_a-impure.o)
                0x03808128                _impure_ptr
 *(.gnu.linkonce.d.*)
 *(.jcr)
 *(.got)
 *(.got.plt)
                0x0380812c                __data_end = .

.igot.plt       0x0380812c        0x0
 .igot.plt      0x00000000        0x0 build/src/main.o

.data1          0x0380812c        0x0
                0x0380812c                __data1_start = .
 *(.data1)
 *(.data1.*)
                0x0380812c                __data1_end = .

.got
 *(.got)

.ctors          0x0380812c        0x0
                0x0380812c                __CTOR_LIST__ = .
                0x0380812c                ___CTORS_LIST___ = .
 *crtbegin.o(.ctors)
 *(EXCLUDE_FILE(*crtend.o) .ctors)
 *(SORT(.ctors.*))
 *(.ctors)
                0x0380812c                __CTOR_END__ = .
                0x0380812c                ___CTORS_END___ = .

.dtors          0x0380812c        0x0
                0x0380812c                __DTOR_LIST__ = .
                0x0380812c                ___DTORS_LIST___ = .
 *crtbegin.o(.dtors)
 *(EXCLUDE_FILE(*crtend.o) .dtors)
 *(SORT(.dtors.*))
 *(.dtors)
                0x0380812c                __DTOR_END__ = .
                0x0380812c                ___DTORS_END___ = .

.fixup          0x0380812c        0x0
                0x0380812c                __fixup_start = .
 *(.fixup)
                0x0380812c                __fixup_end = .

.eh_frame
 *(.eh_frame)

.eh_framehdr    0x0380812c        0x0
                0x0380812c                __eh_framehdr_start = .
 *(.eh_framehdr)
                0x0380812c                __eh_framehdr_end = .

.gcc_except_table
 *(.gcc_except_table)

.mmu_tbl        0x0380c000        0x0