Archive member included because of file (symbol)

C:\Program Files (x86)\VEX Robotics\VEXcode Pro V5\sdk/vexv5\libv5rt.a(v5_startup.c.obj)
                              (vexStartup)
C:\Program Files (x86)\VEX Robotics\VEXcode Pro V5\sdk/vexv5\libv5rt.a(v5_util.c.obj)
                              C:\Program Files (x86)\VEX Robotics\VEXcode Pro V5\sdk/vexv5\libv5rt.a(v5_startup.c.obj) (vexStdlibVersionLinked)
C:\Program Files (x86)\VEX Robotics\VEXcode Pro V5\sdk/vexv5\libv5rt.a(v5_apijump.c.obj)
                              C:\Program Files (x86)\VEX Robotics\VEXcode Pro V5\sdk/vexv5\libv5rt.a(v5_startup.c.obj) (vexPrivateApiEnable)
C:\Program Files (x86)\VEX Robotics\VEXcode Pro V5\sdk/vexv5\libv5rt.a(v5_apiversions.c.obj)
                              C:\Program Files (x86)\VEX Robotics\VEXcode Pro V5\sdk/vexv5\libv5rt.a(v5_apijump.c.obj) (vexSystemVersion)
C:\Program Files (x86)\VEX Robotics\VEXcode Pro V5\sdk/vexv5\libv5rt.a(vex_global.cpp.obj)
                              build/src/main.o (vex::wait(double, vex::timeUnits))
C:\Program Files (x86)\VEX Robotics\VEXcode Pro V5\sdk/vexv5\libv5rt.a(vex_motor.cpp.obj)
                              build/src/robot-config.o (vex::motor::~motor())
C:\Program Files (x86)\VEX Robotics\VEXcode Pro V5\sdk/vexv5\libv5rt.a(vex_imu.cpp.obj)
                              build/src/main.o (vex::inertial::setHeading(double, vex::rotationUnits))
C:\Program Files (x86)\VEX Robotics\VEXcode Pro V5\sdk/vexv5\libv5rt.a(vex_rotation.cpp.obj)
                              build/src/robot-config.o (vex::rotation::~rotation())
C:\Program Files (x86)\VEX Robotics\VEXcode Pro V5\sdk/vexv5\libv5rt.a(vex_distance.cpp.obj)
                              build/src/robot-config.o (vex::distance::~distance())
C:\Program Files (x86)\VEX Robotics\VEXcode Pro V5\sdk/vexv5\libv5rt.a(vex_controller.cpp.obj)
                              build/src/robot-config.o (vex::controller::~controller())
C:\Program Files (x86)\VEX Robotics\VEXcode Pro V5\sdk/vexv5\libv5rt.a(vex_task.cpp.obj)
                              build/src/main.o (vex::task::task(int (*)()))
C:\Program Files (x86)\VEX Robotics\VEXcode Pro V5\sdk/vexv5\libv5rt.a(vex_thread.cpp.obj)
                              C:\Program Files (x86)\VEX Robotics\VEXcode Pro V5\sdk/vexv5\libv5rt.a(vex_global.cpp.obj) (vex::this_thread::sleep_for(unsigned long))
C:\Program Files (x86)\VEX Robotics\VEXcode Pro V5\sdk/vexv5\libv5rt.a(vex_event.cpp.obj)
                              C:\Program Files (x86)\VEX Robotics\VEXcode Pro V5\sdk/vexv5\libv5rt.a(vex_imu.cpp.obj) (vex::event::init(unsigned long, unsigned long, void (*)()))
C:\Program Files (x86)\VEX Robotics\VEXcode Pro V5\sdk/vexv5\libv5rt.a(vex_mevent.cpp.obj)
                              C:\Program Files (x86)\VEX Robotics\VEXcode Pro V5\sdk/vexv5\libv5rt.a(vex_controller.cpp.obj) (vex::mevent::mevent(unsigned long, unsigned long))
C:\Program Files (x86)\VEX Robotics\VEXcode Pro V5\sdk/vexv5\libv5rt.a(vex_brain.cpp.obj)
                              build/src/robot-config.o (vex::brain::brain())
C:\Program Files (x86)\VEX Robotics\VEXcode Pro V5\sdk/vexv5\libv5rt.a(vex_competition.cpp.obj)
                              build/src/main.o (vex::competition::competition())
C:\Program Files (x86)\VEX Robotics\VEXcode Pro V5\sdk/vexv5\libv5rt.a(vex_triport.cpp.obj)
                              C:\Program Files (x86)\VEX Robotics\VEXcode Pro V5\sdk/vexv5\libv5rt.a(vex_brain.cpp.obj) (vex::triport::~triport())
C:\Program Files (x86)\VEX Robotics\VEXcode Pro V5\sdk/vexv5\libv5rt.a(vex_color.cpp.obj)
                              C:\Program Files (x86)\VEX Robotics\VEXcode Pro V5\sdk/vexv5\libv5rt.a(vex_brain.cpp.obj) (vex::color::operator unsigned long() const)
C:\Program Files (x86)\VEX Robotics\VEXcode Pro V5\sdk/vexv5\libv5rt.a(vex_timer.cpp.obj)
                              C:\Program Files (x86)\VEX Robotics\VEXcode Pro V5\sdk/vexv5\libv5rt.a(vex_brain.cpp.obj) (vex::timer::~timer())
C:\Program Files (x86)\VEX Robotics\VEXcode Pro V5\sdk/vexv5\libv5rt.a(vex_motorgroup.cpp.obj)
                              build/src/robot-config.o (vex::motor_group::motor_group())
C:\Program Files (x86)\VEX Robotics\VEXcode Pro V5\sdk/vexv5\libv5rt.a(v5_apiuser.c.obj)
                              C:\Program Files (x86)\VEX Robotics\VEXcode Pro V5\sdk/vexv5\libv5rt.a(vex_triport.cpp.obj) (vexAdiPortConfigSet)
C:\Program Files (x86)\VEX Robotics\VEXcode Pro V5\sdk/vexv5\libv5rt.a(vex_device.cpp.obj)
                              C:\Program Files (x86)\VEX Robotics\VEXcode Pro V5\sdk/vexv5\libv5rt.a(vex_motor.cpp.obj) (vex::device::~device())
C:\Program Files (x86)\VEX Robotics\VEXcode Pro V5\sdk/vexv5/gcc/libs\libc.a(lib_a-fini.o)
                              C:\Program Files (x86)\VEX Robotics\VEXcode Pro V5\sdk/vexv5\libv5rt.a(v5_startup.c.obj) (__libc_fini_array)
C:\Program Files (x86)\VEX Robotics\VEXcode Pro V5\sdk/vexv5/gcc/libs\libc.a(lib_a-impure.o)
[...]
Memory Configuration

Name             Origin             Length             Attributes
ps7_ddr_0_S_AXI_BASEADDR 0x03800000         0x04800000
*default*        0x00000000         0xffffffff

Linker script and memory map

                0x00002000                _STACK_SIZE = DEFINED (_STACK_SIZE)?_STACK_SIZE:0x2000
                0x00100000                _HEAP_SIZE = DEFINED (_HEAP_SIZE)?_HEAP_SIZE:0x100000
                0x00000400                _ABORT_STACK_SIZE = DEFINED (_ABORT_STACK_SIZE)?_ABORT_STACK_SIZE:0x400
                0x00000800                _SUPERVISOR_STACK_SIZE = DEFINED (_SUPERVISOR_STACK_SIZE)?_SUPERVISOR_STACK_SIZE:0x800
                0x00000400                _IRQ_STACK_SIZE = DEFINED (_IRQ_STACK_SIZE)?_IRQ_STACK_SIZE:0x400
                0x00000400                _FIQ_STACK_SIZE = DEFINED (_FIQ_STACK_SIZE)?_FIQ_STACK_SIZE:0x400
                0x00000400                _UNDEF_STACK_SIZE = DEFINED (_UNDEF_STACK_SIZE)?_UNDEF_STACK_SIZE:0x400

.text           0x03800000     0x58d8
 *(.vectors)
 *(.boot_data)
 .boot_data     0x03800000       0x20 C:\Program Files (x86)\VEX Robotics\VEXcode Pro V5\sdk/vexv5\libv5rt.a(v5_startup.c.obj)
                0x03800000                vexCodeSig
                0x00000020                . = 0x20
 *(.boot)
 .boot          0x03800020       0xbc C:\Program Files (x86)\VEX Robotics\VEXcode Pro V5\sdk/vexv5\libv5rt.a(v5_startup.c.obj)
                0x03800020                vexStartup
                0x03800100                . = ALIGN (0x40)
 *fill*         0x038000dc       0x24 
 *(.freertos_vectors)
 *(.text)
 *(.text.*)
 .text._Z10driveBrakeN3vex9brakeTypeE
                0x03800100       0x70 build/src/main.o
                0x03800100                driveBrake(vex::brakeType)
 .text._ZNSt6vectorIS_I9pathPointSaIS0_EESaIS2_EED2Ev
                0x03800170       0x50 build/src/main.o
                0x03800170                std::vector<std::vector<pathPoint, std::allocator<pathPoint> >, std::allocator<std::vector<pathPoint, std::allocator<pathPoint> > > >::~vector()
 .text._Z9pre_autonv
                0x038001c0      0x140 build/src/main.o
                0x038001c0                pre_auton()
 .text._Z10getCurrLocv
                0x03800300      0x200 build/src/main.o
                0x03800300                getCurrLoc()
 .text._Z8drivePIDv
                0x03800500      0x450 build/src/main.o
                0x03800500                drivePID()
 .text._Z4distdN3vex9brakeTypeE
                0x03800950      0x248 build/src/main.o
                0x03800950                dist(double, vex::brakeType)
 .text._ZNSt6vectorI9pathPointSaIS0_EEC2ERKS2_
                0x03800b98       0x9c build/src/main.o
                0x03800b98                std::vector<pathPoint, std::allocator<pathPoint> >::vector(std::vector<pathPoint, std::allocator<pathPoint> > const&)
 *fill*         0x03800c34        0x4 
 .text._Z7PIDTurnddbb
                0x03800c38       0xa0 build/src/main.o
                0x03800c38                PIDTurn(double, double, bool, bool)
 .text._Z4odomv
                0x03800cd8       0x34 build/src/main.o
                0x03800cd8                odom()
 *fill*         0x03800d0c        0x4 
 .text._Z8loadCatav
                0x03800d10      0x310 build/src/main.o
                0x03800d10                loadCata()
 .text._Z10autonomousv
                0x03801020      0x408 build/src/main.o
                0x03801020                autonomous()
 .text._Z8leftExpoN3vex13directionTypeEd
                0x03801428      0x188 build/src/main.o
                0x03801428                leftExpo(vex::directionType, double)
 .text._Z9rightExpoN3vex13directionTypeEd
                0x038015b0      0x188 build/src/main.o
                0x038015b0                rightExpo(vex::directionType, double)
 .text._Z11usercontrolv
                0x03801738      0x778 build/src/main.o
                0x03801738                usercontrol()
 .text.main     0x03801eb0       0x68 build/src/main.o
                0x03801eb0                main
 .text._ZNSt12_Vector_baseI9pathPointSaIS0_EE11_M_allocateEj
                0x03801f18       0x3c build/src/main.o
                0x03801f18                std::_Vector_base<pathPoint, std::allocator<pathPoint> >::_M_allocate(unsigned int)
 .text._ZNSt6vectorIS_I9pathPointSaIS0_EESaIS2_EE19_M_range_initializeIPKS2_EEvT_S8_St20forward_iterator_tag
                0x03801f54       0x64 build/src/main.o
                0x03801f54                void std::vector<std::vector<pathPoint, std::allocator<pathPoint> >, std::allocator<std::vector<pathPoint, std::allocator<pathPoint> > > >::_M_range_initialize<std::vector<pathPoint, std::allocator<pathPoint> > const*>(std::vector<pathPoint, std::allocator<pathPoint> > const*, std::vector<pathPoint, std::allocator<pathPoint> > const*, std::forward_iterator_tag)
 .text._ZNSt12_Vector_baseISt6vectorI9pathPointSaIS1_EESaIS3_EE11_M_allocateEj
                0x03801fb8       0x3c build/src/main.o
                0x03801fb8                std::_Vector_base<std::vector<pathPoint, std::allocator<pathPoint> >, std::allocator<std::vector<pathPoint, std::allocator<pathPoint> > > >::_M_allocate(unsigned int)
 *fill*         0x03801ff4        0x4 
 .text._GLOBAL__sub_I_main.cpp
                0x03801ff8      0x430 build/src/main.o
 .text._ZN3vex11motor_groupC2IJNS_5motorES2_EEERS2_DpRT_
                0x03802428       0x44 build/src/robot-config.o
                0x03802428                vex::motor_group::motor_group<vex::motor, vex::motor>(vex::motor&, vex::motor&, vex::motor&)
 .text._Z11vexcodeInitv
                0x0380246c        0x4 build/src/robot-config.o
                0x0380246c                vexcodeInit()
 .text._GLOBAL__sub_I_robot_config.cpp
                0x03802470      0x478 build/src/robot-config.o
 .text._Z5pointdd
                0x038028e8       0x38 build/src/pure-pursuit.o
                0x038028e8                point(double, double)
 .text._Z5clampfff
                0x03802920       0x2c build/src/pure-pursuit.o
                0x03802920                clamp(float, float, float)
 .text._Z9distancePdddd
                0x0380294c       0x3c build/src/pure-pursuit.o
                0x0380294c                distanceP(double, double, double, double)
 .text._Z7radiansd
                0x03802988       0x30 build/src/pure-pursuit.o
                0x03802988                radians(double)
 .text._Z6degreed
                0x038029b8       0x30 build/src/pure-pursuit.o
                0x038029b8                degree(double)
 .text._GLOBAL__sub_I_pure_pursuit.cpp
                0x038029e8       0x54 build/src/pure-pursuit.o
 .text._GLOBAL__sub_I_auton_selector.cpp
                0x03802a3c       0x34 build/src/auton-selector.o
 .text.vexMain  0x03802a70       0xb0 C:\Program Files (x86)\VEX Robotics\VEXcode Pro V5\sdk/vexv5\libv5rt.a(v5_startup.c.obj)
                0x03802a70                vexMain
 .text.__vex_function_prolog
                0x03802b20       0x18 C:\Program Files (x86)\VEX Robotics\VEXcode Pro V5\sdk/vexv5\libv5rt.a(v5_startup.c.obj)
                0x03802b20                __vex_function_prolog
 .text._init    0x03802b38        0x4 C:\Program Files (x86)\VEX Robotics\VEXcode Pro V5\sdk/vexv5\libv5rt.a(v5_startup.c.obj)
                0x03802b38                _init
 .text._fini    0x03802b3c        0x4 C:\Program Files (x86)\VEX Robotics\VEXcode Pro V5\sdk/vexv5\libv5rt.a(v5_startup.c.obj)
                0x03802b3c                _fini
 .text.vexStdlibVersionLinked
                0x03802b40        0xc C:\Program Files (x86)\VEX Robotics\VEXcode Pro V5\sdk/vexv5\libv5rt.a(v5_util.c.obj)
                0x03802b40                vexStdlibVersionLinked
 .text.vexStdlibVersionVerify
                0x03802b4c       0x30 C:\Program Files (x86)\VEX Robotics\VEXcode Pro V5\sdk/vexv5\libv5rt.a(v5_util.c.obj)
                0x03802b4c                vexStdlibVersionVerify
 .text.vexPrivateApiEnable
                0x03802b7c       0x10 C:\Program Files (x86)\VEX Robotics\VEXcode Pro V5\sdk/vexv5\libv5rt.a(v5_apijump.c.obj)
                0x03802b7c                vexPrivateApiEnable
 .text.vexStdlibMismatchError
                0x03802b8c       0x3c C:\Program Files (x86)\VEX Robotics\VEXcode Pro V5\sdk/vexv5\libv5rt.a(v5_apijump.c.obj)
                0x03802b8c                vexStdlibMismatchError
 .text.vexTaskAdd
                0x03802bc8       0x10 C:\Program Files (x86)\VEX Robotics\VEXcode Pro V5\sdk/vexv5\libv5rt.a(v5_apijump.c.obj)
                0x03802bc8                vexTaskAdd
 .text.vexTasksRun
                0x03802bd8       0x10 C:\Program Files (x86)\VEX Robotics\VEXcode Pro V5\sdk/vexv5\libv5rt.a(v5_apijump.c.obj)
                0x03802bd8                vexTasksRun
 .text.vexTaskYield
                0x03802be8       0x10 C:\Program Files (x86)\VEX Robotics\VEXcode Pro V5\sdk/vexv5\libv5rt.a(v5_apijump.c.obj)
                0x03802be8                vexTaskYield
 .text.vexTaskCheckTimeslice
                0x03802bf8       0x10 C:\Program Files (x86)\VEX Robotics\VEXcode Pro V5\sdk/vexv5\libv5rt.a(v5_apijump.c.obj)
                0x03802bf8                vexTaskCheckTimeslice
 .text.vexTaskSleep
                0x03802c08       0x10 C:\Program Files (x86)\VEX Robotics\VEXcode Pro V5\sdk/vexv5\libv5rt.a(v5_apijump.c.obj)
                0x03802c08                vexTaskSleep
 .text.vexTasksDump
                0x03802c18       0x1c C:\Program Files (x86)\VEX Robotics\VEXcode Pro V5\sdk/vexv5\libv5rt.a(v5_apijump.c.obj)
                0x03802c18                vexTasksDump
 .text.vexTaskGetTaskIndex
                0x03802c34       0x10 C:\Program Files (x86)\VEX Robotics\VEXcode Pro V5\sdk/vexv5\libv5rt.a(v5_apijump.c.obj)
                0x03802c34                vexTaskGetTaskIndex
 .text.vexTaskStopAll
                0x03802c44       0x10 C:\Program Files (x86)\VEX Robotics\VEXcode Pro V5\sdk/vexv5\libv5rt.a(v5_apijump.c.obj)
                0x03802c44                vexTaskStopAll
 .text.vexTaskRemoveAllUser
                0x03802c54       0x34 C:\Program Files (x86)\VEX Robotics\VEXcode Pro V5\sdk/vexv5\libv5rt.a(v5_apijump.c.obj)
                0x03802c54                vexTaskRemoveAllUser
 .text.vexTaskCompletionIdSet
                0x03802c88       0x10 C:\Program Files (x86)\VEX Robotics\VEXcode Pro V5\sdk/vexv5\libv5rt.a(v5_apijump.c.obj)
                0x03802c88                vexTaskCompletionIdSet
 .text.vexTaskStopWithId
                0x03802c98       0x10 C:\Program Files (x86)\VEX Robotics\VEXcode Pro V5\sdk/vexv5\libv5rt.a(v5_apijump.c.obj)
                0x03802c98                vexTaskStopWithId
 .text.vexCriticalSection
                0x03802ca8       0x2c C:\Program Files (x86)\VEX Robotics\VEXcode Pro V5\sdk/vexv5\libv5rt.a(v5_apijump.c.obj)
                0x03802ca8                vexCriticalSection
 .text.vexEventAdd
                0x03802cd4       0x34 C:\Program Files (x86)\VEX Robotics\VEXcode Pro V5\sdk/vexv5\libv5rt.a(v5_apijump.c.obj)
                0x03802cd4                vexEventAdd
 .text.vexEventUserIndexGet
                0x03802d08       0x1c C:\Program Files (x86)\VEX Robotics\VEXcode Pro V5\sdk/vexv5\libv5rt.a(v5_apijump.c.obj)
                0x03802d08                vexEventUserIndexGet
 .text.vexEventAddWithArg
                0x03802d24       0x3c C:\Program Files (x86)\VEX Robotics\VEXcode Pro V5\sdk/vexv5\libv5rt.a(v5_apijump.c.obj)
                0x03802d24                vexEventAddWithArg
 .text.vexEventsCleanup
                0x03802d60       0x2c C:\Program Files (x86)\VEX Robotics\VEXcode Pro V5\sdk/vexv5\libv5rt.a(v5_apijump.c.obj)
                0x03802d60                vexEventsCleanup
 .text.vexDebug
                0x03802d8c       0x38 C:\Program Files (x86)\VEX Robotics\VEXcode Pro V5\sdk/vexv5\libv5rt.a(v5_apijump.c.obj)
                0x03802d8c                vexDebug
 .text.vex_sprintf
                0x03802dc4       0x40 C:\Program Files (x86)\VEX Robotics\VEXcode Pro V5\sdk/vexv5\libv5rt.a(v5_apijump.c.obj)
                0x03802dc4                vex_sprintf
 .text.vex_vsnprintf
                0x03802e04       0x3c C:\Program Files (x86)\VEX Robotics\VEXcode Pro V5\sdk/vexv5\libv5rt.a(v5_apijump.c.obj)
                0x03802e04                vex_vsnprintf
 .text.vexSystemTimeGet
                0x03802e40       0x1c C:\Program Files (x86)\VEX Robotics\VEXcode Pro V5\sdk/vexv5\libv5rt.a(v5_apijump.c.obj)
                0x03802e40                vexSystemTimeGet
 .text.vexSystemExitRequest
                0x03802e5c       0x1c C:\Program Files (x86)\VEX Robotics\VEXcode Pro V5\sdk/vexv5\libv5rt.a(v5_apijump.c.obj)
                0x03802e5c                vexSystemExitRequest
 .text.vexDeviceGetByIndex
                0x03802e78       0x24 C:\Program Files (x86)\VEX Robotics\VEXcode Pro V5\sdk/vexv5\libv5rt.a(v5_apijump.c.obj)
                0x03802e78                vexDeviceGetByIndex
 .text.vexControllerGet
                0x03802e9c       0x2c C:\Program Files (x86)\VEX Robotics\VEXcode Pro V5\sdk/vexv5\libv5rt.a(v5_apijump.c.obj)
                0x03802e9c                vexControllerGet
 .text.vexControllerTextSet
                0x03802ec8       0x74 C:\Program Files (x86)\VEX Robotics\VEXcode Pro V5\sdk/vexv5\libv5rt.a(v5_apijump.c.obj)
                0x03802ec8                vexControllerTextSet
 .text.vexDeviceAdiPortConfigSet
                0x03802f3c       0x34 C:\Program Files (x86)\VEX Robotics\VEXcode Pro V5\sdk/vexv5\libv5rt.a(v5_apijump.c.obj)
                0x03802f3c                vexDeviceAdiPortConfigSet
 .text.vexDeviceAdiPortConfigGet
                0x03802f70       0x2c C:\Program Files (x86)\VEX Robotics\VEXcode Pro V5\sdk/vexv5\libv5rt.a(v5_apijump.c.obj)
                0x03802f70                vexDeviceAdiPortConfigGet
 .text.vexDeviceAdiValueSet
                0x03802f9c       0x34 C:\Program Files (x86)\VEX Robotics\VEXcode Pro V5\sdk/vexv5\libv5rt.a(v5_apijump.c.obj)
                0x03802f9c                vexDeviceAdiValueSet
 .text.vexDeviceMotorVelocitySet
                0x03802fd0       0x2c C:\Program Files (x86)\VEX Robotics\VEXcode Pro V5\sdk/vexv5\libv5rt.a(v5_apijump.c.obj)
                0x03802fd0                vexDeviceMotorVelocitySet
 .text.vexDeviceMotorVoltageSet
                0x03802ffc       0x2c C:\Program Files (x86)\VEX Robotics\VEXcode Pro V5\sdk/vexv5\libv5rt.a(v5_apijump.c.obj)
                0x03802ffc                vexDeviceMotorVoltageSet
 .text.vexDeviceMotorVelocityGet
                0x03803028       0x24 C:\Program Files (x86)\VEX Robotics\VEXcode Pro V5\sdk/vexv5\libv5rt.a(v5_apijump.c.obj)
                0x03803028                vexDeviceMotorVelocityGet
 .text.vexDeviceMotorActualVelocityGet
                0x0380304c       0x24 C:\Program Files (x86)\VEX Robotics\VEXcode Pro V5\sdk/vexv5\libv5rt.a(v5_apijump.c.obj)
                0x0380304c                vexDeviceMotorActualVelocityGet
 .text.vexDeviceMotorModeGet
                0x03803070       0x24 C:\Program Files (x86)\VEX Robotics\VEXcode Pro V5\sdk/vexv5\libv5rt.a(v5_apijump.c.obj)
                0x03803070                vexDeviceMotorModeGet
 .text.vexDeviceMotorZeroPositionFlagGet
                0x03803094       0x24 C:\Program Files (x86)\VEX Robotics\VEXcode Pro V5\sdk/vexv5\libv5rt.a(v5_apijump.c.obj)
                0x03803094                vexDeviceMotorZeroPositionFlagGet
 .text.vexDeviceMotorReverseFlagSet
                0x038030b8       0x2c C:\Program Files (x86)\VEX Robotics\VEXcode Pro V5\sdk/vexv5\libv5rt.a(v5_apijump.c.obj)
                0x038030b8                vexDeviceMotorReverseFlagSet
 .text.vexDeviceMotorEncoderUnitsSet
                0x038030e4       0x2c C:\Program Files (x86)\VEX Robotics\VEXcode Pro V5\sdk/vexv5\libv5rt.a(v5_apijump.c.obj)
                0x038030e4                vexDeviceMotorEncoderUnitsSet
 .text.vexDeviceMotorBrakeModeSet
                0x03803110       0x2c C:\Program Files (x86)\VEX Robotics\VEXcode Pro V5\sdk/vexv5\libv5rt.a(v5_apijump.c.obj)
                0x03803110                vexDeviceMotorBrakeModeSet
 .text.vexDeviceMotorPositionSet
                0x0380313c       0x34 C:\Program Files (x86)\VEX Robotics\VEXcode Pro V5\sdk/vexv5\libv5rt.a(v5_apijump.c.obj)
                0x0380313c                vexDeviceMotorPositionSet
 .text.vexDeviceMotorPositionGet
                0x03803170       0x24 C:\Program Files (x86)\VEX Robotics\VEXcode Pro V5\sdk/vexv5\libv5rt.a(v5_apijump.c.obj)
                0x03803170                vexDeviceMotorPositionGet
 .text.vexDeviceMotorRelativeTargetSet
                0x03803194       0x3c C:\Program Files (x86)\VEX Robotics\VEXcode Pro V5\sdk/vexv5\libv5rt.a(v5_apijump.c.obj)
                0x03803194                vexDeviceMotorRelativeTargetSet
 .text.vexDeviceMotorGearingSet
                0x038031d0       0x2c C:\Program Files (x86)\VEX Robotics\VEXcode Pro V5\sdk/vexv5\libv5rt.a(v5_apijump.c.obj)
                0x038031d0                vexDeviceMotorGearingSet
 .text.vexDeviceMotorGearingGet
                0x038031fc       0x24 C:\Program Files (x86)\VEX Robotics\VEXcode Pro V5\sdk/vexv5\libv5rt.a(v5_apijump.c.obj)
                0x038031fc                vexDeviceMotorGearingGet
 .text.vexDeviceImuReset
                0x03803220       0x24 C:\Program Files (x86)\VEX Robotics\VEXcode Pro V5\sdk/vexv5\libv5rt.a(v5_apijump.c.obj)
                0x03803220                vexDeviceImuReset
 .text.vexDeviceImuHeadingGet
                0x03803244       0x24 C:\Program Files (x86)\VEX Robotics\VEXcode Pro V5\sdk/vexv5\libv5rt.a(v5_apijump.c.obj)
                0x03803244                vexDeviceImuHeadingGet
 .text.vexDeviceImuDegreesGet
                0x03803268       0x24 C:\Program Files (x86)\VEX Robotics\VEXcode Pro V5\sdk/vexv5\libv5rt.a(v5_apijump.c.obj)
                0x03803268                vexDeviceImuDegreesGet
 .text.vexDeviceImuStatusGet
                0x0380328c       0x24 C:\Program Files (x86)\VEX Robotics\VEXcode Pro V5\sdk/vexv5\libv5rt.a(v5_apijump.c.obj)
                0x0380328c                vexDeviceImuStatusGet
 .text.vexDeviceAbsEncPositionSet
                0x038032b0       0x2c C:\Program Files (x86)\VEX Robotics\VEXcode Pro V5\sdk/vexv5\libv5rt.a(v5_apijump.c.obj)
                0x038032b0                vexDeviceAbsEncPositionSet
 .text.vexDeviceAbsEncPositionGet
                0x038032dc       0x24 C:\Program Files (x86)\VEX Robotics\VEXcode Pro V5\sdk/vexv5\libv5rt.a(v5_apijump.c.obj)
                0x038032dc                vexDeviceAbsEncPositionGet
 .text.vexDeviceAbsEncAngleGet
                0x03803300       0x24 C:\Program Files (x86)\VEX Robotics\VEXcode Pro V5\sdk/vexv5\libv5rt.a(v5_apijump.c.obj)
                0x03803300                vexDeviceAbsEncAngleGet
 .text.vexDeviceAbsEncReverseFlagSet
                0x03803324       0x2c C:\Program Files (x86)\VEX Robotics\VEXcode Pro V5\sdk/vexv5\libv5rt.a(v5_apijump.c.obj)
                0x03803324                vexDeviceAbsEncReverseFlagSet
 .text.vexDeviceDistanceDistanceGet
                0x03803350       0x24 C:\Program Files (x86)\VEX Robotics\VEXcode Pro V5\sdk/vexv5\libv5rt.a(v5_apijump.c.obj)
                0x03803350                vexDeviceDistanceDistanceGet
 .text.vexDisplayForegroundColor
                0x03803374       0x24 C:\Program Files (x86)\VEX Robotics\VEXcode Pro V5\sdk/vexv5\libv5rt.a(v5_apijump.c.obj)
                0x03803374                vexDisplayForegroundColor
 .text.vexDisplayBackgroundColor
                0x03803398       0x24 C:\Program Files (x86)\VEX Robotics\VEXcode Pro V5\sdk/vexv5\libv5rt.a(v5_apijump.c.obj)
                0x03803398                vexDisplayBackgroundColor
 .text.vexDisplayBackgroundColorGet
                0x038033bc       0x1c C:\Program Files (x86)\VEX Robotics\VEXcode Pro V5\sdk/vexv5\libv5rt.a(v5_apijump.c.obj)
                0x038033bc                vexDisplayBackgroundColorGet
 .text.vexDisplayRectClear
                0x038033d8       0x4c C:\Program Files (x86)\VEX Robotics\VEXcode Pro V5\sdk/vexv5\libv5rt.a(v5_apijump.c.obj)
                0x038033d8                vexDisplayRectClear
 .text.vexDisplayTextReference
                0x03803424       0x24 C:\Program Files (x86)\VEX Robotics\VEXcode Pro V5\sdk/vexv5\libv5rt.a(v5_apijump.c.obj)
                0x03803424                vexDisplayTextReference
 .text.vexDisplayTextSize
                0x03803448       0x2c C:\Program Files (x86)\VEX Robotics\VEXcode Pro V5\sdk/vexv5\libv5rt.a(v5_apijump.c.obj)
                0x03803448                vexDisplayTextSize
 .text.vexDisplayFontNamedSet
                0x03803474       0x24 C:\Program Files (x86)\VEX Robotics\VEXcode Pro V5\sdk/vexv5\libv5rt.a(v5_apijump.c.obj)
                0x03803474                vexDisplayFontNamedSet
 .text.vexSystemStdlibImpureDataAddr
                0x03803498       0x28 C:\Program Files (x86)\VEX Robotics\VEXcode Pro V5\sdk/vexv5\libv5rt.a(v5_apijump.c.obj)
                0x03803498                vexSystemStdlibImpureDataAddr
 .text.vexSystemStdlibImpureDataSize
                0x038034c0       0x28 C:\Program Files (x86)\VEX Robotics\VEXcode Pro V5\sdk/vexv5\libv5rt.a(v5_apijump.c.obj)
                0x038034c0                vexSystemStdlibImpureDataSize
 .text.vexSystemSaveUserData
                0x038034e8       0x3c C:\Program Files (x86)\VEX Robotics\VEXcode Pro V5\sdk/vexv5\libv5rt.a(v5_apijump.c.obj)
                0x038034e8                vexSystemSaveUserData
 .text.vexDisplayThemeIdGet
                0x03803524       0x38 C:\Program Files (x86)\VEX Robotics\VEXcode Pro V5\sdk/vexv5\libv5rt.a(v5_apijump.c.obj)
                0x03803524                vexDisplayThemeIdGet
 .text.vexDeviceEventMaskSet
                0x0380355c       0x48 C:\Program Files (x86)\VEX Robotics\VEXcode Pro V5\sdk/vexv5\libv5rt.a(v5_apijump.c.obj)
                0x0380355c                vexDeviceEventMaskSet
 .text.vexDeviceEventMaskGet
                0x038035a4       0x3c C:\Program Files (x86)\VEX Robotics\VEXcode Pro V5\sdk/vexv5\libv5rt.a(v5_apijump.c.obj)
                0x038035a4                vexDeviceEventMaskGet
 .text.vexSystemVersion
                0x038035e0       0x10 C:\Program Files (x86)\VEX Robotics\VEXcode Pro V5\sdk/vexv5\libv5rt.a(v5_apiversions.c.obj)
                0x038035e0                vexSystemVersion
 .text.vexStdlibVersion
                0x038035f0       0x10 C:\Program Files (x86)\VEX Robotics\VEXcode Pro V5\sdk/vexv5\libv5rt.a(v5_apiversions.c.obj)
                0x038035f0                vexStdlibVersion
 .text._ZN3vex4waitEdNS_9timeUnitsE
                0x03803600       0x30 C:\Program Files (x86)\VEX Robotics\VEXcode Pro V5\sdk/vexv5\libv5rt.a(vex_global.cpp.obj)
                0x03803600                vex::wait(double, vex::timeUnits)
 .text._ZN3vex5motorD2Ev
                0x03803630       0x20 C:\Program Files (x86)\VEX Robotics\VEXcode Pro V5\sdk/vexv5\libv5rt.a(vex_motor.cpp.obj)
                0x03803630                vex::motor::~motor()
                0x03803630                vex::motor::~motor()
 .text._ZN3vex5motorD0Ev
                0x03803650       0x1c C:\Program Files (x86)\VEX Robotics\VEXcode Pro V5\sdk/vexv5\libv5rt.a(vex_motor.cpp.obj)
                0x03803650                vex::motor::~motor()
 .text._ZN3vex5motor9installedEv
                0x0380366c       0x18 C:\Program Files (x86)\VEX Robotics\VEXcode Pro V5\sdk/vexv5\libv5rt.a(vex_motor.cpp.obj)
                0x0380366c                vex::motor::installed()
 .text._ZN3vex5motor15defaultStoppingENS_9brakeTypeE
                0x03803684       0x30 C:\Program Files (x86)\VEX Robotics\VEXcode Pro V5\sdk/vexv5\libv5rt.a(vex_motor.cpp.obj)
                0x03803684                vex::motor::defaultStopping(vex::brakeType)
 .text._ZN3vex5motor8setBrakeENS_9brakeTypeE
                0x038036b4        0x4 C:\Program Files (x86)\VEX Robotics\VEXcode Pro V5\sdk/vexv5\libv5rt.a(vex_motor.cpp.obj)
                0x038036b4                vex::motor::setBrake(vex::brakeType)
 .text._ZN3vex5motorC2El
                0x038036b8       0x78 C:\Program Files (x86)\VEX Robotics\VEXcode Pro V5\sdk/vexv5\libv5rt.a(vex_motor.cpp.obj)
                0x038036b8                vex::motor::motor(long)
                0x038036b8                vex::motor::motor(long)
 .text._ZN3vex5motorC2ElNS_11gearSettingEb
                0x03803730       0x34 C:\Program Files (x86)\VEX Robotics\VEXcode Pro V5\sdk/vexv5\libv5rt.a(vex_motor.cpp.obj)
                0x03803730                vex::motor::motor(long, vex::gearSetting, bool)
                0x03803730                vex::motor::motor(long, vex::gearSetting, bool)
 *fill*         0x03803764        0x4 
 .text._ZN3vex5motor4spinENS_13directionTypeEdNS_12voltageUnitsE
                0x03803768       0x50 C:\Program Files (x86)\VEX Robotics\VEXcode Pro V5\sdk/vexv5\libv5rt.a(vex_motor.cpp.obj)
                0x03803768                vex::motor::spin(vex::directionType, double, vex::voltageUnits)
 .text._ZN3vex5motor14isSpinningModeEv
                0x038037b8       0x48 C:\Program Files (x86)\VEX Robotics\VEXcode Pro V5\sdk/vexv5\libv5rt.a(vex_motor.cpp.obj)
                0x038037b8                vex::motor::isSpinningMode()
 .text._ZN3vex5motor4stopENS_9brakeTypeE
                0x03803800       0x30 C:\Program Files (x86)\VEX Robotics\VEXcode Pro V5\sdk/vexv5\libv5rt.a(vex_motor.cpp.obj)
                0x03803800                vex::motor::stop(vex::brakeType)
 .text._ZN3vex5motor4stopEv
                0x03803830        0x8 C:\Program Files (x86)\VEX Robotics\VEXcode Pro V5\sdk/vexv5\libv5rt.a(vex_motor.cpp.obj)
                0x03803830                vex::motor::stop()
 .text._ZN3vex5motor16velocityToScaledEdNS_13velocityUnitsE
                0x03803838       0x5c C:\Program Files (x86)\VEX Robotics\VEXcode Pro V5\sdk/vexv5\libv5rt.a(vex_motor.cpp.obj)
                0x03803838                vex::motor::velocityToScaled(double, vex::velocityUnits)
 .text._ZN3vex5motor8velocityENS_13velocityUnitsE
                0x03803894       0x30 C:\Program Files (x86)\VEX Robotics\VEXcode Pro V5\sdk/vexv5\libv5rt.a(vex_motor.cpp.obj)
                0x03803894                vex::motor::velocity(vex::velocityUnits)
 .text._ZN3vex5motor5valueEv
                0x038038c4       0x1c C:\Program Files (x86)\VEX Robotics\VEXcode Pro V5\sdk/vexv5\libv5rt.a(vex_motor.cpp.obj)
                0x038038c4                vex::motor::value()
 .text._ZN3vex5motor16scaledToVelocityEdNS_13velocityUnitsE
                0x038038e0       0xa4 C:\Program Files (x86)\VEX Robotics\VEXcode Pro V5\sdk/vexv5\libv5rt.a(vex_motor.cpp.obj)
                0x038038e0                vex::motor::scaledToVelocity(double, vex::velocityUnits)
 .text._ZN3vex5motor4spinENS_13directionTypeEdNS_13velocityUnitsE
                0x03803984       0x5c C:\Program Files (x86)\VEX Robotics\VEXcode Pro V5\sdk/vexv5\libv5rt.a(vex_motor.cpp.obj)
                0x03803984                vex::motor::spin(vex::directionType, double, vex::velocityUnits)
 .text._ZN3vex5motor16setRotationUnitsENS_13rotationUnitsE
                0x038039e0       0x1c C:\Program Files (x86)\VEX Robotics\VEXcode Pro V5\sdk/vexv5\libv5rt.a(vex_motor.cpp.obj)
                0x038039e0                vex::motor::setRotationUnits(vex::rotationUnits)
 .text._ZN3vex5motor11setRotationEdNS_13rotationUnitsE
                0x038039fc       0x44 C:\Program Files (x86)\VEX Robotics\VEXcode Pro V5\sdk/vexv5\libv5rt.a(vex_motor.cpp.obj)
                0x038039fc                vex::motor::setRotation(double, vex::rotationUnits)
 .text._ZN3vex5motor13resetRotationEv
                0x03803a40       0x20 C:\Program Files (x86)\VEX Robotics\VEXcode Pro V5\sdk/vexv5\libv5rt.a(vex_motor.cpp.obj)
                0x03803a40                vex::motor::resetRotation()
 .text._ZN3vex5motor9rotateForEdNS_13rotationUnitsEdNS_13velocityUnitsEb
                0x03803a60       0xf4 C:\Program Files (x86)\VEX Robotics\VEXcode Pro V5\sdk/vexv5\libv5rt.a(vex_motor.cpp.obj)
                0x03803a60                vex::motor::rotateFor(double, vex::rotationUnits, double, vex::velocityUnits, bool)
 .text._ZN3vex5motor7spinForENS_13directionTypeEdNS_13rotationUnitsEdNS_13velocityUnitsEb
                0x03803b54       0x34 C:\Program Files (x86)\VEX Robotics\VEXcode Pro V5\sdk/vexv5\libv5rt.a(vex_motor.cpp.obj)
                0x03803b54                vex::motor::spinFor(vex::directionType, double, vex::rotationUnits, double, vex::velocityUnits, bool)
 .text._ZN3vex5motor8rotationENS_13rotationUnitsE
                0x03803b88       0x44 C:\Program Files (x86)\VEX Robotics\VEXcode Pro V5\sdk/vexv5\libv5rt.a(vex_motor.cpp.obj)
                0x03803b88                vex::motor::rotation(vex::rotationUnits)
 .text._ZN3vex8inertial11getTurnTypeEv
                0x03803bcc        0x8 C:\Program Files (x86)\VEX Robotics\VEXcode Pro V5\sdk/vexv5\libv5rt.a(vex_imu.cpp.obj)
                0x03803bcc                vex::inertial::getTurnType()
 .text._ZThn16_N3vex8inertial11getTurnTypeEv
                0x03803bd4        0x8 C:\Program Files (x86)\VEX Robotics\VEXcode Pro V5\sdk/vexv5\libv5rt.a(vex_imu.cpp.obj)
                0x03803bd4                non-virtual thunk to vex::inertial::getTurnType()
 *fill*         0x03803bdc        0x4 
 .text._ZN3vex8inertial10setHeadingEdNS_13rotationUnitsE
                0x03803be0       0x58 C:\Program Files (x86)\VEX Robotics\VEXcode Pro V5\sdk/vexv5\libv5rt.a(vex_imu.cpp.obj)
                0x03803be0                vex::inertial::setHeading(double, vex::rotationUnits)
 .text._ZThn16_N3vex8inertial10setHeadingEdNS_13rotationUnitsE
                0x03803c38        0x8 C:\Program Files (x86)\VEX Robotics\VEXcode Pro V5\sdk/vexv5\libv5rt.a(vex_imu.cpp.obj)
                0x03803c38                non-virtual thunk to vex::inertial::setHeading(double, vex::rotationUnits)
 .text._ZN3vex8inertial11setRotationEdNS_13rotationUnitsE
                0x03803c40       0x58 C:\Program Files (x86)\VEX Robotics\VEXcode Pro V5\sdk/vexv5\libv5rt.a(vex_imu.cpp.obj)
                0x03803c40                vex::inertial::setRotation(double, vex::rotationUnits)
 .text._ZThn16_N3vex8inertial11setRotationEdNS_13rotationUnitsE
                0x03803c98        0x8 C:\Program Files (x86)\VEX Robotics\VEXcode Pro V5\sdk/vexv5\libv5rt.a(vex_imu.cpp.obj)
                0x03803c98                non-virtual thunk to vex::inertial::setRotation(double, vex::rotationUnits)
 .text._ZN3vex8inertialD2Ev
                0x03803ca0       0x20 C:\Program Files (x86)\VEX Robotics\VEXcode Pro V5\sdk/vexv5\libv5rt.a(vex_imu.cpp.obj)
                0x03803ca0                vex::inertial::~inertial()
                0x03803ca0                vex::inertial::~inertial()
 .text._ZThn16_N3vex8inertialD1Ev
                0x03803cc0        0x8 C:\Program Files (x86)\VEX Robotics\VEXcode Pro V5\sdk/vexv5\libv5rt.a(vex_imu.cpp.obj)
                0x03803cc0                non-virtual thunk to vex::inertial::~inertial()
 .text._ZN3vex8inertialD0Ev
                0x03803cc8       0x1c C:\Program Files (x86)\VEX Robotics\VEXcode Pro V5\sdk/vexv5\libv5rt.a(vex_imu.cpp.obj)
                0x03803cc8                vex::inertial::~inertial()
 .text._ZThn16_N3vex8inertialD0Ev
                0x03803ce4        0x8 C:\Program Files (x86)\VEX Robotics\VEXcode Pro V5\sdk/vexv5\libv5rt.a(vex_imu.cpp.obj)
                0x03803ce4                non-virtual thunk to vex::inertial::~inertial()
 .text._ZN3vex8inertial9installedEv
                0x03803cec       0x18 C:\Program Files (x86)\VEX Robotics\VEXcode Pro V5\sdk/vexv5\libv5rt.a(vex_imu.cpp.obj)
                0x03803cec                vex::inertial::installed()
 .text._ZN3vex8inertial5angleENS_13rotationUnitsE
                0x03803d04       0x6c C:\Program Files (x86)\VEX Robotics\VEXcode Pro V5\sdk/vexv5\libv5rt.a(vex_imu.cpp.obj)
                0x03803d04                vex::inertial::angle(vex::rotationUnits)
 .text._ZThn16_N3vex8inertial5angleENS_13rotationUnitsE
                0x03803d70        0x8 C:\Program Files (x86)\VEX Robotics\VEXcode Pro V5\sdk/vexv5\libv5rt.a(vex_imu.cpp.obj)
                0x03803d70                non-virtual thunk to vex::inertial::angle(vex::rotationUnits)
 .text._ZN3vex8inertial7headingENS_13rotationUnitsE
                0x03803d78        0x4 C:\Program Files (x86)\VEX Robotics\VEXcode Pro V5\sdk/vexv5\libv5rt.a(vex_imu.cpp.obj)
                0x03803d78                vex::inertial::heading(vex::rotationUnits)
 .text._ZThn16_N3vex8inertial7headingENS_13rotationUnitsE
                0x03803d7c        0x8 C:\Program Files (x86)\VEX Robotics\VEXcode Pro V5\sdk/vexv5\libv5rt.a(vex_imu.cpp.obj)
                0x03803d7c                non-virtual thunk to vex::inertial::heading(vex::rotationUnits)
 .text._ZN3vex8inertial5valueEv
                0x03803d84       0x1c C:\Program Files (x86)\VEX Robotics\VEXcode Pro V5\sdk/vexv5\libv5rt.a(vex_imu.cpp.obj)
                0x03803d84                vex::inertial::value()
 .text._ZN3vex8inertial8rotationENS_13rotationUnitsE
                0x03803da0       0x48 C:\Program Files (x86)\VEX Robotics\VEXcode Pro V5\sdk/vexv5\libv5rt.a(vex_imu.cpp.obj)
                0x03803da0                vex::inertial::rotation(vex::rotationUnits)
 .text._ZThn16_N3vex8inertial8rotationENS_13rotationUnitsE
                0x03803de8        0x8 C:\Program Files (x86)\VEX Robotics\VEXcode Pro V5\sdk/vexv5\libv5rt.a(vex_imu.cpp.obj)
                0x03803de8                non-virtual thunk to vex::inertial::rotation(vex::rotationUnits)
 .text._ZN3vex8inertial13isCalibratingEv
                0x03803df0       0x38 C:\Program Files (x86)\VEX Robotics\VEXcode Pro V5\sdk/vexv5\libv5rt.a(vex_imu.cpp.obj)
                0x03803df0                vex::inertial::isCalibrating()
 .text._ZThn16_N3vex8inertial13isCalibratingEv
                0x03803e28        0x8 C:\Program Files (x86)\VEX Robotics\VEXcode Pro V5\sdk/vexv5\libv5rt.a(vex_imu.cpp.obj)
                0x03803e28                non-virtual thunk to vex::inertial::isCalibrating()
 .text._ZN3vex8inertialC2ElNS_8turnTypeE
                0x03803e30       0x4c C:\Program Files (x86)\VEX Robotics\VEXcode Pro V5\sdk/vexv5\libv5rt.a(vex_imu.cpp.obj)
                0x03803e30                vex::inertial::inertial(long, vex::turnType)
                0x03803e30                vex::inertial::inertial(long, vex::turnType)
 .text._ZN3vex8inertial13resetRotationEv
                0x03803e7c       0x20 C:\Program Files (x86)\VEX Robotics\VEXcode Pro V5\sdk/vexv5\libv5rt.a(vex_imu.cpp.obj)
                0x03803e7c                vex::inertial::resetRotation()
 .text._ZN3vex8inertial16startCalibrationEl
                0x03803e9c       0x20 C:\Program Files (x86)\VEX Robotics\VEXcode Pro V5\sdk/vexv5\libv5rt.a(vex_imu.cpp.obj)
                0x03803e9c                vex::inertial::startCalibration(long)
 .text._ZN3vex8inertial9calibrateEl
                0x03803ebc        0xc C:\Program Files (x86)\VEX Robotics\VEXcode Pro V5\sdk/vexv5\libv5rt.a(vex_imu.cpp.obj)
                0x03803ebc                vex::inertial::calibrate(long)
                0x03803ec0                non-virtual thunk to vex::inertial::calibrate(long)
 .text._ZN3vex8rotationD2Ev
                0x03803ec8       0x20 C:\Program Files (x86)\VEX Robotics\VEXcode Pro V5\sdk/vexv5\libv5rt.a(vex_rotation.cpp.obj)
                0x03803ec8                vex::rotation::~rotation()
                0x03803ec8                vex::rotation::~rotation()
 .text._ZN3vex8rotationD0Ev
                0x03803ee8       0x1c C:\Program Files (x86)\VEX Robotics\VEXcode Pro V5\sdk/vexv5\libv5rt.a(vex_rotation.cpp.obj)
                0x03803ee8                vex::rotation::~rotation()
 .text._ZN3vex8rotation9installedEv
                0x03803f04       0x18 C:\Program Files (x86)\VEX Robotics\VEXcode Pro V5\sdk/vexv5\libv5rt.a(vex_rotation.cpp.obj)
                0x03803f04                vex::rotation::installed()
 .text._ZN3vex8rotation5valueEv
                0x03803f1c        0x8 C:\Program Files (x86)\VEX Robotics\VEXcode Pro V5\sdk/vexv5\libv5rt.a(vex_rotation.cpp.obj)
                0x03803f1c                vex::rotation::value()
 .text._ZN3vex8rotationC2Elb
                0x03803f24       0x30 C:\Program Files (x86)\VEX Robotics\VEXcode Pro V5\sdk/vexv5\libv5rt.a(vex_rotation.cpp.obj)
                0x03803f24                vex::rotation::rotation(long, bool)
                0x03803f24                vex::rotation::rotation(long, bool)
 *fill*         0x03803f54        0x4 
 .text._ZN3vex8rotation5angleENS_13rotationUnitsE
                0x03803f58       0x50 C:\Program Files (x86)\VEX Robotics\VEXcode Pro V5\sdk/vexv5\libv5rt.a(vex_rotation.cpp.obj)
                0x03803f58                vex::rotation::angle(vex::rotationUnits)
 .text._ZN3vex8rotation13resetPositionEv
                0x03803fa8        0xc C:\Program Files (x86)\VEX Robotics\VEXcode Pro V5\sdk/vexv5\libv5rt.a(vex_rotation.cpp.obj)
                0x03803fa8                vex::rotation::resetPosition()
 *fill*         0x03803fb4        0x4 
 .text._ZN3vex8rotation8positionENS_13rotationUnitsE
                0x03803fb8       0x50 C:\Program Files (x86)\VEX Robotics\VEXcode Pro V5\sdk/vexv5\libv5rt.a(vex_rotation.cpp.obj)
                0x03803fb8                vex::rotation::position(vex::rotationUnits)
 .text._ZN3vex8distanceD2Ev
                0x03804008       0x20 C:\Program Files (x86)\VEX Robotics\VEXcode Pro V5\sdk/vexv5\libv5rt.a(vex_distance.cpp.obj)
                0x03804008                vex::distance::~distance()
                0x03804008                vex::distance::~distance()
 .text._ZN3vex8distanceD0Ev
                0x03804028       0x1c C:\Program Files (x86)\VEX Robotics\VEXcode Pro V5\sdk/vexv5\libv5rt.a(vex_distance.cpp.obj)
                0x03804028                vex::distance::~distance()
 .text._ZN3vex8distance9installedEv
                0x03804044       0x18 C:\Program Files (x86)\VEX Robotics\VEXcode Pro V5\sdk/vexv5\libv5rt.a(vex_distance.cpp.obj)
                0x03804044                vex::distance::installed()
 .text._ZN3vex8distance5valueEv
                0x0380405c        0x8 C:\Program Files (x86)\VEX Robotics\VEXcode Pro V5\sdk/vexv5\libv5rt.a(vex_distance.cpp.obj)
                0x0380405c                vex::distance::value()
 .text._ZN3vex8distanceC2El
                0x03804064       0x20 C:\Program Files (x86)\VEX Robotics\VEXcode Pro V5\sdk/vexv5\libv5rt.a(vex_distance.cpp.obj)
                0x03804064                vex::distance::distance(long)
                0x03804064                vex::distance::distance(long)
 *fill*         0x03804084        0x4 
 .text._ZN3vex8distance14objectDistanceENS_13distanceUnitsE
                0x03804088       0x48 C:\Program Files (x86)\VEX Robotics\VEXcode Pro V5\sdk/vexv5\libv5rt.a(vex_distance.cpp.obj)
                0x03804088                vex::distance::objectDistance(vex::distanceUnits)
 .text._ZN3vex10controllerD2Ev
                0x038040d0        0x4 C:\Program Files (x86)\VEX Robotics\VEXcode Pro V5\sdk/vexv5\libv5rt.a(vex_controller.cpp.obj)
                0x038040d0                vex::controller::~controller()
                0x038040d0                vex::controller::~controller()
 .text._ZN3vex10controller5valueE19_V5_ControllerIndex
                0x038040d4        0x8 C:\Program Files (x86)\VEX Robotics\VEXcode Pro V5\sdk/vexv5\libv5rt.a(vex_controller.cpp.obj)
                0x038040d4                vex::controller::value(_V5_ControllerIndex)
 .text._ZNK3vex10controller6button8pressingEv
                0x038040dc       0xc8 C:\Program Files (x86)\VEX Robotics\VEXcode Pro V5\sdk/vexv5\libv5rt.a(vex_controller.cpp.obj)
                0x038040dc                vex::controller::button::pressing() const
 .text._ZNK3vex10controller6button21_buttonToPressedEventEv
                0x038041a4       0x20 C:\Program Files (x86)\VEX Robotics\VEXcode Pro V5\sdk/vexv5\libv5rt.a(vex_controller.cpp.obj)
                0x038041a4                vex::controller::button::_buttonToPressedEvent() const
 .text._ZNK3vex10controller6button22_buttonToReleasedEventEv
                0x038041c4       0x20 C:\Program Files (x86)\VEX Robotics\VEXcode Pro V5\sdk/vexv5\libv5rt.a(vex_controller.cpp.obj)
                0x038041c4                vex::controller::button::_buttonToReleasedEvent() const
 .text._ZN3vex10controller6buttonC2ENS0_11tButtonTypeEPS0_
                0x038041e4       0x48 C:\Program Files (x86)\VEX Robotics\VEXcode Pro V5\sdk/vexv5\libv5rt.a(vex_controller.cpp.obj)
                0x038041e4                vex::controller::button::button(vex::controller::tButtonType, vex::controller*)
                0x038041e4                vex::controller::button::button(vex::controller::tButtonType, vex::controller*)
 .text._ZNK3vex10controller4axis5valueEv
                0x0380422c       0x58 C:\Program Files (x86)\VEX Robotics\VEXcode Pro V5\sdk/vexv5\libv5rt.a(vex_controller.cpp.obj)
                0x0380422c                vex::controller::axis::value() const
 .text._ZNK3vex10controller4axis23_joystickToChangedEventEv
                0x03804284       0x20 C:\Program Files (x86)\VEX Robotics\VEXcode Pro V5\sdk/vexv5\libv5rt.a(vex_controller.cpp.obj)
                0x03804284                vex::controller::axis::_joystickToChangedEvent() const
 .text._ZN3vex10controller4axisC2ENS0_9tAxisTypeEPS0_
                0x038042a4       0x2c C:\Program Files (x86)\VEX Robotics\VEXcode Pro V5\sdk/vexv5\libv5rt.a(vex_controller.cpp.obj)
                0x038042a4                vex::controller::axis::axis(vex::controller::tAxisType, vex::controller*)
                0x038042a4                vex::controller::axis::axis(vex::controller::tAxisType, vex::controller*)
 .text._ZN3vex10controllerC2Ev
                0x038042d0      0x164 C:\Program Files (x86)\VEX Robotics\VEXcode Pro V5\sdk/vexv5\libv5rt.a(vex_controller.cpp.obj)
                0x038042d0                vex::controller::controller()
                0x038042d0                vex::controller::controller()
 .text._ZN3vex10controller3lcd15getControllerIdEv
                0x03804434       0x10 C:\Program Files (x86)\VEX Robotics\VEXcode Pro V5\sdk/vexv5\libv5rt.a(vex_controller.cpp.obj)
                0x03804434                vex::controller::lcd::getControllerId()
 .text._ZN3vex10controller3lcd9setCursorEll
                0x03804444       0x40 C:\Program Files (x86)\VEX Robotics\VEXcode Pro V5\sdk/vexv5\libv5rt.a(vex_controller.cpp.obj)
                0x03804444                vex::controller::lcd::setCursor(long, long)
 .text._ZN3vex10controller3lcd5printEPKcz
                0x03804484       0x80 C:\Program Files (x86)\VEX Robotics\VEXcode Pro V5\sdk/vexv5\libv5rt.a(vex_controller.cpp.obj)
                0x03804484                vex::controller::lcd::print(char const*, ...)
 .text._ZN3vex10controller3lcd9clearLineEi
                0x03804504       0x80 C:\Program Files (x86)\VEX Robotics\VEXcode Pro V5\sdk/vexv5\libv5rt.a(vex_controller.cpp.obj)
                0x03804504                vex::controller::lcd::clearLine(int)
 .text._ZN3vex10controller3lcd9clearLineEv
                0x03804584        0x8 C:\Program Files (x86)\VEX Robotics\VEXcode Pro V5\sdk/vexv5\libv5rt.a(vex_controller.cpp.obj)
                0x03804584                vex::controller::lcd::clearLine()
 .text._ZN3vex4taskC2EPFivE
                0x0380458c       0x5c C:\Program Files (x86)\VEX Robotics\VEXcode Pro V5\sdk/vexv5\libv5rt.a(vex_task.cpp.obj)
                0x0380458c                vex::task::task(int (*)())
                0x0380458c                vex::task::task(int (*)())
 .text._ZN3vex4taskD2Ev
                0x038045e8        0x4 C:\Program Files (x86)\VEX Robotics\VEXcode Pro V5\sdk/vexv5\libv5rt.a(vex_task.cpp.obj)
                0x038045e8                vex::task::~task()
                0x038045e8                vex::task::~task()
 .text._ZN3vex4task4stopEPvi
                0x038045ec       0x1c C:\Program Files (x86)\VEX Robotics\VEXcode Pro V5\sdk/vexv5\libv5rt.a(vex_task.cpp.obj)
                0x038045ec                vex::task::stop(void*, int)
 .text._ZN3vex4task5sleepEm
                0x03804608        0x4 C:\Program Files (x86)\VEX Robotics\VEXcode Pro V5\sdk/vexv5\libv5rt.a(vex_task.cpp.obj)
                0x03804608                vex::task::sleep(unsigned long)
 .text._ZN3vex4task6_indexEPFivE
                0x0380460c       0x14 C:\Program Files (x86)\VEX Robotics\VEXcode Pro V5\sdk/vexv5\libv5rt.a(vex_task.cpp.obj)
                0x0380460c                vex::task::_index(int (*)())
 .text._ZN3vex4task8_stopAllEv
                0x03804620       0x3c C:\Program Files (x86)\VEX Robotics\VEXcode Pro V5\sdk/vexv5\libv5rt.a(vex_task.cpp.obj)
                0x03804620                vex::task::_stopAll()
 .text._ZN3vex11this_thread9sleep_forEm
                0x0380465c        0x4 C:\Program Files (x86)\VEX Robotics\VEXcode Pro V5\sdk/vexv5\libv5rt.a(vex_thread.cpp.obj)
                0x0380465c                vex::this_thread::sleep_for(unsigned long)
 .text._ZN3vex5event4initEmmPFvvE
                0x03804660        0x4 C:\Program Files (x86)\VEX Robotics\VEXcode Pro V5\sdk/vexv5\libv5rt.a(vex_event.cpp.obj)
                0x03804660                vex::event::init(unsigned long, unsigned long, void (*)())
 .text._ZN3vex5event4initEmmPFvPvES1_
                0x03804664        0x4 C:\Program Files (x86)\VEX Robotics\VEXcode Pro V5\sdk/vexv5\libv5rt.a(vex_event.cpp.obj)
                0x03804664                vex::event::init(unsigned long, unsigned long, void (*)(void*), void*)
 .text._ZN3vex5event9userindexEv
                0x03804668        0x4 C:\Program Files (x86)\VEX Robotics\VEXcode Pro V5\sdk/vexv5\libv5rt.a(vex_event.cpp.obj)
                0x03804668                vex::event::userindex()
 .text._ZZN3vex6meventC4EmmENUlvE_4_FUNEv
                0x0380466c        0x4 C:\Program Files (x86)\VEX Robotics\VEXcode Pro V5\sdk/vexv5\libv5rt.a(vex_mevent.cpp.obj)
 .text._ZN3vex6meventC2Emm
                0x03804670       0x70 C:\Program Files (x86)\VEX Robotics\VEXcode Pro V5\sdk/vexv5\libv5rt.a(vex_mevent.cpp.obj)
                0x03804670                vex::mevent::mevent(unsigned long, unsigned long)
                0x03804670                vex::mevent::mevent(unsigned long, unsigned long)
 .text._ZN3vex5brain9_getIndexEv
                0x038046e0       0x10 C:\Program Files (x86)\VEX Robotics\VEXcode Pro V5\sdk/vexv5\libv5rt.a(vex_brain.cpp.obj)
                0x038046e0                vex::brain::_getIndex()
 .text._ZN3vex5brain3lcd9setCursorEll
                0x038046f0       0x44 C:\Program Files (x86)\VEX Robotics\VEXcode Pro V5\sdk/vexv5\libv5rt.a(vex_brain.cpp.obj)
                0x038046f0                vex::brain::lcd::setCursor(long, long)
 .text._ZN3vex5brain3lcd7setFontENS_8fontTypeE
                0x03804734      0x23c C:\Program Files (x86)\VEX Robotics\VEXcode Pro V5\sdk/vexv5\libv5rt.a(vex_brain.cpp.obj)
                0x03804734                vex::brain::lcd::setFont(vex::fontType)
 .text._ZN3vex5brain3lcdC2Ev
                0x03804970       0x94 C:\Program Files (x86)\VEX Robotics\VEXcode Pro V5\sdk/vexv5\libv5rt.a(vex_brain.cpp.obj)
                0x03804970                vex::brain::lcd::lcd()
                0x03804970                vex::brain::lcd::lcd()
 .text._ZN3vex5brainC2Ev
                0x03804a04       0x3c C:\Program Files (x86)\VEX Robotics\VEXcode Pro V5\sdk/vexv5\libv5rt.a(vex_brain.cpp.obj)
                0x03804a04                vex::brain::brain()
                0x03804a04                vex::brain::brain()
 .text._ZN3vex5brain3lcd12_clearScreenEm
                0x03804a40       0x38 C:\Program Files (x86)\VEX Robotics\VEXcode Pro V5\sdk/vexv5\libv5rt.a(vex_brain.cpp.obj)
                0x03804a40                vex::brain::lcd::_clearScreen(unsigned long)
 .text._ZN3vex5brain3lcd11clearScreenERKNS_5colorE
                0x03804a78       0x20 C:\Program Files (x86)\VEX Robotics\VEXcode Pro V5\sdk/vexv5\libv5rt.a(vex_brain.cpp.obj)
                0x03804a78                vex::brain::lcd::clearScreen(vex::color const&)
 .text._ZN3vex5brainD2Ev
                0x03804a98       0x20 C:\Program Files (x86)\VEX Robotics\VEXcode Pro V5\sdk/vexv5\libv5rt.a(vex_brain.cpp.obj)
                0x03804a98                vex::brain::~brain()
                0x03804a98                vex::brain::~brain()
 .text._ZN3vex11competition8_disableEPv
                0x03804ab8       0xa4 C:\Program Files (x86)\VEX Robotics\VEXcode Pro V5\sdk/vexv5\libv5rt.a(vex_competition.cpp.obj)
                0x03804ab8                vex::competition::_disable(void*)
 .text._ZN3vex11competition11_autonomousEv
                0x03804b5c       0x80 C:\Program Files (x86)\VEX Robotics\VEXcode Pro V5\sdk/vexv5\libv5rt.a(vex_competition.cpp.obj)
                0x03804b5c                vex::competition::_autonomous()
 .text._ZN3vex11competition14_drivercontrolEv
                0x03804bdc       0x80 C:\Program Files (x86)\VEX Robotics\VEXcode Pro V5\sdk/vexv5\libv5rt.a(vex_competition.cpp.obj)
                0x03804bdc                vex::competition::_drivercontrol()
 .text._ZN3vex11competitionC2Ev
                0x03804c5c      0x13c C:\Program Files (x86)\VEX Robotics\VEXcode Pro V5\sdk/vexv5\libv5rt.a(vex_competition.cpp.obj)
                0x03804c5c                vex::competition::competition()
                0x03804c5c                vex::competition::competition()
 .text._ZN3vex11competitionD2Ev
                0x03804d98        0x4 C:\Program Files (x86)\VEX Robotics\VEXcode Pro V5\sdk/vexv5\libv5rt.a(vex_competition.cpp.obj)
                0x03804d98                vex::competition::~competition()
                0x03804d98                vex::competition::~competition()
 .text._ZN3vex11competition10autonomousEPFvvE
                0x03804d9c       0x44 C:\Program Files (x86)\VEX Robotics\VEXcode Pro V5\sdk/vexv5\libv5rt.a(vex_competition.cpp.obj)
                0x03804d9c                vex::competition::autonomous(void (*)())
 .text._ZN3vex11competition13drivercontrolEPFvvE
                0x03804de0       0x44 C:\Program Files (x86)\VEX Robotics\VEXcode Pro V5\sdk/vexv5\libv5rt.a(vex_competition.cpp.obj)
                0x03804de0                vex::competition::drivercontrol(void (*)())
 .text._ZN3vex7triportD2Ev
                0x03804e24       0x38 C:\Program Files (x86)\VEX Robotics\VEXcode Pro V5\sdk/vexv5\libv5rt.a(vex_triport.cpp.obj)
                0x03804e24                vex::triport::~triport()
                0x03804e24                vex::triport::~triport()
 .text._ZN3vex7triportD0Ev
                0x03804e5c       0x1c C:\Program Files (x86)\VEX Robotics\VEXcode Pro V5\sdk/vexv5\libv5rt.a(vex_triport.cpp.obj)
                0x03804e5c                vex::triport::~triport()
 .text._ZN3vex7triport9installedEv
                0x03804e78       0x18 C:\Program Files (x86)\VEX Robotics\VEXcode Pro V5\sdk/vexv5\libv5rt.a(vex_triport.cpp.obj)
                0x03804e78                vex::triport::installed()
 .text._ZN3vex7triport4portC2ElPS0_
                0x03804e90       0x74 C:\Program Files (x86)\VEX Robotics\VEXcode Pro V5\sdk/vexv5\libv5rt.a(vex_triport.cpp.obj)
                0x03804e90                vex::triport::port::port(long, vex::triport*)
                0x03804e90                vex::triport::port::port(long, vex::triport*)
 .text._ZN3vex7triportC2El
                0x03804f04       0xf0 C:\Program Files (x86)\VEX Robotics\VEXcode Pro V5\sdk/vexv5\libv5rt.a(vex_triport.cpp.obj)
                0x03804f04                vex::triport::triport(long)
                0x03804f04                vex::triport::triport(long)
 .text._ZN3vex7triport4port4typeENS_11triportTypeE
                0x03804ff4       0x30 C:\Program Files (x86)\VEX Robotics\VEXcode Pro V5\sdk/vexv5\libv5rt.a(vex_triport.cpp.obj)
                0x03804ff4                vex::triport::port::type(vex::triportType)
 .text._ZN3vex7triport4port4typeEv
                0x03805024       0x38 C:\Program Files (x86)\VEX Robotics\VEXcode Pro V5\sdk/vexv5\libv5rt.a(vex_triport.cpp.obj)
                0x03805024                vex::triport::port::type()
 .text._ZN3vex7triport4port5valueEl
                0x0380505c       0x18 C:\Program Files (x86)\VEX Robotics\VEXcode Pro V5\sdk/vexv5\libv5rt.a(vex_triport.cpp.obj)
                0x0380505c                vex::triport::port::value(long)
 .text._ZN3vex11__trideviceC2ERNS_7triport4portENS_11triportTypeE
                0x03805074       0x5c C:\Program Files (x86)\VEX Robotics\VEXcode Pro V5\sdk/vexv5\libv5rt.a(vex_triport.cpp.obj)
                0x03805074                vex::__tridevice::__tridevice(vex::triport::port&, vex::triportType)
                0x03805074                vex::__tridevice::__tridevice(vex::triport::port&, vex::triportType)
 .text._ZN3vex11digital_outC2ERNS_7triport4portE
                0x038050d0       0x18 C:\Program Files (x86)\VEX Robotics\VEXcode Pro V5\sdk/vexv5\libv5rt.a(vex_triport.cpp.obj)
                0x038050d0                vex::digital_out::digital_out(vex::triport::port&)
                0x038050d0                vex::digital_out::digital_out(vex::triport::port&)
 .text._ZN3vex11digital_outD2Ev
                0x038050e8        0x4 C:\Program Files (x86)\VEX Robotics\VEXcode Pro V5\sdk/vexv5\libv5rt.a(vex_triport.cpp.obj)
                0x038050e8                vex::digital_out::~digital_out()
                0x038050e8                vex::digital_out::~digital_out()
 .text._ZN3vex11digital_out3setEb
                0x038050ec        0x8 C:\Program Files (x86)\VEX Robotics\VEXcode Pro V5\sdk/vexv5\libv5rt.a(vex_triport.cpp.obj)
                0x038050ec                vex::digital_out::set(bool)
 .text._ZN3vex5colorD2Ev
                0x038050f4        0x4 C:\Program Files (x86)\VEX Robotics\VEXcode Pro V5\sdk/vexv5\libv5rt.a(vex_color.cpp.obj)
                0x038050f4                vex::color::~color()
                0x038050f4                vex::color::~color()
 .text._ZNK3vex5colorcvmEv
                0x038050f8        0x8 C:\Program Files (x86)\VEX Robotics\VEXcode Pro V5\sdk/vexv5\libv5rt.a(vex_color.cpp.obj)
                0x038050f8                vex::color::operator unsigned long() const
 .text.startup._GLOBAL__sub_I__ZN3vex5color5blackE
                0x03805100      0x164 C:\Program Files (x86)\VEX Robotics\VEXcode Pro V5\sdk/vexv5\libv5rt.a(vex_color.cpp.obj)
 .text._ZN3vex5timerD2Ev
                0x03805264        0x4 C:\Program Files (x86)\VEX Robotics\VEXcode Pro V5\sdk/vexv5\libv5rt.a(vex_timer.cpp.obj)
                0x03805264                vex::timer::~timer()
                0x03805264                vex::timer::~timer()
 .text._ZN3vex5timer5clearEv
                0x03805268       0x1c C:\Program Files (x86)\VEX Robotics\VEXcode Pro V5\sdk/vexv5\libv5rt.a(vex_timer.cpp.obj)
                0x03805268                vex::timer::clear()
 .text._ZN3vex5timerC2Ev
                0x03805284       0x14 C:\Program Files (x86)\VEX Robotics\VEXcode Pro V5\sdk/vexv5\libv5rt.a(vex_timer.cpp.obj)
                0x03805284                vex::timer::timer()
                0x03805284                vex::timer::timer()
 .text._ZN3vex11motor_group18motor_group_motorsC2Ev
                0x03805298       0x28 C:\Program Files (x86)\VEX Robotics\VEXcode Pro V5\sdk/vexv5\libv5rt.a(vex_motorgroup.cpp.obj)
                0x03805298                vex::motor_group::motor_group_motors::motor_group_motors()
                0x03805298                vex::motor_group::motor_group_motors::motor_group_motors()
 .text._ZN3vex11motor_groupC2Ev
                0x038052c0       0x1c C:\Program Files (x86)\VEX Robotics\VEXcode Pro V5\sdk/vexv5\libv5rt.a(vex_motorgroup.cpp.obj)
                0x038052c0                vex::motor_group::motor_group()
                0x038052c0                vex::motor_group::motor_group()
 .text._ZN3vex11motor_groupD2Ev
                0x038052dc        0x4 C:\Program Files (x86)\VEX Robotics\VEXcode Pro V5\sdk/vexv5\libv5rt.a(vex_motorgroup.cpp.obj)
                0x038052dc                vex::motor_group::~motor_group()
                0x038052dc                vex::motor_group::~motor_group()
 .text._ZN3vex11motor_group9_addMotorERNS_5motorE
                0x038052e0       0x20 C:\Program Files (x86)\VEX Robotics\VEXcode Pro V5\sdk/vexv5\libv5rt.a(vex_motorgroup.cpp.obj)
                0x038052e0                vex::motor_group::_addMotor(vex::motor&)
 .text._ZN3vex11motor_group13resetRotationEv
                0x03805300       0x30 C:\Program Files (x86)\VEX Robotics\VEXcode Pro V5\sdk/vexv5\libv5rt.a(vex_motorgroup.cpp.obj)
                0x03805300                vex::motor_group::resetRotation()
 .text._ZN3vex11motor_group13resetPositionEv
                0x03805330        0x4 C:\Program Files (x86)\VEX Robotics\VEXcode Pro V5\sdk/vexv5\libv5rt.a(vex_motorgroup.cpp.obj)
                0x03805330                vex::motor_group::resetPosition()
 .text._ZN3vex11motor_group11setRotationEdNS_13rotationUnitsE
                0x03805334       0x4c C:\Program Files (x86)\VEX Robotics\VEXcode Pro V5\sdk/vexv5\libv5rt.a(vex_motorgroup.cpp.obj)
                0x03805334                vex::motor_group::setRotation(double, vex::rotationUnits)
 .text._ZN3vex11motor_group11setPositionEdNS_13rotationUnitsE
                0x03805380        0x4 C:\Program Files (x86)\VEX Robotics\VEXcode Pro V5\sdk/vexv5\libv5rt.a(vex_motorgroup.cpp.obj)
                0x03805380                vex::motor_group::setPosition(double, vex::rotationUnits)
 .text._ZN3vex11motor_group4spinENS_13directionTypeEdNS_13velocityUnitsE
                0x03805384       0x54 C:\Program Files (x86)\VEX Robotics\VEXcode Pro V5\sdk/vexv5\libv5rt.a(vex_motorgroup.cpp.obj)
                0x03805384                vex::motor_group::spin(vex::directionType, double, vex::velocityUnits)
 .text._ZN3vex11motor_group4spinENS_13directionTypeEdNS_12voltageUnitsE
                0x038053d8       0x54 C:\Program Files (x86)\VEX Robotics\VEXcode Pro V5\sdk/vexv5\libv5rt.a(vex_motorgroup.cpp.obj)
                0x038053d8                vex::motor_group::spin(vex::directionType, double, vex::voltageUnits)
 .text._ZN3vex11motor_group4stopENS_9brakeTypeE
                0x0380542c       0x38 C:\Program Files (x86)\VEX Robotics\VEXcode Pro V5\sdk/vexv5\libv5rt.a(vex_motorgroup.cpp.obj)
                0x0380542c                vex::motor_group::stop(vex::brakeType)
 .text._ZN3vex11motor_group8rotationENS_13rotationUnitsE
                0x03805464        0xc C:\Program Files (x86)\VEX Robotics\VEXcode Pro V5\sdk/vexv5\libv5rt.a(vex_motorgroup.cpp.obj)
                0x03805464                vex::motor_group::rotation(vex::rotationUnits)
 .text._ZN3vex11motor_group8positionENS_13rotationUnitsE
                0x03805470        0x4 C:\Program Files (x86)\VEX Robotics\VEXcode Pro V5\sdk/vexv5\libv5rt.a(vex_motorgroup.cpp.obj)
                0x03805470                vex::motor_group::position(vex::rotationUnits)
 .text._ZN3vex11motor_group8velocityENS_13velocityUnitsE
                0x03805474        0xc C:\Program Files (x86)\VEX Robotics\VEXcode Pro V5\sdk/vexv5\libv5rt.a(vex_motorgroup.cpp.obj)
                0x03805474                vex::motor_group::velocity(vex::velocityUnits)
 .text.vexAdiPortConfigSet
                0x03805480       0x28 C:\Program Files (x86)\VEX Robotics\VEXcode Pro V5\sdk/vexv5\libv5rt.a(v5_apiuser.c.obj)
                0x03805480                vexAdiPortConfigSet
 .text.vexAdiPortConfigGet
                0x038054a8       0x28 C:\Program Files (x86)\VEX Robotics\VEXcode Pro V5\sdk/vexv5\libv5rt.a(v5_apiuser.c.obj)
                0x038054a8                vexAdiPortConfigGet
 .text.vexAdiValueSet
                0x038054d0       0x28 C:\Program Files (x86)\VEX Robotics\VEXcode Pro V5\sdk/vexv5\libv5rt.a(v5_apiuser.c.obj)
                0x038054d0                vexAdiValueSet
 .text.vexMotorVelocitySet
                0x038054f8       0x20 C:\Program Files (x86)\VEX Robotics\VEXcode Pro V5\sdk/vexv5\libv5rt.a(v5_apiuser.c.obj)
                0x038054f8                vexMotorVelocitySet
 .text.vexMotorVoltageSet
                0x03805518       0x20 C:\Program Files (x86)\VEX Robotics\VEXcode Pro V5\sdk/vexv5\libv5rt.a(v5_apiuser.c.obj)
                0x03805518                vexMotorVoltageSet
 .text.vexMotorVelocityGet
                0x03805538       0x18 C:\Program Files (x86)\VEX Robotics\VEXcode Pro V5\sdk/vexv5\libv5rt.a(v5_apiuser.c.obj)
                0x03805538                vexMotorVelocityGet
 .text.vexMotorActualVelocityGet
                0x03805550       0x24 C:\Program Files (x86)\VEX Robotics\VEXcode Pro V5\sdk/vexv5\libv5rt.a(v5_apiuser.c.obj)
                0x03805550                vexMotorActualVelocityGet
 .text.vexMotorModeGet
                0x03805574       0x18 C:\Program Files (x86)\VEX Robotics\VEXcode Pro V5\sdk/vexv5\libv5rt.a(v5_apiuser.c.obj)
                0x03805574                vexMotorModeGet
 .text.vexMotorZeroPositionFlagGet
                0x0380558c       0x18 C:\Program Files (x86)\VEX Robotics\VEXcode Pro V5\sdk/vexv5\libv5rt.a(v5_apiuser.c.obj)
                0x0380558c                vexMotorZeroPositionFlagGet
 .text.vexMotorReverseFlagSet
                0x038055a4       0x20 C:\Program Files (x86)\VEX Robotics\VEXcode Pro V5\sdk/vexv5\libv5rt.a(v5_apiuser.c.obj)
                0x038055a4                vexMotorReverseFlagSet
 .text.vexMotorEncoderUnitsSet
                0x038055c4       0x20 C:\Program Files (x86)\VEX Robotics\VEXcode Pro V5\sdk/vexv5\libv5rt.a(v5_apiuser.c.obj)
                0x038055c4                vexMotorEncoderUnitsSet
 .text.vexMotorBrakeModeSet
                0x038055e4       0x20 C:\Program Files (x86)\VEX Robotics\VEXcode Pro V5\sdk/vexv5\libv5rt.a(v5_apiuser.c.obj)
                0x038055e4                vexMotorBrakeModeSet
 .text.vexMotorPositionSet
                0x03805604       0x28 C:\Program Files (x86)\VEX Robotics\VEXcode Pro V5\sdk/vexv5\libv5rt.a(v5_apiuser.c.obj)
                0x03805604                vexMotorPositionSet
 .text.vexMotorPositionGet
                0x0380562c       0x24 C:\Program Files (x86)\VEX Robotics\VEXcode Pro V5\sdk/vexv5\libv5rt.a(v5_apiuser.c.obj)
                0x0380562c                vexMotorPositionGet
 .text.vexMotorRelativeTargetSet
                0x03805650       0x30 C:\Program Files (x86)\VEX Robotics\VEXcode Pro V5\sdk/vexv5\libv5rt.a(v5_apiuser.c.obj)
                0x03805650                vexMotorRelativeTargetSet
 .text.vexMotorGearingSet
                0x03805680       0x20 C:\Program Files (x86)\VEX Robotics\VEXcode Pro V5\sdk/vexv5\libv5rt.a(v5_apiuser.c.obj)
                0x03805680                vexMotorGearingSet
 .text.vexMotorGearingGet
                0x038056a0       0x18 C:\Program Files (x86)\VEX Robotics\VEXcode Pro V5\sdk/vexv5\libv5rt.a(v5_apiuser.c.obj)
                0x038056a0                vexMotorGearingGet
 .text.vexImuReset
                0x038056b8       0x10 C:\Program Files (x86)\VEX Robotics\VEXcode Pro V5\sdk/vexv5\libv5rt.a(v5_apiuser.c.obj)
                0x038056b8                vexImuReset
 .text.vexImuHeadingGet
                0x038056c8       0x10 C:\Program Files (x86)\VEX Robotics\VEXcode Pro V5\sdk/vexv5\libv5rt.a(v5_apiuser.c.obj)
                0x038056c8                vexImuHeadingGet
 .text.vexImuDegreesGet
                0x038056d8       0x10 C:\Program Files (x86)\VEX Robotics\VEXcode Pro V5\sdk/vexv5\libv5rt.a(v5_apiuser.c.obj)
                0x038056d8                vexImuDegreesGet
 .text.vexImuStatusGet
                0x038056e8       0x10 C:\Program Files (x86)\VEX Robotics\VEXcode Pro V5\sdk/vexv5\libv5rt.a(v5_apiuser.c.obj)
                0x038056e8                vexImuStatusGet
 .text.vexAbsEncPositionSet
                0x038056f8       0x18 C:\Program Files (x86)\VEX Robotics\VEXcode Pro V5\sdk/vexv5\libv5rt.a(v5_apiuser.c.obj)
                0x038056f8                vexAbsEncPositionSet
 .text.vexAbsEncPositionGet
                0x03805710       0x10 C:\Program Files (x86)\VEX Robotics\VEXcode Pro V5\sdk/vexv5\libv5rt.a(v5_apiuser.c.obj)
                0x03805710                vexAbsEncPositionGet
 .text.vexAbsEncAngleGet
                0x03805720       0x10 C:\Program Files (x86)\VEX Robotics\VEXcode Pro V5\sdk/vexv5\libv5rt.a(v5_apiuser.c.obj)
                0x03805720                vexAbsEncAngleGet
 .text.vexAbsEncReverseFlagSet
                0x03805730       0x18 C:\Program Files (x86)\VEX Robotics\VEXcode Pro V5\sdk/vexv5\libv5rt.a(v5_apiuser.c.obj)
                0x03805730                vexAbsEncReverseFlagSet
 .text.vexDistanceDistanceGet
                0x03805748       0x10 C:\Program Files (x86)\VEX Robotics\VEXcode Pro V5\sdk/vexv5\libv5rt.a(v5_apiuser.c.obj)
                0x03805748                vexDistanceDistanceGet
 .text.vexEventMaskSet
                0x03805758       0x28 C:\Program Files (x86)\VEX Robotics\VEXcode Pro V5\sdk/vexv5\libv5rt.a(v5_apiuser.c.obj)
                0x03805758                vexEventMaskSet
 .text.vexEventMaskGet
                0x03805780       0x18 C:\Program Files (x86)\VEX Robotics\VEXcode Pro V5\sdk/vexv5\libv5rt.a(v5_apiuser.c.obj)
                0x03805780                vexEventMaskGet
 .text._ZN3vex6deviceD2Ev
                0x03805798        0x4 C:\Program Files (x86)\VEX Robotics\VEXcode Pro V5\sdk/vexv5\libv5rt.a(vex_device.cpp.obj)
                0x03805798                vex::device::~device()
                0x03805798                vex::device::~device()
 .text._ZN3vex6device5valueEv
                0x0380579c        0x8 C:\Program Files (x86)\VEX Robotics\VEXcode Pro V5\sdk/vexv5\libv5rt.a(vex_device.cpp.obj)
                0x0380579c                vex::device::value()
 .text._ZN3vex6deviceD0Ev
                0x038057a4       0x14 C:\Program Files (x86)\VEX Robotics\VEXcode Pro V5\sdk/vexv5\libv5rt.a(vex_device.cpp.obj)
                0x038057a4                vex::device::~device()
 .text._ZN3vex6device4initEl
                0x038057b8       0x30 C:\Program Files (x86)\VEX Robotics\VEXcode Pro V5\sdk/vexv5\libv5rt.a(vex_device.cpp.obj)
                0x038057b8                vex::device::init(long)
 .text._ZN3vex6deviceC2El
                0x038057e8       0x20 C:\Program Files (x86)\VEX Robotics\VEXcode Pro V5\sdk/vexv5\libv5rt.a(vex_device.cpp.obj)
                0x038057e8                vex::device::device(long)
                0x038057e8                vex::device::device(long)
 .text._ZN3vex6device4typeEv
                0x03805808       0x10 C:\Program Files (x86)\VEX Robotics\VEXcode Pro V5\sdk/vexv5\libv5rt.a(vex_device.cpp.obj)
                0x03805808                vex::device::type()
 .text._ZN3vex6device9installedEv
                0x03805818       0x14 C:\Program Files (x86)\VEX Robotics\VEXcode Pro V5\sdk/vexv5\libv5rt.a(vex_device.cpp.obj)
                0x03805818                vex::device::installed()
 .text.__libc_fini_array
                0x0380582c       0x30 C:\Program Files (x86)\VEX Robotics\VEXcode Pro V5\sdk/vexv5/gcc/libs\libc.a(lib_a-fini.o)
                0x0380582c                __libc_fini_array
 .text.__libc_init_array
                0x0380585c       0x58 C:\Program Files (x86)\VEX Robotics\VEXcode Pro V5\sdk/vexv5/gcc/libs\libc.a(lib_a-init.o)
                0x0380585c                __libc_init_array
 *fill*         0x038058b4        0x4 
 .text.__libc_init_array.__stub
                0x038058b8       0x20 linker stubs
 *(.gnu.linkonce.t.*)
 *(.plt)
 *(.gnu_warning)
 *(.gcc_except_table)
 *(.glue_7)
 .glue_7        0x00000000        0x0 linker stubs
 *(.glue_7t)
 .glue_7t       0x00000000        0x0 linker stubs
 *(.vfp11_veneer)
 .vfp11_veneer  0x00000000        0x0 linker stubs
 *(.ARM.extab)
 *(.gnu.linkonce.armextab.*)

.v4_bx          0x038058d8        0x0
 .v4_bx         0x00000000        0x0 linker stubs

.iplt           0x038058d8        0x0
 .iplt          0x00000000        0x0 build/src/main.o

.init
 *(.init)

.fini
 *(.fini)

.rodata         0x038058d8      0x234
                0x038058d8                __rodata_start = .
 *(.rodata)
 *(.rodata.*)
 .rodata.str1.1
                0x038058d8       0x11 build/src/main.o
 .rodata.str1.1
                0x038058e9       0x2e C:\Program Files (x86)\VEX Robotics\VEXcode Pro V5\sdk/vexv5\libv5rt.a(v5_startup.c.obj)
 *fill*         0x03805917        0x1 
 .rodata._ZN3vex3fwdE
                0x03805918        0x4 C:\Program Files (x86)\VEX Robotics\VEXcode Pro V5\sdk/vexv5\libv5rt.a(vex_global.cpp.obj)
                0x03805918                vex::fwd
 .rodata._ZN3vex5PORT3E
                0x0380591c        0x4 C:\Program Files (x86)\VEX Robotics\VEXcode Pro V5\sdk/vexv5\libv5rt.a(vex_global.cpp.obj)
                0x0380591c                vex::PORT3
 .rodata._ZN3vex5PORT1E
                0x03805920        0x4 C:\Program Files (x86)\VEX Robotics\VEXcode Pro V5\sdk/vexv5\libv5rt.a(vex_global.cpp.obj)
                0x03805920                vex::PORT1
 .rodata._ZN3vex7reverseE
                0x03805924        0x4 C:\Program Files (x86)\VEX Robotics\VEXcode Pro V5\sdk/vexv5\libv5rt.a(vex_global.cpp.obj)
                0x03805924                vex::reverse
 .rodata._ZN3vex7forwardE
                0x03805928        0x4 C:\Program Files (x86)\VEX Robotics\VEXcode Pro V5\sdk/vexv5\libv5rt.a(vex_global.cpp.obj)
                0x03805928                vex::forward
 .rodata._ZN3vex6PORT14E
                0x0380592c        0x4 C:\Program Files (x86)\VEX Robotics\VEXcode Pro V5\sdk/vexv5\libv5rt.a(vex_global.cpp.obj)
                0x0380592c                vex::PORT14
 .rodata._ZN3vex3pctE
                0x03805930        0x4 C:\Program Files (x86)\VEX Robotics\VEXcode Pro V5\sdk/vexv5\libv5rt.a(vex_global.cpp.obj)
                0x03805930                vex::pct
 .rodata._ZN3vex5blackE
                0x03805934        0x4 C:\Program Files (x86)\VEX Robotics\VEXcode Pro V5\sdk/vexv5\libv5rt.a(vex_global.cpp.obj)
                0x03805934                vex::black
 .rodata._ZN3vex4msecE
                0x03805938        0x4 C:\Program Files (x86)\VEX Robotics\VEXcode Pro V5\sdk/vexv5\libv5rt.a(vex_global.cpp.obj)
                0x03805938                vex::msec
 .rodata._ZN3vex9ratio36_1E
                0x0380593c        0x4 C:\Program Files (x86)\VEX Robotics\VEXcode Pro V5\sdk/vexv5\libv5rt.a(vex_global.cpp.obj)
                0x0380593c                vex::ratio36_1
 .rodata._ZN3vex5PORT9E
                0x03805940        0x4 C:\Program Files (x86)\VEX Robotics\VEXcode Pro V5\sdk/vexv5\libv5rt.a(vex_global.cpp.obj)
                0x03805940                vex::PORT9
 .rodata._ZN3vex6PORT21E
                0x03805944        0x4 C:\Program Files (x86)\VEX Robotics\VEXcode Pro V5\sdk/vexv5\libv5rt.a(vex_global.cpp.obj)
                0x03805944                vex::PORT21
 .rodata._ZN3vex5PORT2E
                0x03805948        0x4 C:\Program Files (x86)\VEX Robotics\VEXcode Pro V5\sdk/vexv5\libv5rt.a(vex_global.cpp.obj)
                0x03805948                vex::PORT2
 .rodata._ZN3vex3rpmE
                0x0380594c        0x4 C:\Program Files (x86)\VEX Robotics\VEXcode Pro V5\sdk/vexv5\libv5rt.a(vex_global.cpp.obj)
                0x0380594c                vex::rpm
 .rodata._ZN3vex6PORT11E
                0x03805950        0x4 C:\Program Files (x86)\VEX Robotics\VEXcode Pro V5\sdk/vexv5\libv5rt.a(vex_global.cpp.obj)
                0x03805950                vex::PORT11
 .rodata._ZN3vex5PORT6E
                0x03805954        0x4 C:\Program Files (x86)\VEX Robotics\VEXcode Pro V5\sdk/vexv5\libv5rt.a(vex_global.cpp.obj)
                0x03805954                vex::PORT6
 .rodata._ZN3vex3degE
                0x03805958        0x4 C:\Program Files (x86)\VEX Robotics\VEXcode Pro V5\sdk/vexv5\libv5rt.a(vex_global.cpp.obj)
                0x03805958                vex::deg
 .rodata._ZN3vex6PORT19E
                0x0380595c        0x4 C:\Program Files (x86)\VEX Robotics\VEXcode Pro V5\sdk/vexv5\libv5rt.a(vex_global.cpp.obj)
                0x0380595c                vex::PORT19
 .rodata._ZN3vex7degreesE
                0x03805960        0x4 C:\Program Files (x86)\VEX Robotics\VEXcode Pro V5\sdk/vexv5\libv5rt.a(vex_global.cpp.obj)
                0x03805960                vex::degrees
 .rodata._ZN3vex6PORT22E
                0x03805964        0x4 C:\Program Files (x86)\VEX Robotics\VEXcode Pro V5\sdk/vexv5\libv5rt.a(vex_global.cpp.obj)
                0x03805964                vex::PORT22
 .rodata._ZN3vex4holdE
                0x03805968        0x4 C:\Program Files (x86)\VEX Robotics\VEXcode Pro V5\sdk/vexv5\libv5rt.a(vex_global.cpp.obj)
                0x03805968                vex::hold
 .rodata._ZN3vex6PORT12E
                0x0380596c        0x4 C:\Program Files (x86)\VEX Robotics\VEXcode Pro V5\sdk/vexv5\libv5rt.a(vex_global.cpp.obj)
                0x0380596c                vex::PORT12
 .rodata._ZN3vex5PORT7E
                0x03805970        0x4 C:\Program Files (x86)\VEX Robotics\VEXcode Pro V5\sdk/vexv5\libv5rt.a(vex_global.cpp.obj)
                0x03805970                vex::PORT7
 .rodata._ZN3vex6PORT16E
                0x03805974        0x4 C:\Program Files (x86)\VEX Robotics\VEXcode Pro V5\sdk/vexv5\libv5rt.a(vex_global.cpp.obj)
                0x03805974                vex::PORT16
 .rodata._ZN3vex8ratio6_1E
                0x03805978        0x4 C:\Program Files (x86)\VEX Robotics\VEXcode Pro V5\sdk/vexv5\libv5rt.a(vex_global.cpp.obj)
                0x03805978                vex::ratio6_1
 .rodata._ZN3vex2mmE
                0x0380597c        0x4 C:\Program Files (x86)\VEX Robotics\VEXcode Pro V5\sdk/vexv5\libv5rt.a(vex_global.cpp.obj)
                0x0380597c                vex::mm
 .rodata._ZN3vex5coastE
                0x03805980        0x4 C:\Program Files (x86)\VEX Robotics\VEXcode Pro V5\sdk/vexv5\libv5rt.a(vex_global.cpp.obj)
                0x03805980                vex::coast
 .rodata._ZN3vex6PORT13E
                0x03805984        0x4 C:\Program Files (x86)\VEX Robotics\VEXcode Pro V5\sdk/vexv5\libv5rt.a(vex_global.cpp.obj)
                0x03805984                vex::PORT13
 .rodata._ZTVN3vex5motorE
                0x03805988       0x18 C:\Program Files (x86)\VEX Robotics\VEXcode Pro V5\sdk/vexv5\libv5rt.a(vex_motor.cpp.obj)
                0x03805988                vtable for vex::motor
 .rodata._ZTVN3vex8inertialE
                0x038059a0       0x68 C:\Program Files (x86)\VEX Robotics\VEXcode Pro V5\sdk/vexv5\libv5rt.a(vex_imu.cpp.obj)
                0x038059a0                vtable for vex::inertial
 .rodata._ZTVN3vex8rotationE
                0x03805a08       0x18 C:\Program Files (x86)\VEX Robotics\VEXcode Pro V5\sdk/vexv5\libv5rt.a(vex_rotation.cpp.obj)
                0x03805a08                vtable for vex::rotation
 .rodata._ZTVN3vex8distanceE
                0x03805a20       0x18 C:\Program Files (x86)\VEX Robotics\VEXcode Pro V5\sdk/vexv5\libv5rt.a(vex_distance.cpp.obj)
                0x03805a20                vtable for vex::distance
 .rodata.str1.1
                0x03805a38       0x1f C:\Program Files (x86)\VEX Robotics\VEXcode Pro V5\sdk/vexv5\libv5rt.a(vex_controller.cpp.obj)
                                 0x20 (size before relaxing)
 .rodata.CSWTCH.16
                0x03805a57        0xb C:\Program Files (x86)\VEX Robotics\VEXcode Pro V5\sdk/vexv5\libv5rt.a(vex_controller.cpp.obj)
 .rodata.CSWTCH.18
                0x03805a62        0xb C:\Program Files (x86)\VEX Robotics\VEXcode Pro V5\sdk/vexv5\libv5rt.a(vex_controller.cpp.obj)
 .rodata.CSWTCH.24
                0x03805a6d        0x3 C:\Program Files (x86)\VEX Robotics\VEXcode Pro V5\sdk/vexv5\libv5rt.a(vex_controller.cpp.obj)
 .rodata.str1.1
                0x03805a70       0x14 C:\Program Files (x86)\VEX Robotics\VEXcode Pro V5\sdk/vexv5\libv5rt.a(vex_task.cpp.obj)
 .rodata.str1.1
                0x03805a84       0x2d C:\Program Files (x86)\VEX Robotics\VEXcode Pro V5\sdk/vexv5\libv5rt.a(vex_brain.cpp.obj)
 .rodata.CSWTCH.36
                0x03805ab1       0x10 C:\Program Files (x86)\VEX Robotics\VEXcode Pro V5\sdk/vexv5\libv5rt.a(vex_triport.cpp.obj)
 *fill*         0x03805ac1        0x7 
 .rodata._ZTVN3vex7triportE
                0x03805ac8       0x18 C:\Program Files (x86)\VEX Robotics\VEXcode Pro V5\sdk/vexv5\libv5rt.a(vex_triport.cpp.obj)
                0x03805ac8                vtable for vex::triport
 .rodata.CSWTCH.31
                0x03805ae0        0xe C:\Program Files (x86)\VEX Robotics\VEXcode Pro V5\sdk/vexv5\libv5rt.a(vex_triport.cpp.obj)
 *fill*         0x03805aee        0x2 
 .rodata._ZTVN3vex6deviceE
                0x03805af0       0x18 C:\Program Files (x86)\VEX Robotics\VEXcode Pro V5\sdk/vexv5\libv5rt.a(vex_device.cpp.obj)
                0x03805af0                vtable for vex::device
 .rodata.str1.4
                0x03805b08        0x4 C:\Program Files (x86)\VEX Robotics\VEXcode Pro V5\sdk/vexv5/gcc/libs\libc.a(lib_a-impure.o)
                                  0x2 (size before relaxing)
 *(.gnu.linkonce.r.*)
                0x03805b0c                __rodata_end = .

.rodata1        0x03805b0c        0x0
                0x03805b0c                __rodata1_start = .
 *(.rodata1)
 *(.rodata1.*)
                0x03805b0c                __rodata1_end = .

.sdata2         0x03805b0c        0x0
                0x03805b0c                __sdata2_start = .
 *(.sdata2)
 *(.sdata2.*)
 *(.gnu.linkonce.s2.*)
                0x03805b0c                __sdata2_end = .

.sbss2          0x03805b0c        0x0
                0x03805b0c                __sbss2_start = .
 *(.sbss2)
 *(.sbss2.*)
 *(.gnu.linkonce.sb2.*)
                0x03805b0c                __sbss2_end = .

.data           0x03805b10      0x4b4
                0x03805b10                __data_start = .
 *(.data)
 *(.data.*)
 .data.turnkP   0x03805b10        0x8 build/src/main.o
                0x03805b10                turnkP
 .data.turnkF   0x03805b18        0x8 build/src/main.o
                0x03805b18                turnkF
 .data.tuckyLeftVar
                0x03805b20        0x8 build/src/main.o
                0x03805b20                tuckyLeftVar
 .data.tuckyRightVar
                0x03805b28        0x8 build/src/main.o
                0x03805b28                tuckyRightVar
 .data.maxLateralPower
                0x03805b30        0x8 build/src/main.o
                0x03805b30                maxLateralPower
 .data.maxLateralChange
                0x03805b38        0x8 build/src/main.o
                0x03805b38                maxLateralChange
 .data.enableDrivePID
                0x03805b40        0x1 build/src/main.o
                0x03805b40                enableDrivePID
 *fill*         0x03805b41        0x7 
 .data.KpMove   0x03805b48        0x8 build/src/main.o
                0x03805b48                KpMove
 .data.KdMove   0x03805b50        0x8 build/src/main.o
                0x03805b50                KdMove
 .data.maxMoveVoltage
                0x03805b58        0x8 build/src/main.o
                0x03805b58                maxMoveVoltage
 .data.enableDist
                0x03805b60        0x1 build/src/main.o
                0x03805b60                enableDist
 .data.enableOdom
                0x03805b61        0x1 build/src/main.o
                0x03805b61                enableOdom
 .data.autonCata
                0x03805b62        0x1 build/src/main.o
                0x03805b62                autonCata
 *fill*         0x03805b63        0x5 
 .data.shootDist
                0x03805b68        0x8 build/src/main.o
                0x03805b68                shootDist
 .data.indexerToggle
                0x03805b70        0x1 build/src/main.o
                0x03805b70                indexerToggle
 *fill*         0x03805b71        0x3 
 .data.initTurnSpeed
                0x03805b74        0x4 build/src/main.o
                0x03805b74                initTurnSpeed
 .data.initDriveSpeed
                0x03805b78        0x4 build/src/main.o
                0x03805b78                initDriveSpeed
 .data.reload   0x03805b7c        0x1 build/src/main.o
                0x03805b7c                reload
 *fill*         0x03805b7d        0x3 
 .data.b        0x03805b80        0x8 build/src/pure-pursuit.o
                0x03805b80                b
 .data.appRunning
                0x03805b88        0x4 C:\Program Files (x86)\VEX Robotics\VEXcode Pro V5\sdk/vexv5\libv5rt.a(v5_startup.c.obj)
                0x03805b88                appRunning
 .data.__yoff   0x03805b8c        0x4 C:\Program Files (x86)\VEX Robotics\VEXcode Pro V5\sdk/vexv5\libv5rt.a(v5_apijump.c.obj)
 .data._ZN3vex24__default_motor_velocityE
                0x03805b90        0x4 C:\Program Files (x86)\VEX Robotics\VEXcode Pro V5\sdk/vexv5\libv5rt.a(vex_motor.cpp.obj)
                0x03805b90                vex::__default_motor_velocity
 *fill*         0x03805b94        0x4 
 .data.impure_data
                0x03805b98      0x428 C:\Program Files (x86)\VEX Robotics\VEXcode Pro V5\sdk/vexv5/gcc/libs\libc.a(lib_a-impure.o)
 .data._impure_ptr
                0x03805fc0        0x4 C:\Program Files (x86)\VEX Robotics\VEXcode Pro V5\sdk/vexv5/gcc/libs\libc.a(lib_a-impure.o)
                0x03805fc0                _impure_ptr
 *(.gnu.linkonce.d.*)
 *(.jcr)
 *(.got)
 *(.got.plt)
                0x03805fc4                __data_end = .

.igot.plt       0x03805fc4        0x0
 .igot.plt      0x00000000        0x0 build/src/main.o

.data1          0x03805fc4        0x0
                0x03805fc4                __data1_start = .
 *(.data1)
 *(.data1.*)
                0x03805fc4                __data1_end = .

.got
 *(.got)

.ctors          0x03805fc4        0x0
                0x03805fc4                __CTOR_LIST__ = .
                0x03805fc4                ___CTORS_LIST___ = .
 *crtbegin.o(.ctors)
 *(EXCLUDE_FILE(*crtend.o) .ctors)
 *(SORT(.ctors.*))
 *(.ctors)
                0x03805fc4                __CTOR_END__ = .
                0x03805fc4                ___CTORS_END___ = .

.dtors          0x03805fc4        0x0
                0x03805fc4                __DTOR_LIST__ = .
                0x03805fc4                ___DTORS_LIST___ = .
 *crtbegin.o(.dtors)
 *(EXCLUDE_FILE(*crtend.o) .dtors)
 *(SORT(.dtors.*))
 *(.dtors)
                0x03805fc4                __DTOR_END__ = .
                0x03805fc4                ___DTORS_END___ = .

.fixup          0x03805fc4        0x0
                0x03805fc4                __fixup_start = .
 *(.fixup)
                0x03805fc4                __fixup_end = .

.eh_frame
 *(.eh_frame)

.eh_framehdr    0x03805fc4        0x0
                0x03805fc4                __eh_framehdr_start = .
 *(.eh_framehdr)
                0x03805fc4                __eh_framehdr_end = .

.gcc_except_table
 *(.gcc_except_table)

.mmu_tbl        0x03808000        0x0
                0x03808000                __mmu_tbl_start = .
 *(.mmu_tbl)
                0x03808000                __mmu_tbl_end = .

.ARM.exidx      0x03805fc4        0x8
                0x03805fc4                __exidx_start = .
 *(.ARM.exidx*)
 .ARM.exidx.text._Z10driveBrakeN3vex9brakeTypeE
                0x03805fc4        0x8 build/src/main.o
 .ARM.exidx.text._ZNSt6vectorIS_I9pathPointSaIS0_EESaIS2_EED2Ev
                0x03805fcc        0x0 build/src/main.o
                                  0x8 (size before relaxing)
 .ARM.exidx.text._Z9pre_autonv
                0x03805fcc        0x0 build/src/main.o
                                  0x8 (size before relaxing)
 .ARM.exidx.text._Z10getCurrLocv
                0x03805fcc        0x0 build/src/main.o
                                  0x8 (size before relaxing)
 .ARM.exidx.text._Z8drivePIDv
                0x03805fcc        0x0 build/src/main.o
                                  0x8 (size before relaxing)
 .ARM.exidx.text._Z4distdN3vex9brakeTypeE
                0x03805fcc        0x0 build/src/main.o
                                  0x8 (size before relaxing)
 .ARM.exidx.text._ZNSt6vectorI9pathPointSaIS0_EEC2ERKS2_
                0x03805fcc        0x0 build/src/main.o
                                  0x8 (size before relaxing)
 .ARM.exidx.text._Z7PIDTurnddbb
                0x03805fcc        0x0 build/src/main.o
                                  0x8 (size before relaxing)
 .ARM.exidx.text._Z4odomv
                0x03805fcc        0x0 build/src/main.o
                                  0x8 (size before relaxing)
 .ARM.exidx.text._Z8loadCatav
                0x03805fcc        0x0 build/src/main.o
                                  0x8 (size before relaxing)
 .ARM.exidx.text._Z10autonomousv
                0x03805fcc        0x0 build/src/main.o
                                  0x8 (size before relaxing)
 .ARM.exidx.text._Z8leftExpoN3vex13directionTypeEd
                0x03805fcc        0x0 build/src/main.o
                                  0x8 (size before relaxing)
 .ARM.exidx.text._Z9rightExpoN3vex13directionTypeEd
                0x03805fcc        0x0 build/src/main.o
                                  0x8 (size before relaxing)
 .ARM.exidx.text._Z11usercontrolv
                0x03805fcc        0x0 build/src/main.o
                                  0x8 (size before relaxing)
 .ARM.exidx.text.main
                0x03805fcc        0x0 build/src/main.o
                                  0x8 (size before relaxing)
 .ARM.exidx.text._ZNSt12_Vector_baseI9pathPointSaIS0_EE11_M_allocateEj
                0x03805fcc        0x0 build/src/main.o
                                  0x8 (size before relaxing)
 .ARM.exidx.text._ZNSt6vectorIS_I9pathPointSaIS0_EESaIS2_EE19_M_range_initializeIPKS2_EEvT_S8_St20forward_iterator_tag
                0x03805fcc        0x0 build/src/main.o
                                  0x8 (size before relaxing)
 .ARM.exidx.text._ZNSt12_Vector_baseISt6vectorI9pathPointSaIS1_EESaIS3_EE11_M_allocateEj
                0x03805fcc        0x0 build/src/main.o
                                  0x8 (size before relaxing)
 .ARM.exidx.text._GLOBAL__sub_I_main.cpp
                0x03805fcc        0x0 build/src/main.o
                                  0x8 (size before relaxing)
 .ARM.exidx.text._ZN3vex11motor_groupC2IJNS_5motorES2_EEERS2_DpRT_
                0x03805fcc        0x0 build/src/robot-config.o
                                  0x8 (size before relaxing)
 .ARM.exidx.text._Z11vexcodeInitv
                0x03805fcc        0x0 build/src/robot-config.o
                                  0x8 (size before relaxing)
 .ARM.exidx.text._GLOBAL__sub_I_robot_config.cpp
                0x03805fcc        0x0 build/src/robot-config.o
                                  0x8 (size before relaxing)
 .ARM.exidx.text._Z5pointdd
                0x03805fcc        0x0 build/src/pure-pursuit.o
                                  0x8 (size before relaxing)
 .ARM.exidx.text._Z5clampfff
                0x03805fcc        0x0 build/src/pure-pursuit.o
                                  0x8 (size before relaxing)
 .ARM.exidx.text._Z9distancePdddd
                0x03805fcc        0x0 build/src/pure-pursuit.o
                                  0x8 (size before relaxing)
 .ARM.exidx.text._Z7radiansd
                0x03805fcc        0x0 build/src/pure-pursuit.o
                                  0x8 (size before relaxing)
 .ARM.exidx.text._Z6degreed
                0x03805fcc        0x0 build/src/pure-pursuit.o
                                  0x8 (size before relaxing)
 .ARM.exidx.text._GLOBAL__sub_I_pure_pursuit.cpp
                0x03805fcc        0x0 build/src/pure-pursuit.o
                                  0x8 (size before relaxing)
 .ARM.exidx.text._GLOBAL__sub_I_auton_selector.cpp
                0x03805fcc        0x0 build/src/auton-selector.o
                                  0x8 (size before relaxing)
 *(.gnu.linkonce.armexidix.*.*)
                0x03805fcc                __exidx_end = .

.rel.dyn        0x03805fcc        0x0
 .rel.iplt      0x00000000        0x0 build/src/main.o

.preinit_array  0x03805fcc        0x0
                0x03805fcc                __preinit_array_start = .
 *(SORT(.preinit_array.*))
 *(.preinit_array)
                0x03805fcc                __preinit_array_end = .

.init_array     0x03805fcc       0x14
                0x03805fcc                __init_array_start = .
 *(SORT(.init_array.*))
 *(.init_array)
 .init_array    0x03805fcc        0x4 build/src/main.o
 .init_array    0x03805fd0        0x4 build/src/robot-config.o
 .init_array    0x03805fd4        0x4 build/src/pure-pursuit.o
 .init_array    0x03805fd8        0x4 build/src/auton-selector.o
 .init_array    0x03805fdc        0x4 C:\Program Files (x86)\VEX Robotics\VEXcode Pro V5\sdk/vexv5\libv5rt.a(vex_color.cpp.obj)
                0x03805fe0                __init_array_end = .

.fini_array     0x03805fe0        0x0
                0x03805fe0                __fini_array_start = .
 *(SORT(.fini_array.*))
 *(.fini_array)
                0x03805fe0                __fini_array_end = .

.ARM.attributes
                0x03805fe0       0x3c
                0x03805fe0                __ARM.attributes_start = .
 *(.ARM.attributes)
 .ARM.attributes
                0x03805fe0       0x3a build/src/main.o
 .ARM.attributes
                0x0380601a       0x3a build/src/robot-config.o
 .ARM.attributes
                0x03806054       0x3a build/src/pure-pursuit.o
 .ARM.attributes
                0x0380608e       0x3a build/src/auton-selector.o
 .ARM.attributes
                0x038060c8       0x35 C:\Program Files (x86)\VEX Robotics\VEXcode Pro V5\sdk/vexv5\libv5rt.a(v5_startup.c.obj)
 .ARM.attributes
                0x038060fd       0x35 C:\Program Files (x86)\VEX Robotics\VEXcode Pro V5\sdk/vexv5\libv5rt.a(v5_util.c.obj)
 .ARM.attributes
                0x03806132       0x35 C:\Program Files (x86)\VEX Robotics\VEXcode Pro V5\sdk/vexv5\libv5rt.a(v5_apijump.c.obj)
 .ARM.attributes
                0x03806167       0x35 C:\Program Files (x86)\VEX Robotics\VEXcode Pro V5\sdk/vexv5\libv5rt.a(v5_apiversions.c.obj)
 .ARM.attributes
                0x0380619c       0x35 C:\Program Files (x86)\VEX Robotics\VEXcode Pro V5\sdk/vexv5\libv5rt.a(vex_global.cpp.obj)
 .ARM.attributes
                0x038061d1       0x35 C:\Program Files (x86)\VEX Robotics\VEXcode Pro V5\sdk/vexv5\libv5rt.a(vex_motor.cpp.obj)
 .ARM.attributes
                0x03806206       0x35 C:\Program Files (x86)\VEX Robotics\VEXcode Pro V5\sdk/vexv5\libv5rt.a(vex_imu.cpp.obj)
 .ARM.attributes
                0x0380623b       0x35 C:\Program Files (x86)\VEX Robotics\VEXcode Pro V5\sdk/vexv5\libv5rt.a(vex_rotation.cpp.obj)
 .ARM.attributes
                0x03806270       0x35 C:\Program Files (x86)\VEX Robotics\VEXcode Pro V5\sdk/vexv5\libv5rt.a(vex_distance.cpp.obj)
 .ARM.attributes
                0x038062a5       0x35 C:\Program Files (x86)\VEX Robotics\VEXcode Pro V5\sdk/vexv5\libv5rt.a(vex_controller.cpp.obj)
 .ARM.attributes
                0x038062da       0x35 C:\Program Files (x86)\VEX Robotics\VEXcode Pro V5\sdk/vexv5\libv5rt.a(vex_task.cpp.obj)
 .ARM.attributes
                0x0380630f       0x35 C:\Program Files (x86)\VEX Robotics\VEXcode Pro V5\sdk/vexv5\libv5rt.a(vex_thread.cpp.obj)
 .ARM.attributes
                0x03806344       0x35 C:\Program Files (x86)\VEX Robotics\VEXcode Pro V5\sdk/vexv5\libv5rt.a(vex_event.cpp.obj)
 .ARM.attributes
                0x03806379       0x35 C:\Program Files (x86)\VEX Robotics\VEXcode Pro V5\sdk/vexv5\libv5rt.a(vex_mevent.cpp.obj)
 .ARM.attributes
                0x038063ae       0x35 C:\Program Files (x86)\VEX Robotics\VEXcode Pro V5\sdk/vexv5\libv5rt.a(vex_brain.cpp.obj)
 .ARM.attributes
                0x038063e3       0x35 C:\Program Files (x86)\VEX Robotics\VEXcode Pro V5\sdk/vexv5\libv5rt.a(vex_competition.cpp.obj)
 .ARM.attributes
                0x03806418       0x35 C:\Program Files (x86)\VEX Robotics\VEXcode Pro V5\sdk/vexv5\libv5rt.a(vex_triport.cpp.obj)
 .ARM.attributes
                0x0380644d       0x35 C:\Program Files (x86)\VEX Robotics\VEXcode Pro V5\sdk/vexv5\libv5rt.a(vex_color.cpp.obj)
 .ARM.attributes
                0x03806482       0x35 C:\Program Files (x86)\VEX Robotics\VEXcode Pro V5\sdk/vexv5\libv5rt.a(vex_timer.cpp.obj)
 .ARM.attributes
                0x038064b7       0x35 C:\Program Files (x86)\VEX Robotics\VEXcode Pro V5\sdk/vexv5\libv5rt.a(vex_motorgroup.cpp.obj)
 .ARM.attributes
                0x038064ec       0x35 C:\Program Files (x86)\VEX Robotics\VEXcode Pro V5\sdk/vexv5\libv5rt.a(v5_apiuser.c.obj)
 .ARM.attributes
                0x03806521       0x35 C:\Program Files (x86)\VEX Robotics\VEXcode Pro V5\sdk/vexv5\libv5rt.a(vex_device.cpp.obj)
 .ARM.attributes
                0x03806556       0x2b C:\Program Files (x86)\VEX Robotics\VEXcode Pro V5\sdk/vexv5/gcc/libs\libc.a(lib_a-fini.o)
 .ARM.attributes
                0x03806581       0x2b C:\Program Files (x86)\VEX Robotics\VEXcode Pro V5\sdk/vexv5/gcc/libs\libc.a(lib_a-impure.o)
 .ARM.attributes
                0x038065ac       0x2b C:\Program Files (x86)\VEX Robotics\VEXcode Pro V5\sdk/vexv5/gcc/libs\libc.a(lib_a-init.o)
                0x038065d7                __ARM.attributes_end = .

.sdata          0x03805fe0        0x0
                0x03805fe0                __sdata_start = .
 *(.sdata)
 *(.sdata.*)
 *(.gnu.linkonce.s.*)
                0x03805fe0                __sdata_end = .

.sbss           0x03805fe0        0x0
                0x03805fe0                __sbss_start = .
 *(.sbss)
 *(.sbss.*)
 *(.gnu.linkonce.sb.*)
                0x03805fe0                __sbss_end = .

.tdata          0x03805fe0        0x0
                0x03805fe0                __tdata_start = .
 *(.tdata)
 *(.tdata.*)
 *(.gnu.linkonce.td.*)
                0x03805fe0                __tdata_end = .

.tbss           0x03805fe0        0x0
                0x03805fe0                __tbss_start = .
 *(.tbss)
 *(.tbss.*)
 *(.gnu.linkonce.tb.*)
                0x03805fe0                __tbss_end = .

.bss            0x03805fe0      0x918
                0x03805fe0                __bss_start = .
 *(.bss)
 *(.bss.*)
 .bss._ZStL8__ioinit
                0x03805fe0        0x1 build/src/main.o
 *fill*         0x03805fe1        0x3 
 .bss.Competition
                0x03805fe4       0x28 build/src/main.o
                0x03805fe4                Competition